
> @rebasepro/cms@0.0.1 test /Users/francesco/rebase/packages/cms
> jest --passWithNoTests --passWithNoTests

PASS test/hooks/useTopLevelNavigation.test.tsx
PASS test/data_import/unflatten_objects.test.ts
PASS test/util/entity_actions.test.ts
PASS test/util/preview_size.test.ts
PASS test/hooks/navigation_utils.test.ts
PASS test/hooks/useResolvedCollections.test.tsx
  ● Console

    console.debug
      Collections have changed [ { id: 'test', name: 'Test Collection', path: 'test' } ]

      at src/hooks/navigation/useResolvedCollections.ts:93:29

    console.debug
      Collections have changed [ { id: 'dynamic', name: 'Dynamic', path: 'dynamic' } ]

      at src/hooks/navigation/useResolvedCollections.ts:93:29

    console.debug
      Collections have changed [ { id: 'test', name: 'Test', path: 'test' } ]

      at src/hooks/navigation/useResolvedCollections.ts:93:29

PASS test/form/validation.test.ts
FAIL test/util/navigation_utils.test.ts
  ● Console

    console.warn
      resolveCollectionPathIds: Path structure implies subcollections, but none found before segment starting with "orders" in original path "users/abc123/orders". Appending remaining original path.

      46 |         if (!currentCollections || currentCollections.length === 0) {
      47 |             // We have remaining path segments but no more collections to match against
    > 48 |             console.warn(`resolveCollectionPathIds: Path structure implies subcollections, but none found before segment starting with "${remainingPath}" in original path "${path}". Appending remaining original path.`);
         |                     ^
      49 |             resolvedPathParts.push(remainingPath);
      50 |             remainingPath = ""; // Stop processing
      51 |             break;

      at resolveCollectionPathIds (src/util/navigation_utils.ts:48:21)
      at Object.<anonymous> (test/util/navigation_utils.test.ts:180:48)

  ● getCollectionBySlugWithin › finds a subcollection by nested path

    expect(received).toBeDefined()

    Received: undefined

      237 |     it("finds a subcollection by nested path", () => {
      238 |         const result = getCollectionBySlugWithin("products/entity1/reviews", collections);
    > 239 |         expect(result).toBeDefined();
          |                        ^
      240 |         expect(result!.id).toBe("reviews");
      241 |     });
      242 |

      at Object.<anonymous> (test/util/navigation_utils.test.ts:239:24)

PASS test/util/previews.test.ts
PASS test/util/property_utils.test.ts
PASS test/util/resolutions.test.ts
PASS test/hooks/useResolvedViews.test.tsx
PASS test/hooks/useBuildNavigationStateController.test.tsx
  ● Console

    console.debug
      Collections have changed []

      at src/hooks/navigation/useResolvedCollections.ts:93:29

    console.debug
      Collections have changed []

      at src/hooks/navigation/useResolvedCollections.ts:93:29

    console.debug
      Collections have changed []

      at src/hooks/navigation/useResolvedCollections.ts:93:29

    console.debug
      Collections have changed []

      at src/hooks/navigation/useResolvedCollections.ts:93:29

    console.debug
      Collections have changed []

      at src/hooks/navigation/useResolvedCollections.ts:93:29

    console.error
      An update to TestComponent inside a test was not wrapped in act(...).
      
      When testing, code that causes React state updates should be wrapped into act(...):
      
      act(() => {
        /* fire events that update state */
      });
      /* assert on the output */
      
      This ensures that you're testing the behavior the user would see in the browser. Learn more at https://react.dev/link/wrap-tests-with-act

      100 |                 }
      101 |
    > 102 |                 setError(undefined);
          |                 ^
      103 |             } catch (e) {
      104 |                 if (!cancelled) {
      105 |                     console.error(e);

      at ../../node_modules/react-dom/cjs/react-dom-client.development.js:18758:19
      at runWithFiberInDEV (../../node_modules/react-dom/cjs/react-dom-client.development.js:874:13)
      at warnIfUpdatesNotWrappedWithActDEV (../../node_modules/react-dom/cjs/react-dom-client.development.js:18757:9)
      at scheduleUpdateOnFiber (../../node_modules/react-dom/cjs/react-dom-client.development.js:16409:11)
      at dispatchSetStateInternal (../../node_modules/react-dom/cjs/react-dom-client.development.js:9170:13)
      at dispatchSetState (../../node_modules/react-dom/cjs/react-dom-client.development.js:9127:7)
      at src/hooks/navigation/useResolvedCollections.ts:102:17

    console.error
      An update to TestComponent inside a test was not wrapped in act(...).
      
      When testing, code that causes React state updates should be wrapped into act(...):
      
      act(() => {
        /* fire events that update state */
      });
      /* assert on the output */
      
      This ensures that you're testing the behavior the user would see in the browser. Learn more at https://react.dev/link/wrap-tests-with-act

      108 |             } finally {
      109 |                 if (!cancelled) {
    > 110 |                     setLoading(false);
          |                     ^
      111 |                 }
      112 |             }
      113 |         })();

      at ../../node_modules/react-dom/cjs/react-dom-client.development.js:18758:19
      at runWithFiberInDEV (../../node_modules/react-dom/cjs/react-dom-client.development.js:874:13)
      at warnIfUpdatesNotWrappedWithActDEV (../../node_modules/react-dom/cjs/react-dom-client.development.js:18757:9)
      at scheduleUpdateOnFiber (../../node_modules/react-dom/cjs/react-dom-client.development.js:16409:11)
      at dispatchSetStateInternal (../../node_modules/react-dom/cjs/react-dom-client.development.js:9170:13)
      at dispatchSetState (../../node_modules/react-dom/cjs/react-dom-client.development.js:9127:7)
      at src/hooks/navigation/useResolvedCollections.ts:110:21

    console.error
      An update to TestComponent inside a test was not wrapped in act(...).
      
      When testing, code that causes React state updates should be wrapped into act(...):
      
      act(() => {
        /* fire events that update state */
      });
      /* assert on the output */
      
      This ensures that you're testing the behavior the user would see in the browser. Learn more at https://react.dev/link/wrap-tests-with-act

      163 |                 }
      164 |
    > 165 |                 setError(undefined);
          |                 ^
      166 |             } catch (e) {
      167 |                 if (!cancelled) {
      168 |                     console.error("Error resolving views:", e);

      at ../../node_modules/react-dom/cjs/react-dom-client.development.js:18758:19
      at runWithFiberInDEV (../../node_modules/react-dom/cjs/react-dom-client.development.js:874:13)
      at warnIfUpdatesNotWrappedWithActDEV (../../node_modules/react-dom/cjs/react-dom-client.development.js:18757:9)
      at scheduleUpdateOnFiber (../../node_modules/react-dom/cjs/react-dom-client.development.js:16409:11)
      at dispatchSetStateInternal (../../node_modules/react-dom/cjs/react-dom-client.development.js:9170:13)
      at dispatchSetState (../../node_modules/react-dom/cjs/react-dom-client.development.js:9127:7)
      at src/hooks/navigation/useResolvedViews.tsx:165:17

    console.error
      An update to TestComponent inside a test was not wrapped in act(...).
      
      When testing, code that causes React state updates should be wrapped into act(...):
      
      act(() => {
        /* fire events that update state */
      });
      /* assert on the output */
      
      This ensures that you're testing the behavior the user would see in the browser. Learn more at https://react.dev/link/wrap-tests-with-act

      171 |             } finally {
      172 |                 if (!cancelled) {
    > 173 |                     setLoading(false);
          |                     ^
      174 |                 }
      175 |             }
      176 |         })();

      at ../../node_modules/react-dom/cjs/react-dom-client.development.js:18758:19
      at runWithFiberInDEV (../../node_modules/react-dom/cjs/react-dom-client.development.js:874:13)
      at warnIfUpdatesNotWrappedWithActDEV (../../node_modules/react-dom/cjs/react-dom-client.development.js:18757:9)
      at scheduleUpdateOnFiber (../../node_modules/react-dom/cjs/react-dom-client.development.js:16409:11)
      at dispatchSetStateInternal (../../node_modules/react-dom/cjs/react-dom-client.development.js:9170:13)
      at dispatchSetState (../../node_modules/react-dom/cjs/react-dom-client.development.js:9127:7)
      at src/hooks/navigation/useResolvedViews.tsx:173:21


Test Suites: 1 failed, 12 passed, 13 total
Tests:       1 failed, 223 passed, 224 total
Snapshots:   0 total
Time:        2.512 s, estimated 3 s
Ran all test suites.
 ELIFECYCLE  Test failed. See above for more details.
