Scope: 29 of 30 workspace projects
packages/formex test$ jest --passWithNoTests
packages/types test$ jest --passWithNoTests
packages/types test: No tests found, exiting with code 0
packages/types test: Done
packages/formex test: PASS test/getIn.test.ts
packages/formex test: PASS test/utils.test.ts
packages/formex test: PASS test/setIn.test.ts
packages/formex test: Test Suites: 3 passed, 3 total
packages/formex test: Tests:       36 passed, 36 total
packages/formex test: Snapshots:   0 total
packages/formex test: Time:        0.244 s, estimated 1 s
packages/formex test: Ran all test suites.
packages/formex test: Done
packages/ui test$ jest --passWithNoTests
packages/utils test$ jest --passWithNoTests
packages/utils test: PASS test/objects.test.ts
packages/utils test: PASS test/fields.test.ts
packages/utils test: PASS test/strings.test.ts
packages/utils test: PASS test/plurals.test.ts
packages/utils test: PASS test/arrays.test.ts
packages/utils test: PASS test/names.test.ts
packages/utils test: PASS test/regexp.test.ts
packages/utils test: PASS test/hash.test.ts
packages/utils test: PASS test/flatten_object.test.ts
packages/utils test: Test Suites: 9 passed, 9 total
packages/utils test: Tests:       101 passed, 101 total
packages/utils test: Snapshots:   0 total
packages/utils test: Time:        0.35 s, estimated 1 s
packages/utils test: Ran all test suites.
packages/utils test: Done
packages/ui test:   console.log
packages/ui test:     Initial render count: 10
packages/ui test:       at Object.<anonymous> (src/components/VirtualTable/VirtualTable.performance.test.tsx:76:17)
packages/ui test:   console.log
packages/ui test:     After resize render count: 10
packages/ui test:       at Object.<anonymous> (src/components/VirtualTable/VirtualTable.performance.test.tsx:92:17)
packages/ui test: PASS src/components/VirtualTable/VirtualTable.performance.test.tsx
packages/ui test:   VirtualTable Performance
packages/ui test:     ✓ does not re-render rows when VirtualTable re-renders but data is unchanged (35 ms)
packages/ui test: Test Suites: 1 passed, 1 total
packages/ui test: Tests:       1 passed, 1 total
packages/ui test: Snapshots:   0 total
packages/ui test: Time:        0.573 s, estimated 1 s
packages/ui test: Ran all test suites.
packages/ui test: Done
packages/client test$ jest --passWithNoTests --forceExit
packages/common test$ jest --passWithNoTests
packages/common test: PASS test/collection_registry_relations.test.ts
packages/common test: PASS test/entities.test.ts
packages/client test: (node:55741) Warning: `--localstorage-file` was provided without a valid path
packages/client test: (Use `node --trace-warnings ...` to show where the warning was created)
packages/client test: PASS test/relations.test.ts
packages/common test: PASS src/util/permissions.test.ts
packages/common test: PASS test/conditions.test.ts
packages/common test: PASS test/relations.test.ts
packages/common test: PASS test/enums.test.ts
packages/client test: PASS test/websocket.test.ts
packages/common test: PASS test/permissions.test.ts
packages/common test: PASS test/collection_registry.test.ts
packages/client test: PASS test/auth.test.ts
packages/common test: PASS test/storage.test.ts
packages/common test:   ● Console
packages/common test:     console.warn
packages/common test:       Storage callback returned empty result. Using default name value
packages/common test:       37 |         });
packages/common test:       38 |         if (!result)
packages/common test:     > 39 |             console.warn("Storage callback returned empty result. Using default name value")
packages/common test:          |                     ^
packages/common test:       40 |     } else {
packages/common test:       41 |         result = replacePlaceholders({
packages/common test:       42 |             file,
packages/common test:       at resolveStorageFilenameString (src/util/storage.ts:39:21)
packages/common test:       at Object.<anonymous> (test/storage.test.ts:141:28)
packages/common test: PASS test/buildRebaseData.test.ts
packages/client test: PASS test/index.test.ts
packages/common test: PASS test/normalize_entity_relation.test.ts
packages/common test: PASS test/resolutions.test.ts
packages/client test: PASS test/transport.test.ts
packages/common test: PASS test/navigation_utils.test.ts
packages/common test: PASS test/navigation_from_path.test.ts
packages/client test: PASS test/collection.test.ts
packages/common test: PASS test/relation-factory.test.ts
packages/common test: PASS test/paths.test.ts
packages/common test: Test Suites: 16 passed, 16 total
packages/common test: Tests:       326 passed, 326 total
packages/common test: Snapshots:   0 total
packages/common test: Time:        0.522 s, estimated 1 s
packages/common test: Ran all test suites.
packages/client test: PASS test/storage.test.ts
packages/client test: PASS test/query_builder.test.ts
packages/client test: PASS test/admin.test.ts
packages/client test: PASS src/cron.test.ts
packages/client test: Test Suites: 10 passed, 10 total
packages/client test: Tests:       484 passed, 484 total
packages/client test: Snapshots:   0 total
packages/client test: Time:        0.578 s, estimated 1 s
packages/client test: Ran all test suites.
packages/client test: Force exiting Jest: Have you considered using `--detectOpenHandles` to detect async operations that kept running after all tests finished?
packages/client test: Done
packages/common test: Done
packages/client-postgresql test$ jest --passWithNoTests
packages/core test$ jest --passWithNoTests
packages/sdk-generator test$ jest --config jest.config.cjs
packages/server-core test$ jest --passWithNoTests
packages/client-postgresql test: No tests found, exiting with code 0
packages/client-postgresql test: Done
packages/core test: PASS test/entity_reference_integration.test.ts
packages/core test: PASS test/date_conversion.test.ts
packages/core test: PASS test/save.test.ts
packages/core test: PASS test/components/useBoardDataController.test.ts
packages/core test: Test Suites: 4 passed, 4 total
packages/core test: Tests:       41 passed, 41 total
packages/core test: Snapshots:   0 total
packages/core test: Time:        0.693 s, estimated 1 s
packages/core test: Ran all test suites.
packages/core test: Done
packages/server-core test: PASS test/jwt.test.ts
packages/server-core test:   ● Console
packages/server-core test:     console.error
packages/server-core test:       [JWT] Verification failed: JsonWebTokenError {
packages/server-core test:         name: 'JsonWebTokenError',
packages/server-core test:         message: 'jwt malformed'
packages/server-core test:       } Token start: invalid-token
packages/server-core test:       135 |         };
packages/server-core test:       136 |     } catch (error) {
packages/server-core test:     > 137 |         console.error("[JWT] Verification failed:", error, "Token start:", token.substring(0, 15));
packages/server-core test:           |                 ^
packages/server-core test:       138 |         return null;
packages/server-core test:       139 |     }
packages/server-core test:       140 | }
packages/server-core test:       at verifyAccessToken (src/auth/jwt.ts:137:17)
packages/server-core test:       at Object.<anonymous> (test/jwt.test.ts:81:46)
packages/server-core test:     console.error
packages/server-core test:       [JWT] Verification failed: JsonWebTokenError {
packages/server-core test:         name: 'JsonWebTokenError',
packages/server-core test:         message: 'invalid signature'
packages/server-core test:       } Token start: eyJhbGciOiJIUzI
packages/server-core test:       135 |         };
packages/server-core test:       136 |     } catch (error) {
packages/server-core test:     > 137 |         console.error("[JWT] Verification failed:", error, "Token start:", token.substring(0, 15));
packages/server-core test:           |                 ^
packages/server-core test:       138 |         return null;
packages/server-core test:       139 |     }
packages/server-core test:       140 | }
packages/server-core test:       at verifyAccessToken (src/auth/jwt.ts:137:17)
packages/server-core test:       at Object.<anonymous> (test/jwt.test.ts:88:46)
packages/server-core test:     console.error
packages/server-core test:       [JWT] Verification failed: JsonWebTokenError {
packages/server-core test:         name: 'JsonWebTokenError',
packages/server-core test:         message: 'jwt malformed'
packages/server-core test:       } Token start: not.a.valid.jwt
packages/server-core test:       135 |         };
packages/server-core test:       136 |     } catch (error) {
packages/server-core test:     > 137 |         console.error("[JWT] Verification failed:", error, "Token start:", token.substring(0, 15));
packages/server-core test:           |                 ^
packages/server-core test:       138 |         return null;
packages/server-core test:       139 |     }
packages/server-core test:       140 | }
packages/server-core test:       at verifyAccessToken (src/auth/jwt.ts:137:17)
packages/server-core test:       at Object.<anonymous> (test/jwt.test.ts:93:46)
packages/server-core test: PASS test/middleware.test.ts
packages/server-core test:   ● Console
packages/server-core test:     console.error
packages/server-core test:       [JWT] Verification failed: JsonWebTokenError {
packages/server-core test:         name: 'JsonWebTokenError',
packages/server-core test:         message: 'jwt malformed'
packages/server-core test:       } Token start: invalid-token
packages/server-core test:       135 |         };
packages/server-core test:       136 |     } catch (error) {
packages/server-core test:     > 137 |         console.error("[JWT] Verification failed:", error, "Token start:", token.substring(0, 15));
packages/server-core test:           |                 ^
packages/server-core test:       138 |         return null;
packages/server-core test:       139 |     }
packages/server-core test:       140 | }
packages/server-core test:       at verifyAccessToken (src/auth/jwt.ts:137:17)
packages/server-core test:       at requireAuth (src/auth/middleware.ts:70:38)
packages/server-core test:       at Object.<anonymous> (test/middleware.test.ts:101:30)
packages/server-core test:     console.error
packages/server-core test:       [JWT] Verification failed: JsonWebTokenError {
packages/server-core test:         name: 'JsonWebTokenError',
packages/server-core test:         message: 'invalid signature'
packages/server-core test:       } Token start: eyJhbGciOiJIUzI
packages/server-core test:       135 |         };
packages/server-core test:       136 |     } catch (error) {
packages/server-core test:     > 137 |         console.error("[JWT] Verification failed:", error, "Token start:", token.substring(0, 15));
packages/server-core test:           |                 ^
packages/server-core test:       138 |         return null;
packages/server-core test:       139 |     }
packages/server-core test:       140 | }
packages/server-core test:       at verifyAccessToken (src/auth/jwt.ts:137:17)
packages/server-core test:       at requireAuth (src/auth/middleware.ts:70:38)
packages/server-core test:       at Object.<anonymous> (test/middleware.test.ts:118:30)
packages/server-core test:     console.error
packages/server-core test:       [JWT] Verification failed: JsonWebTokenError {
packages/server-core test:         name: 'JsonWebTokenError',
packages/server-core test:         message: 'jwt malformed'
packages/server-core test:       } Token start: invalid-token
packages/server-core test:       135 |         };
packages/server-core test:       136 |     } catch (error) {
packages/server-core test:     > 137 |         console.error("[JWT] Verification failed:", error, "Token start:", token.substring(0, 15));
packages/server-core test:           |                 ^
packages/server-core test:       138 |         return null;
packages/server-core test:       139 |     }
packages/server-core test:       140 | }
packages/server-core test:       at verifyAccessToken (src/auth/jwt.ts:137:17)
packages/server-core test:       at optionalAuth (src/auth/middleware.ts:189:42)
packages/server-core test:       at Object.<anonymous> (test/middleware.test.ts:178:31)
packages/server-core test:     console.error
packages/server-core test:       [JWT] Verification failed: JsonWebTokenError {
packages/server-core test:         name: 'JsonWebTokenError',
packages/server-core test:         message: 'jwt malformed'
packages/server-core test:       } Token start: invalid-token
packages/server-core test:       135 |         };
packages/server-core test:       136 |     } catch (error) {
packages/server-core test:     > 137 |         console.error("[JWT] Verification failed:", error, "Token start:", token.substring(0, 15));
packages/server-core test:           |                 ^
packages/server-core test:       138 |         return null;
packages/server-core test:       139 |     }
packages/server-core test:       140 | }
packages/server-core test:       at verifyAccessToken (src/auth/jwt.ts:137:17)
packages/server-core test:       at extractUserFromToken (src/auth/middleware.ts:202:29)
packages/server-core test:       at Object.<anonymous> (test/middleware.test.ts:281:49)
packages/server-core test:     console.error
packages/server-core test:       [JWT] Verification failed: JsonWebTokenError {
packages/server-core test:         name: 'JsonWebTokenError',
packages/server-core test:         message: 'jwt must be provided'
packages/server-core test:       } Token start:
packages/server-core test:       135 |         };
packages/server-core test:       136 |     } catch (error) {
packages/server-core test:     > 137 |         console.error("[JWT] Verification failed:", error, "Token start:", token.substring(0, 15));
packages/server-core test:           |                 ^
packages/server-core test:       138 |         return null;
packages/server-core test:       139 |     }
packages/server-core test:       140 | }
packages/server-core test:       at verifyAccessToken (src/auth/jwt.ts:137:17)
packages/server-core test:       at extractUserFromToken (src/auth/middleware.ts:202:29)
packages/server-core test:       at Object.<anonymous> (test/middleware.test.ts:286:49)
packages/server-core test: PASS test/api-generator.test.ts
packages/server-core test:   ● Console
packages/server-core test:     console.warn
packages/server-core test:       ⚠️ [API] GET /authors/123/posts/999 → 404 NOT_FOUND: Entity not found
packages/server-core test:       81 |     if (error instanceof ApiError || error.name === "ApiError") {
packages/server-core test:       82 |         // Operational errors — log at warn level
packages/server-core test:     > 83 |         console.warn(
packages/server-core test:          |                 ^
packages/server-core test:       84 |             `⚠️ [API] ${c.req.method} ${c.req.path} → ${error.statusCode} ${error.code}: ${error.message}`
packages/server-core test:       85 |         );
packages/server-core test:       86 |         return c.json({
packages/server-core test:       at Hono.errorHandler (src/api/errors.ts:83:17)
packages/server-core test:       at Hono.#handleError (../../node_modules/hono/dist/cjs/hono-base.js:289:19)
packages/server-core test:       at ../../node_modules/hono/dist/cjs/hono-base.js:317:41
packages/server-core test:       at Object.<anonymous> (test/api-generator.test.ts:456:25)
packages/server-core test:     console.warn
packages/server-core test:       ⚠️ [API] DELETE /authors/123/posts/456 → 404 NOT_FOUND: Entity not found
packages/server-core test:       81 |     if (error instanceof ApiError || error.name === "ApiError") {
packages/server-core test:       82 |         // Operational errors — log at warn level
packages/server-core test:     > 83 |         console.warn(
packages/server-core test:          |                 ^
packages/server-core test:       84 |             `⚠️ [API] ${c.req.method} ${c.req.path} → ${error.statusCode} ${error.code}: ${error.message}`
packages/server-core test:       85 |         );
packages/server-core test:       86 |         return c.json({
packages/server-core test:       at Hono.errorHandler (src/api/errors.ts:83:17)
packages/server-core test:       at Hono.#handleError (../../node_modules/hono/dist/cjs/hono-base.js:289:19)
packages/server-core test:       at ../../node_modules/hono/dist/cjs/hono-base.js:317:41
packages/server-core test:       at Object.<anonymous> (test/api-generator.test.ts:496:25)
packages/server-core test: PASS test/auth-middleware-hono.test.ts
packages/server-core test:   ● Console
packages/server-core test:     console.error
packages/server-core test:       [JWT] Verification failed: JsonWebTokenError {
packages/server-core test:         name: 'JsonWebTokenError',
packages/server-core test:         message: 'invalid token'
packages/server-core test:       } Token start: invalid.token.h
packages/server-core test:       135 |         };
packages/server-core test:       136 |     } catch (error) {
packages/server-core test:     > 137 |         console.error("[JWT] Verification failed:", error, "Token start:", token.substring(0, 15));
packages/server-core test:           |                 ^
packages/server-core test:       138 |         return null;
packages/server-core test:       139 |     }
packages/server-core test:       140 | }
packages/server-core test:       at verifyAccessToken (src/auth/jwt.ts:137:17)
packages/server-core test:       at requireAuth (src/auth/middleware.ts:70:38)
packages/server-core test:       at dispatch (../../node_modules/hono/dist/cjs/compose.js:43:23)
packages/server-core test:       at ../../node_modules/hono/dist/cjs/compose.js:26:12
packages/server-core test:       at ../../node_modules/hono/dist/cjs/hono-base.js:322:31
packages/server-core test:       at Hono.#dispatch (../../node_modules/hono/dist/cjs/hono-base.js:332:7)
packages/server-core test:       at Hono.fetch (../../node_modules/hono/dist/cjs/hono-base.js:346:26)
packages/server-core test:       at Hono.request (../../node_modules/hono/dist/cjs/hono-base.js:365:17)
packages/server-core test:       at Object.<anonymous> (test/auth-middleware-hono.test.ts:59:35)
packages/server-core test:     console.error
packages/server-core test:       [JWT] Verification failed: JsonWebTokenError {
packages/server-core test:         name: 'JsonWebTokenError',
packages/server-core test:         message: 'invalid token'
packages/server-core test:       } Token start: garbage.token.v
packages/server-core test:       135 |         };
packages/server-core test:       136 |     } catch (error) {
packages/server-core test:     > 137 |         console.error("[JWT] Verification failed:", error, "Token start:", token.substring(0, 15));
packages/server-core test:           |                 ^
packages/server-core test:       138 |         return null;
packages/server-core test:       139 |     }
packages/server-core test:       140 | }
packages/server-core test:       at verifyAccessToken (src/auth/jwt.ts:137:17)
packages/server-core test:       at optionalAuth (src/auth/middleware.ts:189:42)
packages/server-core test:       at dispatch (../../node_modules/hono/dist/cjs/compose.js:43:23)
packages/server-core test:       at ../../node_modules/hono/dist/cjs/compose.js:26:12
packages/server-core test:       at ../../node_modules/hono/dist/cjs/hono-base.js:322:31
packages/server-core test:       at Hono.#dispatch (../../node_modules/hono/dist/cjs/hono-base.js:332:7)
packages/server-core test:       at Hono.fetch (../../node_modules/hono/dist/cjs/hono-base.js:346:26)
packages/server-core test:       at Hono.request (../../node_modules/hono/dist/cjs/hono-base.js:365:17)
packages/server-core test:       at Object.<anonymous> (test/auth-middleware-hono.test.ts:173:35)
packages/server-core test:     console.error
packages/server-core test:       [JWT] Verification failed: JsonWebTokenError {
packages/server-core test:         name: 'JsonWebTokenError',
packages/server-core test:         message: 'invalid token'
packages/server-core test:       } Token start: invalid.garbage
packages/server-core test:       135 |         };
packages/server-core test:       136 |     } catch (error) {
packages/server-core test:     > 137 |         console.error("[JWT] Verification failed:", error, "Token start:", token.substring(0, 15));
packages/server-core test:           |                 ^
packages/server-core test:       138 |         return null;
packages/server-core test:       139 |     }
packages/server-core test:       140 | }
packages/server-core test:       at verifyAccessToken (src/auth/jwt.ts:137:17)
packages/server-core test:       at extractUserFromToken (src/auth/middleware.ts:202:29)
packages/server-core test:       at src/auth/middleware.ts:340:37
packages/server-core test:       at dispatch (../../node_modules/hono/dist/cjs/compose.js:43:23)
packages/server-core test:       at ../../node_modules/hono/dist/cjs/compose.js:26:12
packages/server-core test:       at ../../node_modules/hono/dist/cjs/hono-base.js:322:31
packages/server-core test:       at Hono.#dispatch (../../node_modules/hono/dist/cjs/hono-base.js:332:7)
packages/server-core test:       at Hono.fetch (../../node_modules/hono/dist/cjs/hono-base.js:346:26)
packages/server-core test:       at Hono.request (../../node_modules/hono/dist/cjs/hono-base.js:365:17)
packages/server-core test:       at Object.<anonymous> (test/auth-middleware-hono.test.ts:259:35)
packages/server-core test:     console.error
packages/server-core test:       [JWT] Verification failed: JsonWebTokenError {
packages/server-core test:         name: 'JsonWebTokenError',
packages/server-core test:         message: 'jwt malformed'
packages/server-core test:       } Token start: wrong-key-that-
packages/server-core test:       135 |         };
packages/server-core test:       136 |     } catch (error) {
packages/server-core test:     > 137 |         console.error("[JWT] Verification failed:", error, "Token start:", token.substring(0, 15));
packages/server-core test:           |                 ^
packages/server-core test:       138 |         return null;
packages/server-core test:       139 |     }
packages/server-core test:       140 | }
packages/server-core test:       at verifyAccessToken (src/auth/jwt.ts:137:17)
packages/server-core test:       at extractUserFromToken (src/auth/middleware.ts:202:29)
packages/server-core test:       at src/auth/middleware.ts:340:37
packages/server-core test:       at dispatch (../../node_modules/hono/dist/cjs/compose.js:43:23)
packages/server-core test:       at ../../node_modules/hono/dist/cjs/compose.js:26:12
packages/server-core test:       at ../../node_modules/hono/dist/cjs/hono-base.js:322:31
packages/server-core test:       at Hono.#dispatch (../../node_modules/hono/dist/cjs/hono-base.js:332:7)
packages/server-core test:       at Hono.fetch (../../node_modules/hono/dist/cjs/hono-base.js:346:26)
packages/server-core test:       at Hono.request (../../node_modules/hono/dist/cjs/hono-base.js:365:17)
packages/server-core test:       at Object.<anonymous> (test/auth-middleware-hono.test.ts:396:35)
packages/server-core test:     console.error
packages/server-core test:       [JWT] Verification failed: JsonWebTokenError {
packages/server-core test:         name: 'JsonWebTokenError',
packages/server-core test:         message: 'jwt malformed'
packages/server-core test:       } Token start: a-very-secure-s
packages/server-core test:       135 |         };
packages/server-core test:       136 |     } catch (error) {
packages/server-core test:     > 137 |         console.error("[JWT] Verification failed:", error, "Token start:", token.substring(0, 15));
packages/server-core test:           |                 ^
packages/server-core test:       138 |         return null;
packages/server-core test:       139 |     }
packages/server-core test:       140 | }
packages/server-core test:       at verifyAccessToken (src/auth/jwt.ts:137:17)
packages/server-core test:       at extractUserFromToken (src/auth/middleware.ts:202:29)
packages/server-core test:       at src/auth/middleware.ts:340:37
packages/server-core test:       at dispatch (../../node_modules/hono/dist/cjs/compose.js:43:23)
packages/server-core test:       at ../../node_modules/hono/dist/cjs/compose.js:26:12
packages/server-core test:       at ../../node_modules/hono/dist/cjs/hono-base.js:322:31
packages/server-core test:       at Hono.#dispatch (../../node_modules/hono/dist/cjs/hono-base.js:332:7)
packages/server-core test:       at Hono.fetch (../../node_modules/hono/dist/cjs/hono-base.js:346:26)
packages/server-core test:       at Hono.request (../../node_modules/hono/dist/cjs/hono-base.js:365:17)
packages/server-core test:       at Object.<anonymous> (test/auth-middleware-hono.test.ts:463:35)
packages/server-core test:     console.error
packages/server-core test:       [JWT] Verification failed: JsonWebTokenError {
packages/server-core test:         name: 'JsonWebTokenError',
packages/server-core test:         message: 'jwt malformed'
packages/server-core test:       } Token start: wrong-key
packages/server-core test:       135 |         };
packages/server-core test:       136 |     } catch (error) {
packages/server-core test:     > 137 |         console.error("[JWT] Verification failed:", error, "Token start:", token.substring(0, 15));
packages/server-core test:           |                 ^
packages/server-core test:       138 |         return null;
packages/server-core test:       139 |     }
packages/server-core test:       140 | }
packages/server-core test:       at verifyAccessToken (src/auth/jwt.ts:137:17)
packages/server-core test:       at src/auth/middleware.ts:123:42
packages/server-core test:       at dispatch (../../node_modules/hono/dist/cjs/compose.js:43:23)
packages/server-core test:       at ../../node_modules/hono/dist/cjs/compose.js:26:12
packages/server-core test:       at ../../node_modules/hono/dist/cjs/hono-base.js:322:31
packages/server-core test:       at Hono.#dispatch (../../node_modules/hono/dist/cjs/hono-base.js:332:7)
packages/server-core test:       at Hono.fetch (../../node_modules/hono/dist/cjs/hono-base.js:346:26)
packages/server-core test:       at Hono.request (../../node_modules/hono/dist/cjs/hono-base.js:365:17)
packages/server-core test:       at Object.<anonymous> (test/auth-middleware-hono.test.ts:507:35)
packages/server-core test: PASS test/errors.test.ts
packages/server-core test:   ● Console
packages/server-core test:     console.warn
packages/server-core test:       ⚠️ [API] GET /test → 404 NOT_FOUND: User not found
packages/server-core test:       81 |     if (error instanceof ApiError || error.name === "ApiError") {
packages/server-core test:       82 |         // Operational errors — log at warn level
packages/server-core test:     > 83 |         console.warn(
packages/server-core test:          |                 ^
packages/server-core test:       84 |             `⚠️ [API] ${c.req.method} ${c.req.path} → ${error.statusCode} ${error.code}: ${error.message}`
packages/server-core test:       85 |         );
packages/server-core test:       86 |         return c.json({
packages/server-core test:       at errorHandler (src/api/errors.ts:83:17)
packages/server-core test:       at Object.<anonymous> (test/errors.test.ts:100:21)
packages/server-core test:     console.warn
packages/server-core test:       ⚠️ [API] GET /test → 400 VALIDATION: Validation failed
packages/server-core test:       81 |     if (error instanceof ApiError || error.name === "ApiError") {
packages/server-core test:       82 |         // Operational errors — log at warn level
packages/server-core test:     > 83 |         console.warn(
packages/server-core test:          |                 ^
packages/server-core test:       84 |             `⚠️ [API] ${c.req.method} ${c.req.path} → ${error.statusCode} ${error.code}: ${error.message}`
packages/server-core test:       85 |         );
packages/server-core test:       86 |         return c.json({
packages/server-core test:       at errorHandler (src/api/errors.ts:83:17)
packages/server-core test:       at Object.<anonymous> (test/errors.test.ts:112:21)
packages/server-core test:     console.error
packages/server-core test:       ❌ [API] GET /test → 404 NOT_FOUND: Not found
packages/server-core test:       117 |
packages/server-core test:       118 |     // Unexpected errors — log at error level
packages/server-core test:     > 119 |     console.error(
packages/server-core test:           |             ^
packages/server-core test:       120 |         `❌ [API] ${c.req.method} ${c.req.path} → ${statusCode} ${code}: ${logMessage}`
packages/server-core test:       121 |     );
packages/server-core test:       122 |
packages/server-core test:       at errorHandler (src/api/errors.ts:119:13)
packages/server-core test:       at Object.<anonymous> (test/errors.test.ts:126:21)
packages/server-core test:     console.error
packages/server-core test:       Error: Not found
packages/server-core test:           at Object.<anonymous> (/Users/francesco/rebase/packages/server-core/test/errors.test.ts:125:35)
packages/server-core test:           at Promise.then.completed (/Users/francesco/rebase/node_modules/jest-circus/build/utils.js:298:28)
packages/server-core test:           at new Promise (<anonymous>)
packages/server-core test:           at callAsyncCircusFn (/Users/francesco/rebase/node_modules/jest-circus/build/utils.js:231:10)
packages/server-core test:           at _callCircusTest (/Users/francesco/rebase/node_modules/jest-circus/build/run.js:316:40)
packages/server-core test:           at processTicksAndRejections (node:internal/process/task_queues:104:5)
packages/server-core test:           at _runTest (/Users/francesco/rebase/node_modules/jest-circus/build/run.js:252:3)
packages/server-core test:           at _runTestsForDescribeBlock (/Users/francesco/rebase/node_modules/jest-circus/build/run.js:126:9)
packages/server-core test:           at _runTestsForDescribeBlock (/Users/francesco/rebase/node_modules/jest-circus/build/run.js:121:9)
packages/server-core test:           at run (/Users/francesco/rebase/node_modules/jest-circus/build/run.js:71:3)
packages/server-core test:           at runAndTransformResultsToJestFormat (/Users/francesco/rebase/node_modules/jest-circus/build/legacy-code-todo-rewrite/jestAdapterInit.js:122:21)
packages/server-core test:           at jestAdapter (/Users/francesco/rebase/node_modules/jest-circus/build/legacy-code-todo-rewrite/jestAdapter.js:79:19)
packages/server-core test:           at runTestInternal (/Users/francesco/rebase/node_modules/jest-runner/build/runTest.js:367:16)
packages/server-core test:           at runTest (/Users/francesco/rebase/node_modules/jest-runner/build/runTest.js:444:34)
packages/server-core test:           at Object.worker (/Users/francesco/rebase/node_modules/jest-runner/build/testWorker.js:106:12)
packages/server-core test:       125 |     const pgErrorCode = causePg?.code || error.code;
packages/server-core test:       126 |     if (pgErrorCode !== "42703" && pgErrorCode !== "42P01") {
packages/server-core test:     > 127 |         console.error(error.stack || error);
packages/server-core test:           |                 ^
packages/server-core test:       128 |     }
packages/server-core test:       129 |
packages/server-core test:       130 |     // Sanitize the message for the client to prevent leaking sensitive details
packages/server-core test:       at errorHandler (src/api/errors.ts:127:17)
packages/server-core test:       at Object.<anonymous> (test/errors.test.ts:126:21)
packages/server-core test:     console.error
packages/server-core test:       ❌ [API] GET /test → 500 INTERNAL_ERROR: Something broke
packages/server-core test:       117 |
packages/server-core test:       118 |     // Unexpected errors — log at error level
packages/server-core test:     > 119 |     console.error(
packages/server-core test:           |             ^
packages/server-core test:       120 |         `❌ [API] ${c.req.method} ${c.req.path} → ${statusCode} ${code}: ${logMessage}`
packages/server-core test:       121 |     );
packages/server-core test:       122 |
packages/server-core test:       at errorHandler (src/api/errors.ts:119:13)
packages/server-core test:       at Object.<anonymous> (test/errors.test.ts:138:21)
packages/server-core test:     console.error
packages/server-core test:       Error: Something broke
packages/server-core test:           at Object.<anonymous> (/Users/francesco/rebase/packages/server-core/test/errors.test.ts:137:21)
packages/server-core test:           at Promise.then.completed (/Users/francesco/rebase/node_modules/jest-circus/build/utils.js:298:28)
packages/server-core test:           at new Promise (<anonymous>)
packages/server-core test:           at callAsyncCircusFn (/Users/francesco/rebase/node_modules/jest-circus/build/utils.js:231:10)
packages/server-core test:           at _callCircusTest (/Users/francesco/rebase/node_modules/jest-circus/build/run.js:316:40)
packages/server-core test:           at processTicksAndRejections (node:internal/process/task_queues:104:5)
packages/server-core test:           at _runTest (/Users/francesco/rebase/node_modules/jest-circus/build/run.js:252:3)
packages/server-core test:           at _runTestsForDescribeBlock (/Users/francesco/rebase/node_modules/jest-circus/build/run.js:126:9)
packages/server-core test:           at _runTestsForDescribeBlock (/Users/francesco/rebase/node_modules/jest-circus/build/run.js:121:9)
packages/server-core test:           at run (/Users/francesco/rebase/node_modules/jest-circus/build/run.js:71:3)
packages/server-core test:           at runAndTransformResultsToJestFormat (/Users/francesco/rebase/node_modules/jest-circus/build/legacy-code-todo-rewrite/jestAdapterInit.js:122:21)
packages/server-core test:           at jestAdapter (/Users/francesco/rebase/node_modules/jest-circus/build/legacy-code-todo-rewrite/jestAdapter.js:79:19)
packages/server-core test:           at runTestInternal (/Users/francesco/rebase/node_modules/jest-runner/build/runTest.js:367:16)
packages/server-core test:           at runTest (/Users/francesco/rebase/node_modules/jest-runner/build/runTest.js:444:34)
packages/server-core test:           at Object.worker (/Users/francesco/rebase/node_modules/jest-runner/build/testWorker.js:106:12)
packages/server-core test:       125 |     const pgErrorCode = causePg?.code || error.code;
packages/server-core test:       126 |     if (pgErrorCode !== "42703" && pgErrorCode !== "42P01") {
packages/server-core test:     > 127 |         console.error(error.stack || error);
packages/server-core test:           |                 ^
packages/server-core test:       128 |     }
packages/server-core test:       129 |
packages/server-core test:       130 |     // Sanitize the message for the client to prevent leaking sensitive details
packages/server-core test:       at errorHandler (src/api/errors.ts:127:17)
packages/server-core test:       at Object.<anonymous> (test/errors.test.ts:138:21)
packages/server-core test:     console.error
packages/server-core test:       ❌ [API] GET /test → 429 RATE_LIMITED: Rate limited
packages/server-core test:       117 |
packages/server-core test:       118 |     // Unexpected errors — log at error level
packages/server-core test:     > 119 |     console.error(
packages/server-core test:           |             ^
packages/server-core test:       120 |         `❌ [API] ${c.req.method} ${c.req.path} → ${statusCode} ${code}: ${logMessage}`
packages/server-core test:       121 |     );
packages/server-core test:       122 |
packages/server-core test:       at errorHandler (src/api/errors.ts:119:13)
packages/server-core test:       at Object.<anonymous> (test/errors.test.ts:151:21)
packages/server-core test:     console.error
packages/server-core test:       Error: Rate limited
packages/server-core test:           at Object.<anonymous> (/Users/francesco/rebase/packages/server-core/test/errors.test.ts:149:35)
packages/server-core test:           at Promise.then.completed (/Users/francesco/rebase/node_modules/jest-circus/build/utils.js:298:28)
packages/server-core test:           at new Promise (<anonymous>)
packages/server-core test:           at callAsyncCircusFn (/Users/francesco/rebase/node_modules/jest-circus/build/utils.js:231:10)
packages/server-core test:           at _callCircusTest (/Users/francesco/rebase/node_modules/jest-circus/build/run.js:316:40)
packages/server-core test:           at processTicksAndRejections (node:internal/process/task_queues:104:5)
packages/server-core test:           at _runTest (/Users/francesco/rebase/node_modules/jest-circus/build/run.js:252:3)
packages/server-core test:           at _runTestsForDescribeBlock (/Users/francesco/rebase/node_modules/jest-circus/build/run.js:126:9)
packages/server-core test:           at _runTestsForDescribeBlock (/Users/francesco/rebase/node_modules/jest-circus/build/run.js:121:9)
packages/server-core test:           at run (/Users/francesco/rebase/node_modules/jest-circus/build/run.js:71:3)
packages/server-core test:           at runAndTransformResultsToJestFormat (/Users/francesco/rebase/node_modules/jest-circus/build/legacy-code-todo-rewrite/jestAdapterInit.js:122:21)
packages/server-core test:           at jestAdapter (/Users/francesco/rebase/node_modules/jest-circus/build/legacy-code-todo-rewrite/jestAdapter.js:79:19)
packages/server-core test:           at runTestInternal (/Users/francesco/rebase/node_modules/jest-runner/build/runTest.js:367:16)
packages/server-core test:           at runTest (/Users/francesco/rebase/node_modules/jest-runner/build/runTest.js:444:34)
packages/server-core test:           at Object.worker (/Users/francesco/rebase/node_modules/jest-runner/build/testWorker.js:106:12)
packages/server-core test:       125 |     const pgErrorCode = causePg?.code || error.code;
packages/server-core test:       126 |     if (pgErrorCode !== "42703" && pgErrorCode !== "42P01") {
packages/server-core test:     > 127 |         console.error(error.stack || error);
packages/server-core test:           |                 ^
packages/server-core test:       128 |     }
packages/server-core test:       129 |
packages/server-core test:       130 |     // Sanitize the message for the client to prevent leaking sensitive details
packages/server-core test:       at errorHandler (src/api/errors.ts:127:17)
packages/server-core test:       at Object.<anonymous> (test/errors.test.ts:151:21)
packages/server-core test: PASS test/storage-local.test.ts
packages/server-core test: PASS test/driver-registry.test.ts
packages/server-core test:   ● Console
packages/server-core test:     console.warn
packages/server-core test:       [DriverRegistry] Driver "anything" not found, falling back to "(default)"
packages/server-core test:       145 |
packages/server-core test:       146 |         // Fallback to default with warning
packages/server-core test:     > 147 |         console.warn(
packages/server-core test:           |                 ^
packages/server-core test:       148 |             `[DriverRegistry] Driver "${id}" not found, falling back to "${DEFAULT_DRIVER_ID}"`
packages/server-core test:       149 |         );
packages/server-core test:       150 |         return this.getDefault();
packages/server-core test:       at DefaultDriverRegistry.getOrDefault (src/services/driver-registry.ts:147:17)
packages/server-core test:       at test/driver-registry.test.ts:137:44
packages/server-core test:       at Object.<anonymous> (../../node_modules/expect/build/toThrowMatchers.js:74:11)
packages/server-core test:       at Object.throwingMatcher [as toThrow] (../../node_modules/expect/build/index.js:320:21)
packages/server-core test:       at Object.<anonymous> (test/driver-registry.test.ts:137:70)
packages/server-core test:     console.warn
packages/server-core test:       [DriverRegistry] No "(default)" driver provided. Using "key" as the default.
packages/server-core test:        96 |                 // If no explicit "(default)", use the first one as default
packages/server-core test:        97 |                 const firstId = Object.keys(input)[0];
packages/server-core test:     >  98 |                 console.warn(
packages/server-core test:           |                         ^
packages/server-core test:        99 |                     `[DriverRegistry] No "${DEFAULT_DRIVER_ID}" driver provided. ` +
packages/server-core test:       100 |                     `Using "${firstId}" as the default.`
packages/server-core test:       101 |                 );
packages/server-core test:       at DefaultDriverRegistry.create (src/services/driver-registry.ts:98:25)
packages/server-core test:       at Object.<anonymous> (test/driver-registry.test.ts:277:52)
packages/server-core test: PASS test/storage-routes.test.ts
packages/server-core test:   ● Console
packages/server-core test:     console.warn
packages/server-core test:       ⚠️ [API] GET /api/storage/metadata/default/nope/missing.txt → 404 NOT_FOUND: File not found
packages/server-core test:       81 |     if (error instanceof ApiError || error.name === "ApiError") {
packages/server-core test:       82 |         // Operational errors — log at warn level
packages/server-core test:     > 83 |         console.warn(
packages/server-core test:          |                 ^
packages/server-core test:       84 |             `⚠️ [API] ${c.req.method} ${c.req.path} → ${error.statusCode} ${error.code}: ${error.message}`
packages/server-core test:       85 |         );
packages/server-core test:       86 |         return c.json({
packages/server-core test:       at errorHandler (src/api/errors.ts:83:17)
packages/server-core test:       at dispatch (../../node_modules/hono/dist/cjs/compose.js:47:25)
packages/server-core test:       at handler (../../node_modules/hono/dist/cjs/hono-base.js:139:39)
packages/server-core test:       at dispatch (../../node_modules/hono/dist/cjs/compose.js:43:17)
packages/server-core test:       at dispatch (../../node_modules/hono/dist/cjs/compose.js:43:17)
packages/server-core test:       at handler (../../node_modules/hono/dist/cjs/hono-base.js:139:39)
packages/server-core test:       at dispatch (../../node_modules/hono/dist/cjs/compose.js:43:17)
packages/server-core test:       at ../../node_modules/hono/dist/cjs/hono-base.js:322:25
packages/server-core test:       at Object.<anonymous> (test/storage-routes.test.ts:151:25)
packages/server-core test:     console.warn
packages/server-core test:       ⚠️ [API] GET /api/storage/file/ → 404 NOT_FOUND: File not found
packages/server-core test:       81 |     if (error instanceof ApiError || error.name === "ApiError") {
packages/server-core test:       82 |         // Operational errors — log at warn level
packages/server-core test:     > 83 |         console.warn(
packages/server-core test:          |                 ^
packages/server-core test:       84 |             `⚠️ [API] ${c.req.method} ${c.req.path} → ${error.statusCode} ${error.code}: ${error.message}`
packages/server-core test:       85 |         );
packages/server-core test:       86 |         return c.json({
packages/server-core test:       at errorHandler (src/api/errors.ts:83:17)
packages/server-core test:       at dispatch (../../node_modules/hono/dist/cjs/compose.js:47:25)
packages/server-core test:       at handler (../../node_modules/hono/dist/cjs/hono-base.js:139:39)
packages/server-core test:       at dispatch (../../node_modules/hono/dist/cjs/compose.js:43:17)
packages/server-core test:     console.warn
packages/server-core test:       ⚠️ [API] GET /api/storage/file/default/nope/missing.txt → 404 NOT_FOUND: File not found
packages/server-core test:       81 |     if (error instanceof ApiError || error.name === "ApiError") {
packages/server-core test:       82 |         // Operational errors — log at warn level
packages/server-core test:     > 83 |         console.warn(
packages/server-core test:          |                 ^
packages/server-core test:       84 |             `⚠️ [API] ${c.req.method} ${c.req.path} → ${error.statusCode} ${error.code}: ${error.message}`
packages/server-core test:       85 |         );
packages/server-core test:       86 |         return c.json({
packages/server-core test:       at errorHandler (src/api/errors.ts:83:17)
packages/server-core test:       at dispatch (../../node_modules/hono/dist/cjs/compose.js:47:25)
packages/server-core test:       at handler (../../node_modules/hono/dist/cjs/hono-base.js:139:39)
packages/server-core test:       at dispatch (../../node_modules/hono/dist/cjs/compose.js:43:17)
packages/server-core test: PASS test/singleton.test.ts
packages/server-core test: PASS test/admin-routes.test.ts
packages/server-core test:   ● Console
packages/server-core test:     console.warn
packages/server-core test:       ⚠️ [API] POST /admin/bootstrap → 403 BOOTSTRAP_COMPLETED: Admin users already exist. Bootstrap not allowed.
packages/server-core test:       81 |     if (error instanceof ApiError || error.name === "ApiError") {
packages/server-core test:       82 |         // Operational errors — log at warn level
packages/server-core test:     > 83 |         console.warn(
packages/server-core test:          |                 ^
packages/server-core test:       84 |             `⚠️ [API] ${c.req.method} ${c.req.path} → ${error.statusCode} ${error.code}: ${error.message}`
packages/server-core test:       85 |         );
packages/server-core test:       86 |         return c.json({
packages/server-core test:       at errorHandler (src/api/errors.ts:83:17)
packages/server-core test:       at dispatch (../../node_modules/hono/dist/cjs/compose.js:47:25)
packages/server-core test:       at handler (../../node_modules/hono/dist/cjs/hono-base.js:139:39)
packages/server-core test:       at dispatch (../../node_modules/hono/dist/cjs/compose.js:43:17)
packages/server-core test:       at dispatch (../../node_modules/hono/dist/cjs/compose.js:43:17)
packages/server-core test:       at handler (../../node_modules/hono/dist/cjs/hono-base.js:139:39)
packages/server-core test:       at dispatch (../../node_modules/hono/dist/cjs/compose.js:43:17)
packages/server-core test:       at ../../node_modules/hono/dist/cjs/hono-base.js:322:25
packages/server-core test:       at Object.<anonymous> (test/admin-routes.test.ts:214:25)
packages/server-core test:     console.warn
packages/server-core test:       ⚠️ [API] GET /admin/users/missing → 404 NOT_FOUND: User not found
packages/server-core test:       81 |     if (error instanceof ApiError || error.name === "ApiError") {
packages/server-core test:       82 |         // Operational errors — log at warn level
packages/server-core test:     > 83 |         console.warn(
packages/server-core test:          |                 ^
packages/server-core test:       84 |             `⚠️ [API] ${c.req.method} ${c.req.path} → ${error.statusCode} ${error.code}: ${error.message}`
packages/server-core test:       85 |         );
packages/server-core test:       86 |         return c.json({
packages/server-core test:       at errorHandler (src/api/errors.ts:83:17)
packages/server-core test:       at dispatch (../../node_modules/hono/dist/cjs/compose.js:47:25)
packages/server-core test:       at handler (../../node_modules/hono/dist/cjs/hono-base.js:139:39)
packages/server-core test:       at dispatch (../../node_modules/hono/dist/cjs/compose.js:43:17)
packages/server-core test:       at dispatch (../../node_modules/hono/dist/cjs/compose.js:43:17)
packages/server-core test:       at handler (../../node_modules/hono/dist/cjs/hono-base.js:139:39)
packages/server-core test:       at dispatch (../../node_modules/hono/dist/cjs/compose.js:43:17)
packages/server-core test:       at dispatch (../../node_modules/hono/dist/cjs/compose.js:43:17)
packages/server-core test:       at handler (../../node_modules/hono/dist/cjs/hono-base.js:139:39)
packages/server-core test:       at dispatch (../../node_modules/hono/dist/cjs/compose.js:43:17)
packages/server-core test:       at ../../node_modules/hono/dist/cjs/hono-base.js:322:25
packages/server-core test:       at Object.<anonymous> (test/admin-routes.test.ts:267:29)
packages/server-core test:     console.warn
packages/server-core test:       ⚠️ [API] POST /admin/users → 400 INVALID_INPUT: Email is required
packages/server-core test:       81 |     if (error instanceof ApiError || error.name === "ApiError") {
packages/server-core test:       82 |         // Operational errors — log at warn level
packages/server-core test:     > 83 |         console.warn(
packages/server-core test:          |                 ^
packages/server-core test:       84 |             `⚠️ [API] ${c.req.method} ${c.req.path} → ${error.statusCode} ${error.code}: ${error.message}`
packages/server-core test:       85 |         );
packages/server-core test:       86 |         return c.json({
packages/server-core test:       at errorHandler (src/api/errors.ts:83:17)
packages/server-core test:       at dispatch (../../node_modules/hono/dist/cjs/compose.js:47:25)
packages/server-core test:       at handler (../../node_modules/hono/dist/cjs/hono-base.js:139:39)
packages/server-core test:       at dispatch (../../node_modules/hono/dist/cjs/compose.js:43:17)
packages/server-core test:       at dispatch (../../node_modules/hono/dist/cjs/compose.js:43:17)
packages/server-core test:       at handler (../../node_modules/hono/dist/cjs/hono-base.js:139:39)
packages/server-core test:       at dispatch (../../node_modules/hono/dist/cjs/compose.js:43:17)
packages/server-core test:       at dispatch (../../node_modules/hono/dist/cjs/compose.js:43:17)
packages/server-core test:       at handler (../../node_modules/hono/dist/cjs/hono-base.js:139:39)
packages/server-core test:       at dispatch (../../node_modules/hono/dist/cjs/compose.js:43:17)
packages/server-core test:       at ../../node_modules/hono/dist/cjs/hono-base.js:322:25
packages/server-core test:       at Object.<anonymous> (test/admin-routes.test.ts:307:29)
packages/server-core test:     console.warn
packages/server-core test:       ⚠️ [API] POST /admin/users → 409 EMAIL_EXISTS: Email already exists
packages/server-core test:       81 |     if (error instanceof ApiError || error.name === "ApiError") {
packages/server-core test:       82 |         // Operational errors — log at warn level
packages/server-core test:     > 83 |         console.warn(
packages/server-core test:          |                 ^
packages/server-core test:       84 |             `⚠️ [API] ${c.req.method} ${c.req.path} → ${error.statusCode} ${error.code}: ${error.message}`
packages/server-core test:       85 |         );
packages/server-core test:       86 |         return c.json({
packages/server-core test:       at errorHandler (src/api/errors.ts:83:17)
packages/server-core test:       at dispatch (../../node_modules/hono/dist/cjs/compose.js:47:25)
packages/server-core test:       at handler (../../node_modules/hono/dist/cjs/hono-base.js:139:39)
packages/server-core test:       at dispatch (../../node_modules/hono/dist/cjs/compose.js:43:17)
packages/server-core test:       at dispatch (../../node_modules/hono/dist/cjs/compose.js:43:17)
packages/server-core test:       at handler (../../node_modules/hono/dist/cjs/hono-base.js:139:39)
packages/server-core test:       at dispatch (../../node_modules/hono/dist/cjs/compose.js:43:17)
packages/server-core test:       at dispatch (../../node_modules/hono/dist/cjs/compose.js:43:17)
packages/server-core test:       at handler (../../node_modules/hono/dist/cjs/hono-base.js:139:39)
packages/server-core test:       at dispatch (../../node_modules/hono/dist/cjs/compose.js:43:17)
packages/server-core test:       at ../../node_modules/hono/dist/cjs/hono-base.js:322:25
packages/server-core test:       at Object.<anonymous> (test/admin-routes.test.ts:319:29)
packages/server-core test:     console.warn
packages/server-core test:       ⚠️ [API] POST /admin/users → 400 WEAK_PASSWORD: Too short
packages/server-core test:       81 |     if (error instanceof ApiError || error.name === "ApiError") {
packages/server-core test:       82 |         // Operational errors — log at warn level
packages/server-core test:     > 83 |         console.warn(
packages/server-core test:          |                 ^
packages/server-core test:       84 |             `⚠️ [API] ${c.req.method} ${c.req.path} → ${error.statusCode} ${error.code}: ${error.message}`
packages/server-core test:       85 |         );
packages/server-core test:       86 |         return c.json({
packages/server-core test:       at errorHandler (src/api/errors.ts:83:17)
packages/server-core test:       at dispatch (../../node_modules/hono/dist/cjs/compose.js:47:25)
packages/server-core test:       at handler (../../node_modules/hono/dist/cjs/hono-base.js:139:39)
packages/server-core test:       at dispatch (../../node_modules/hono/dist/cjs/compose.js:43:17)
packages/server-core test:       at dispatch (../../node_modules/hono/dist/cjs/compose.js:43:17)
packages/server-core test:       at handler (../../node_modules/hono/dist/cjs/hono-base.js:139:39)
packages/server-core test:       at dispatch (../../node_modules/hono/dist/cjs/compose.js:43:17)
packages/server-core test:       at dispatch (../../node_modules/hono/dist/cjs/compose.js:43:17)
packages/server-core test:       at handler (../../node_modules/hono/dist/cjs/hono-base.js:139:39)
packages/server-core test:       at dispatch (../../node_modules/hono/dist/cjs/compose.js:43:17)
packages/server-core test:       at ../../node_modules/hono/dist/cjs/hono-base.js:322:25
packages/server-core test:       at Object.<anonymous> (test/admin-routes.test.ts:334:29)
packages/server-core test:     console.warn
packages/server-core test:       ⚠️ [API] PUT /admin/users/missing → 404 NOT_FOUND: User not found
packages/server-core test:       81 |     if (error instanceof ApiError || error.name === "ApiError") {
packages/server-core test:       82 |         // Operational errors — log at warn level
packages/server-core test:     > 83 |         console.warn(
packages/server-core test:          |                 ^
packages/server-core test:       84 |             `⚠️ [API] ${c.req.method} ${c.req.path} → ${error.statusCode} ${error.code}: ${error.message}`
packages/server-core test:       85 |         );
packages/server-core test:       86 |         return c.json({
packages/server-core test:       at errorHandler (src/api/errors.ts:83:17)
packages/server-core test:       at dispatch (../../node_modules/hono/dist/cjs/compose.js:47:25)
packages/server-core test:       at handler (../../node_modules/hono/dist/cjs/hono-base.js:139:39)
packages/server-core test:       at dispatch (../../node_modules/hono/dist/cjs/compose.js:43:17)
packages/server-core test:       at dispatch (../../node_modules/hono/dist/cjs/compose.js:43:17)
packages/server-core test:       at handler (../../node_modules/hono/dist/cjs/hono-base.js:139:39)
packages/server-core test:       at dispatch (../../node_modules/hono/dist/cjs/compose.js:43:17)
packages/server-core test:       at dispatch (../../node_modules/hono/dist/cjs/compose.js:43:17)
packages/server-core test:       at handler (../../node_modules/hono/dist/cjs/hono-base.js:139:39)
packages/server-core test:       at dispatch (../../node_modules/hono/dist/cjs/compose.js:43:17)
packages/server-core test:       at ../../node_modules/hono/dist/cjs/hono-base.js:322:25
packages/server-core test:       at Object.<anonymous> (test/admin-routes.test.ts:422:29)
packages/server-core test:     console.warn
packages/server-core test:       ⚠️ [API] DELETE /admin/users/admin-1 → 400 SELF_DELETE: Cannot delete your own account
packages/server-core test:       81 |     if (error instanceof ApiError || error.name === "ApiError") {
packages/server-core test:       82 |         // Operational errors — log at warn level
packages/server-core test:     > 83 |         console.warn(
packages/server-core test:          |                 ^
packages/server-core test:       84 |             `⚠️ [API] ${c.req.method} ${c.req.path} → ${error.statusCode} ${error.code}: ${error.message}`
packages/server-core test:       85 |         );
packages/server-core test:       86 |         return c.json({
packages/server-core test:       at errorHandler (src/api/errors.ts:83:17)
packages/server-core test:       at dispatch (../../node_modules/hono/dist/cjs/compose.js:47:25)
packages/server-core test:       at handler (../../node_modules/hono/dist/cjs/hono-base.js:139:39)
packages/server-core test:       at dispatch (../../node_modules/hono/dist/cjs/compose.js:43:17)
packages/server-core test:     console.warn
packages/server-core test:       ⚠️ [API] DELETE /admin/users/missing → 404 NOT_FOUND: User not found
packages/server-core test:       81 |     if (error instanceof ApiError || error.name === "ApiError") {
packages/server-core test:       82 |         // Operational errors — log at warn level
packages/server-core test:     > 83 |         console.warn(
packages/server-core test:          |                 ^
packages/server-core test:       84 |             `⚠️ [API] ${c.req.method} ${c.req.path} → ${error.statusCode} ${error.code}: ${error.message}`
packages/server-core test:       85 |         );
packages/server-core test:       86 |         return c.json({
packages/server-core test:       at errorHandler (src/api/errors.ts:83:17)
packages/server-core test:       at dispatch (../../node_modules/hono/dist/cjs/compose.js:47:25)
packages/server-core test:       at handler (../../node_modules/hono/dist/cjs/hono-base.js:139:39)
packages/server-core test:       at dispatch (../../node_modules/hono/dist/cjs/compose.js:43:17)
packages/server-core test:       at dispatch (../../node_modules/hono/dist/cjs/compose.js:43:17)
packages/server-core test:       at handler (../../node_modules/hono/dist/cjs/hono-base.js:139:39)
packages/server-core test:       at dispatch (../../node_modules/hono/dist/cjs/compose.js:43:17)
packages/server-core test:       at dispatch (../../node_modules/hono/dist/cjs/compose.js:43:17)
packages/server-core test:       at handler (../../node_modules/hono/dist/cjs/hono-base.js:139:39)
packages/server-core test:       at dispatch (../../node_modules/hono/dist/cjs/compose.js:43:17)
packages/server-core test:       at ../../node_modules/hono/dist/cjs/hono-base.js:322:25
packages/server-core test:       at Object.<anonymous> (test/admin-routes.test.ts:461:29)
packages/server-core test:     console.warn
packages/server-core test:       ⚠️ [API] GET /admin/roles/missing → 404 NOT_FOUND: Role not found
packages/server-core test:       81 |     if (error instanceof ApiError || error.name === "ApiError") {
packages/server-core test:       82 |         // Operational errors — log at warn level
packages/server-core test:     > 83 |         console.warn(
packages/server-core test:          |                 ^
packages/server-core test:       84 |             `⚠️ [API] ${c.req.method} ${c.req.path} → ${error.statusCode} ${error.code}: ${error.message}`
packages/server-core test:       85 |         );
packages/server-core test:       86 |         return c.json({
packages/server-core test:       at errorHandler (src/api/errors.ts:83:17)
packages/server-core test:       at dispatch (../../node_modules/hono/dist/cjs/compose.js:47:25)
packages/server-core test:       at handler (../../node_modules/hono/dist/cjs/hono-base.js:139:39)
packages/server-core test:       at dispatch (../../node_modules/hono/dist/cjs/compose.js:43:17)
packages/server-core test:       at dispatch (../../node_modules/hono/dist/cjs/compose.js:43:17)
packages/server-core test:       at handler (../../node_modules/hono/dist/cjs/hono-base.js:139:39)
packages/server-core test:       at dispatch (../../node_modules/hono/dist/cjs/compose.js:43:17)
packages/server-core test:       at dispatch (../../node_modules/hono/dist/cjs/compose.js:43:17)
packages/server-core test:       at handler (../../node_modules/hono/dist/cjs/hono-base.js:139:39)
packages/server-core test:       at dispatch (../../node_modules/hono/dist/cjs/compose.js:43:17)
packages/server-core test:       at ../../node_modules/hono/dist/cjs/hono-base.js:322:25
packages/server-core test:       at Object.<anonymous> (test/admin-routes.test.ts:505:29)
packages/server-core test:     console.warn
packages/server-core test:       ⚠️ [API] POST /admin/roles → 400 INVALID_INPUT: Role ID and name are required
packages/server-core test:       81 |     if (error instanceof ApiError || error.name === "ApiError") {
packages/server-core test:       82 |         // Operational errors — log at warn level
packages/server-core test:     > 83 |         console.warn(
packages/server-core test:          |                 ^
packages/server-core test:       84 |             `⚠️ [API] ${c.req.method} ${c.req.path} → ${error.statusCode} ${error.code}: ${error.message}`
packages/server-core test:       85 |         );
packages/server-core test:       86 |         return c.json({
packages/server-core test:       at errorHandler (src/api/errors.ts:83:17)
packages/server-core test:       at dispatch (../../node_modules/hono/dist/cjs/compose.js:47:25)
packages/server-core test:       at handler (../../node_modules/hono/dist/cjs/hono-base.js:139:39)
packages/server-core test:       at dispatch (../../node_modules/hono/dist/cjs/compose.js:43:17)
packages/server-core test:       at dispatch (../../node_modules/hono/dist/cjs/compose.js:43:17)
packages/server-core test:       at handler (../../node_modules/hono/dist/cjs/hono-base.js:139:39)
packages/server-core test:       at dispatch (../../node_modules/hono/dist/cjs/compose.js:43:17)
packages/server-core test:       at dispatch (../../node_modules/hono/dist/cjs/compose.js:43:17)
packages/server-core test:       at handler (../../node_modules/hono/dist/cjs/hono-base.js:139:39)
packages/server-core test:       at dispatch (../../node_modules/hono/dist/cjs/compose.js:43:17)
packages/server-core test:       at ../../node_modules/hono/dist/cjs/hono-base.js:322:25
packages/server-core test:       at Object.<anonymous> (test/admin-routes.test.ts:528:29)
packages/server-core test:     console.warn
packages/server-core test:       ⚠️ [API] POST /admin/roles → 409 ROLE_EXISTS: Role already exists
packages/server-core test:       81 |     if (error instanceof ApiError || error.name === "ApiError") {
packages/server-core test:       82 |         // Operational errors — log at warn level
packages/server-core test:     > 83 |         console.warn(
packages/server-core test:          |                 ^
packages/server-core test:       84 |             `⚠️ [API] ${c.req.method} ${c.req.path} → ${error.statusCode} ${error.code}: ${error.message}`
packages/server-core test:       85 |         );
packages/server-core test:       86 |         return c.json({
packages/server-core test:       at errorHandler (src/api/errors.ts:83:17)
packages/server-core test:       at dispatch (../../node_modules/hono/dist/cjs/compose.js:47:25)
packages/server-core test:       at handler (../../node_modules/hono/dist/cjs/hono-base.js:139:39)
packages/server-core test:       at dispatch (../../node_modules/hono/dist/cjs/compose.js:43:17)
packages/server-core test:       at dispatch (../../node_modules/hono/dist/cjs/compose.js:43:17)
packages/server-core test:       at handler (../../node_modules/hono/dist/cjs/hono-base.js:139:39)
packages/server-core test:       at dispatch (../../node_modules/hono/dist/cjs/compose.js:43:17)
packages/server-core test:       at dispatch (../../node_modules/hono/dist/cjs/compose.js:43:17)
packages/server-core test:       at handler (../../node_modules/hono/dist/cjs/hono-base.js:139:39)
packages/server-core test:       at dispatch (../../node_modules/hono/dist/cjs/compose.js:43:17)
packages/server-core test:       at ../../node_modules/hono/dist/cjs/hono-base.js:322:25
packages/server-core test:       at Object.<anonymous> (test/admin-routes.test.ts:540:29)
packages/server-core test:     console.warn
packages/server-core test:       ⚠️ [API] PUT /admin/roles/missing → 404 NOT_FOUND: Role not found
packages/server-core test:       81 |     if (error instanceof ApiError || error.name === "ApiError") {
packages/server-core test:       82 |         // Operational errors — log at warn level
packages/server-core test:     > 83 |         console.warn(
packages/server-core test:          |                 ^
packages/server-core test:       84 |             `⚠️ [API] ${c.req.method} ${c.req.path} → ${error.statusCode} ${error.code}: ${error.message}`
packages/server-core test:       85 |         );
packages/server-core test:       86 |         return c.json({
packages/server-core test:       at errorHandler (src/api/errors.ts:83:17)
packages/server-core test:       at dispatch (../../node_modules/hono/dist/cjs/compose.js:47:25)
packages/server-core test:       at handler (../../node_modules/hono/dist/cjs/hono-base.js:139:39)
packages/server-core test:       at dispatch (../../node_modules/hono/dist/cjs/compose.js:43:17)
packages/server-core test:       at dispatch (../../node_modules/hono/dist/cjs/compose.js:43:17)
packages/server-core test:       at handler (../../node_modules/hono/dist/cjs/hono-base.js:139:39)
packages/server-core test:       at dispatch (../../node_modules/hono/dist/cjs/compose.js:43:17)
packages/server-core test:       at dispatch (../../node_modules/hono/dist/cjs/compose.js:43:17)
packages/server-core test:       at handler (../../node_modules/hono/dist/cjs/hono-base.js:139:39)
packages/server-core test:       at dispatch (../../node_modules/hono/dist/cjs/compose.js:43:17)
packages/server-core test:       at ../../node_modules/hono/dist/cjs/hono-base.js:322:25
packages/server-core test:       at Object.<anonymous> (test/admin-routes.test.ts:573:29)
packages/server-core test:     console.warn
packages/server-core test:       ⚠️ [API] DELETE /admin/roles/admin → 400 BUILTIN_ROLE: Cannot delete built-in roles
packages/server-core test:       81 |     if (error instanceof ApiError || error.name === "ApiError") {
packages/server-core test:       82 |         // Operational errors — log at warn level
packages/server-core test:     > 83 |         console.warn(
packages/server-core test:          |                 ^
packages/server-core test:       84 |             `⚠️ [API] ${c.req.method} ${c.req.path} → ${error.statusCode} ${error.code}: ${error.message}`
packages/server-core test:       85 |         );
packages/server-core test:       86 |         return c.json({
packages/server-core test:       at errorHandler (src/api/errors.ts:83:17)
packages/server-core test:       at dispatch (../../node_modules/hono/dist/cjs/compose.js:47:25)
packages/server-core test:       at handler (../../node_modules/hono/dist/cjs/hono-base.js:139:39)
packages/server-core test:       at dispatch (../../node_modules/hono/dist/cjs/compose.js:43:17)
packages/server-core test:     console.warn
packages/server-core test:       ⚠️ [API] DELETE /admin/roles/editor → 400 BUILTIN_ROLE: Cannot delete built-in roles
packages/server-core test:       81 |     if (error instanceof ApiError || error.name === "ApiError") {
packages/server-core test:       82 |         // Operational errors — log at warn level
packages/server-core test:     > 83 |         console.warn(
packages/server-core test:          |                 ^
packages/server-core test:       84 |             `⚠️ [API] ${c.req.method} ${c.req.path} → ${error.statusCode} ${error.code}: ${error.message}`
packages/server-core test:       85 |         );
packages/server-core test:       86 |         return c.json({
packages/server-core test:       at errorHandler (src/api/errors.ts:83:17)
packages/server-core test:       at dispatch (../../node_modules/hono/dist/cjs/compose.js:47:25)
packages/server-core test:       at handler (../../node_modules/hono/dist/cjs/hono-base.js:139:39)
packages/server-core test:       at dispatch (../../node_modules/hono/dist/cjs/compose.js:43:17)
packages/server-core test:     console.warn
packages/server-core test:       ⚠️ [API] DELETE /admin/roles/viewer → 400 BUILTIN_ROLE: Cannot delete built-in roles
packages/server-core test:       81 |     if (error instanceof ApiError || error.name === "ApiError") {
packages/server-core test:       82 |         // Operational errors — log at warn level
packages/server-core test:     > 83 |         console.warn(
packages/server-core test:          |                 ^
packages/server-core test:       84 |             `⚠️ [API] ${c.req.method} ${c.req.path} → ${error.statusCode} ${error.code}: ${error.message}`
packages/server-core test:       85 |         );
packages/server-core test:       86 |         return c.json({
packages/server-core test:       at errorHandler (src/api/errors.ts:83:17)
packages/server-core test:       at dispatch (../../node_modules/hono/dist/cjs/compose.js:47:25)
packages/server-core test:       at handler (../../node_modules/hono/dist/cjs/hono-base.js:139:39)
packages/server-core test:       at dispatch (../../node_modules/hono/dist/cjs/compose.js:43:17)
packages/server-core test:     console.warn
packages/server-core test:       ⚠️ [API] DELETE /admin/roles/ghost → 404 NOT_FOUND: Role not found
packages/server-core test:       81 |     if (error instanceof ApiError || error.name === "ApiError") {
packages/server-core test:       82 |         // Operational errors — log at warn level
packages/server-core test:     > 83 |         console.warn(
packages/server-core test:          |                 ^
packages/server-core test:       84 |             `⚠️ [API] ${c.req.method} ${c.req.path} → ${error.statusCode} ${error.code}: ${error.message}`
packages/server-core test:       85 |         );
packages/server-core test:       86 |         return c.json({
packages/server-core test:       at errorHandler (src/api/errors.ts:83:17)
packages/server-core test:       at dispatch (../../node_modules/hono/dist/cjs/compose.js:47:25)
packages/server-core test:       at handler (../../node_modules/hono/dist/cjs/hono-base.js:139:39)
packages/server-core test:       at dispatch (../../node_modules/hono/dist/cjs/compose.js:43:17)
packages/server-core test:       at dispatch (../../node_modules/hono/dist/cjs/compose.js:43:17)
packages/server-core test:       at handler (../../node_modules/hono/dist/cjs/hono-base.js:139:39)
packages/server-core test:       at dispatch (../../node_modules/hono/dist/cjs/compose.js:43:17)
packages/server-core test:       at dispatch (../../node_modules/hono/dist/cjs/compose.js:43:17)
packages/server-core test:       at handler (../../node_modules/hono/dist/cjs/hono-base.js:139:39)
packages/server-core test:       at dispatch (../../node_modules/hono/dist/cjs/compose.js:43:17)
packages/server-core test:       at ../../node_modules/hono/dist/cjs/hono-base.js:322:25
packages/server-core test:       at Object.<anonymous> (test/admin-routes.test.ts:632:29)
packages/server-core test: PASS test/storage-s3.test.ts
packages/server-core test: PASS test/jwt-security.test.ts
packages/server-core test:   ● Console
packages/server-core test:     console.error
packages/server-core test:       [JWT] Verification failed: JsonWebTokenError {
packages/server-core test:         name: 'JsonWebTokenError',
packages/server-core test:         message: 'invalid signature'
packages/server-core test:       } Token start: eyJhbGciOiJIUzI
packages/server-core test:       135 |         };
packages/server-core test:       136 |     } catch (error) {
packages/server-core test:     > 137 |         console.error("[JWT] Verification failed:", error, "Token start:", token.substring(0, 15));
packages/server-core test:           |                 ^
packages/server-core test:       138 |         return null;
packages/server-core test:       139 |     }
packages/server-core test:       140 | }
packages/server-core test:       at verifyAccessToken (src/auth/jwt.ts:137:17)
packages/server-core test:       at Object.<anonymous> (test/jwt-security.test.ts:89:37)
packages/server-core test:     console.error
packages/server-core test:       [JWT] Verification failed: JsonWebTokenError {
packages/server-core test:         name: 'JsonWebTokenError',
packages/server-core test:         message: 'invalid token'
packages/server-core test:       } Token start: not.a.jwt
packages/server-core test:       135 |         };
packages/server-core test:       136 |     } catch (error) {
packages/server-core test:     > 137 |         console.error("[JWT] Verification failed:", error, "Token start:", token.substring(0, 15));
packages/server-core test:           |                 ^
packages/server-core test:       138 |         return null;
packages/server-core test:       139 |     }
packages/server-core test:       140 | }
packages/server-core test:       at verifyAccessToken (src/auth/jwt.ts:137:17)
packages/server-core test:       at Object.<anonymous> (test/jwt-security.test.ts:93:37)
packages/server-core test:     console.error
packages/server-core test:       [JWT] Verification failed: JsonWebTokenError {
packages/server-core test:         name: 'JsonWebTokenError',
packages/server-core test:         message: 'jwt must be provided'
packages/server-core test:       } Token start:
packages/server-core test:       135 |         };
packages/server-core test:       136 |     } catch (error) {
packages/server-core test:     > 137 |         console.error("[JWT] Verification failed:", error, "Token start:", token.substring(0, 15));
packages/server-core test:           |                 ^
packages/server-core test:       138 |         return null;
packages/server-core test:       139 |     }
packages/server-core test:       140 | }
packages/server-core test:       at verifyAccessToken (src/auth/jwt.ts:137:17)
packages/server-core test:       at Object.<anonymous> (test/jwt-security.test.ts:97:37)
packages/server-core test:     console.error
packages/server-core test:       [JWT] Verification failed: JsonWebTokenError {
packages/server-core test:         name: 'JsonWebTokenError',
packages/server-core test:         message: 'invalid signature'
packages/server-core test:       } Token start: eyJhbGciOiJIUzI
packages/server-core test:       135 |         };
packages/server-core test:       136 |     } catch (error) {
packages/server-core test:     > 137 |         console.error("[JWT] Verification failed:", error, "Token start:", token.substring(0, 15));
packages/server-core test:           |                 ^
packages/server-core test:       138 |         return null;
packages/server-core test:       139 |     }
packages/server-core test:       140 | }
packages/server-core test:       at verifyAccessToken (src/auth/jwt.ts:137:17)
packages/server-core test:       at Object.<anonymous> (test/jwt-security.test.ts:104:37)
packages/server-core test: PASS test/error-propagation.test.ts
packages/server-core test:   ● Console
packages/server-core test:     console.error
packages/server-core test:       ApiError: Invalid credentials
packages/server-core test:           at ApiError.unauthorized (/Users/francesco/rebase/packages/server-core/src/api/errors.ts:37:16)
packages/server-core test:           at Array.<anonymous> (/Users/francesco/rebase/packages/server-core/test/error-propagation.test.ts:30:32)
packages/server-core test:           at Hono.#dispatch (/Users/francesco/rebase/node_modules/hono/dist/cjs/hono-base.js:309:38)
packages/server-core test:           at Hono.fetch (/Users/francesco/rebase/node_modules/hono/dist/cjs/hono-base.js:346:26)
packages/server-core test:           at Hono.request (/Users/francesco/rebase/node_modules/hono/dist/cjs/hono-base.js:365:17)
packages/server-core test:           at Object.<anonymous> (/Users/francesco/rebase/packages/server-core/test/error-propagation.test.ts:39:35)
packages/server-core test:           at Promise.then.completed (/Users/francesco/rebase/node_modules/jest-circus/build/utils.js:298:28)
packages/server-core test:           at new Promise (<anonymous>)
packages/server-core test:           at callAsyncCircusFn (/Users/francesco/rebase/node_modules/jest-circus/build/utils.js:231:10)
packages/server-core test:           at _callCircusTest (/Users/francesco/rebase/node_modules/jest-circus/build/run.js:316:40)
packages/server-core test:           at processTicksAndRejections (node:internal/process/task_queues:104:5)
packages/server-core test:           at _runTest (/Users/francesco/rebase/node_modules/jest-circus/build/run.js:252:3)
packages/server-core test:           at _runTestsForDescribeBlock (/Users/francesco/rebase/node_modules/jest-circus/build/run.js:126:9)
packages/server-core test:           at _runTestsForDescribeBlock (/Users/francesco/rebase/node_modules/jest-circus/build/run.js:121:9)
packages/server-core test:           at _runTestsForDescribeBlock (/Users/francesco/rebase/node_modules/jest-circus/build/run.js:121:9)
packages/server-core test:           at run (/Users/francesco/rebase/node_modules/jest-circus/build/run.js:71:3)
packages/server-core test:           at runAndTransformResultsToJestFormat (/Users/francesco/rebase/node_modules/jest-circus/build/legacy-code-todo-rewrite/jestAdapterInit.js:122:21)
packages/server-core test:           at jestAdapter (/Users/francesco/rebase/node_modules/jest-circus/build/legacy-code-todo-rewrite/jestAdapter.js:79:19)
packages/server-core test:           at runTestInternal (/Users/francesco/rebase/node_modules/jest-runner/build/runTest.js:367:16)
packages/server-core test:           at runTest (/Users/francesco/rebase/node_modules/jest-runner/build/runTest.js:444:34)
packages/server-core test:           at Object.worker (/Users/francesco/rebase/node_modules/jest-runner/build/testWorker.js:106:12) {
packages/server-core test:         statusCode: 401,
packages/server-core test:         code: 'INVALID_CREDENTIALS',
packages/server-core test:         details: undefined
packages/server-core test:       }
packages/server-core test:       37 |         it("ApiError.unauthorized returns 500 plain text without ANY onError handler", async () => {
packages/server-core test:       38 |             const app = createBrokenApp();
packages/server-core test:     > 39 |             const res = await app.request("/api/auth/login");
packages/server-core test:          |                                   ^
packages/server-core test:       40 |             // Without any onError handler, Hono's default handler returns 500
packages/server-core test:       41 |             expect(res.status).toBe(500);
packages/server-core test:       42 |             // And the body is NOT our structured JSON — it's plain text
packages/server-core test:       at Hono.errorHandler (../../node_modules/hono/dist/cjs/hono-base.js:36:11)
packages/server-core test:       at Hono.#handleError (../../node_modules/hono/dist/cjs/hono-base.js:289:19)
packages/server-core test:       at Hono.#dispatch (../../node_modules/hono/dist/cjs/hono-base.js:313:33)
packages/server-core test:       at Hono.fetch (../../node_modules/hono/dist/cjs/hono-base.js:346:26)
packages/server-core test:       at Hono.request (../../node_modules/hono/dist/cjs/hono-base.js:365:17)
packages/server-core test:       at Object.<anonymous> (test/error-propagation.test.ts:39:35)
packages/server-core test:     console.warn
packages/server-core test:       ⚠️ [API] GET /api/auth/login → 401 INVALID_CREDENTIALS: Invalid credentials
packages/server-core test:       81 |     if (error instanceof ApiError || error.name === "ApiError") {
packages/server-core test:       82 |         // Operational errors — log at warn level
packages/server-core test:     > 83 |         console.warn(
packages/server-core test:          |                 ^
packages/server-core test:       84 |             `⚠️ [API] ${c.req.method} ${c.req.path} → ${error.statusCode} ${error.code}: ${error.message}`
packages/server-core test:       85 |         );
packages/server-core test:       86 |         return c.json({
packages/server-core test:       at errorHandler (src/api/errors.ts:83:17)
packages/server-core test:       at dispatch (../../node_modules/hono/dist/cjs/compose.js:47:25)
packages/server-core test:       at ../../node_modules/hono/dist/cjs/compose.js:26:12
packages/server-core test:       at Array.handler (../../node_modules/hono/dist/cjs/hono-base.js:139:94)
packages/server-core test:       at Hono.#dispatch (../../node_modules/hono/dist/cjs/hono-base.js:309:38)
packages/server-core test:       at Hono.fetch (../../node_modules/hono/dist/cjs/hono-base.js:346:26)
packages/server-core test:       at Hono.request (../../node_modules/hono/dist/cjs/hono-base.js:365:17)
packages/server-core test:       at Object.<anonymous> (test/error-propagation.test.ts:89:35)
packages/server-core test:     console.warn
packages/server-core test:       ⚠️ [API] GET /api/auth/register → 409 EMAIL_EXISTS: Email already exists
packages/server-core test:       81 |     if (error instanceof ApiError || error.name === "ApiError") {
packages/server-core test:       82 |         // Operational errors — log at warn level
packages/server-core test:     > 83 |         console.warn(
packages/server-core test:          |                 ^
packages/server-core test:       84 |             `⚠️ [API] ${c.req.method} ${c.req.path} → ${error.statusCode} ${error.code}: ${error.message}`
packages/server-core test:       85 |         );
packages/server-core test:       86 |         return c.json({
packages/server-core test:       at errorHandler (src/api/errors.ts:83:17)
packages/server-core test:       at dispatch (../../node_modules/hono/dist/cjs/compose.js:47:25)
packages/server-core test:       at ../../node_modules/hono/dist/cjs/compose.js:26:12
packages/server-core test:       at Array.handler (../../node_modules/hono/dist/cjs/hono-base.js:139:94)
packages/server-core test:       at Hono.#dispatch (../../node_modules/hono/dist/cjs/hono-base.js:309:38)
packages/server-core test:       at Hono.fetch (../../node_modules/hono/dist/cjs/hono-base.js:346:26)
packages/server-core test:       at Hono.request (../../node_modules/hono/dist/cjs/hono-base.js:365:17)
packages/server-core test:       at Object.<anonymous> (test/error-propagation.test.ts:98:35)
packages/server-core test:     console.warn
packages/server-core test:       ⚠️ [API] GET /api/auth/refresh → 401 TOKEN_EXPIRED: Refresh token expired
packages/server-core test:       81 |     if (error instanceof ApiError || error.name === "ApiError") {
packages/server-core test:       82 |         // Operational errors — log at warn level
packages/server-core test:     > 83 |         console.warn(
packages/server-core test:          |                 ^
packages/server-core test:       84 |             `⚠️ [API] ${c.req.method} ${c.req.path} → ${error.statusCode} ${error.code}: ${error.message}`
packages/server-core test:       85 |         );
packages/server-core test:       86 |         return c.json({
packages/server-core test:       at errorHandler (src/api/errors.ts:83:17)
packages/server-core test:       at dispatch (../../node_modules/hono/dist/cjs/compose.js:47:25)
packages/server-core test:       at ../../node_modules/hono/dist/cjs/compose.js:26:12
packages/server-core test:       at Array.handler (../../node_modules/hono/dist/cjs/hono-base.js:139:94)
packages/server-core test:       at Hono.#dispatch (../../node_modules/hono/dist/cjs/hono-base.js:309:38)
packages/server-core test:       at Hono.fetch (../../node_modules/hono/dist/cjs/hono-base.js:346:26)
packages/server-core test:       at Hono.request (../../node_modules/hono/dist/cjs/hono-base.js:365:17)
packages/server-core test:       at Object.<anonymous> (test/error-propagation.test.ts:107:35)
packages/server-core test:     console.warn
packages/server-core test:       ⚠️ [API] GET /api/auth/forbidden → 403 FORBIDDEN: Admin only
packages/server-core test:       81 |     if (error instanceof ApiError || error.name === "ApiError") {
packages/server-core test:       82 |         // Operational errors — log at warn level
packages/server-core test:     > 83 |         console.warn(
packages/server-core test:          |                 ^
packages/server-core test:       84 |             `⚠️ [API] ${c.req.method} ${c.req.path} → ${error.statusCode} ${error.code}: ${error.message}`
packages/server-core test:       85 |         );
packages/server-core test:       86 |         return c.json({
packages/server-core test:       at errorHandler (src/api/errors.ts:83:17)
packages/server-core test:       at dispatch (../../node_modules/hono/dist/cjs/compose.js:47:25)
packages/server-core test:       at ../../node_modules/hono/dist/cjs/compose.js:26:12
packages/server-core test:       at Array.handler (../../node_modules/hono/dist/cjs/hono-base.js:139:94)
packages/server-core test:       at Hono.#dispatch (../../node_modules/hono/dist/cjs/hono-base.js:309:38)
packages/server-core test:       at Hono.fetch (../../node_modules/hono/dist/cjs/hono-base.js:346:26)
packages/server-core test:       at Hono.request (../../node_modules/hono/dist/cjs/hono-base.js:365:17)
packages/server-core test:       at Object.<anonymous> (test/error-propagation.test.ts:115:35)
packages/server-core test:     console.warn
packages/server-core test:       ⚠️ [API] GET /api/auth/not-found → 404 NOT_FOUND: User not found
packages/server-core test:       81 |     if (error instanceof ApiError || error.name === "ApiError") {
packages/server-core test:       82 |         // Operational errors — log at warn level
packages/server-core test:     > 83 |         console.warn(
packages/server-core test:          |                 ^
packages/server-core test:       84 |             `⚠️ [API] ${c.req.method} ${c.req.path} → ${error.statusCode} ${error.code}: ${error.message}`
packages/server-core test:       85 |         );
packages/server-core test:       86 |         return c.json({
packages/server-core test:       at errorHandler (src/api/errors.ts:83:17)
packages/server-core test:       at dispatch (../../node_modules/hono/dist/cjs/compose.js:47:25)
packages/server-core test:       at ../../node_modules/hono/dist/cjs/compose.js:26:12
packages/server-core test:       at Array.handler (../../node_modules/hono/dist/cjs/hono-base.js:139:94)
packages/server-core test:       at Hono.#dispatch (../../node_modules/hono/dist/cjs/hono-base.js:309:38)
packages/server-core test:       at Hono.fetch (../../node_modules/hono/dist/cjs/hono-base.js:346:26)
packages/server-core test:       at Hono.request (../../node_modules/hono/dist/cjs/hono-base.js:365:17)
packages/server-core test:       at Object.<anonymous> (test/error-propagation.test.ts:121:35)
packages/server-core test:     console.warn
packages/server-core test:       ⚠️ [API] GET /api/auth/bad-request → 400 INVALID_INPUT: Missing email
packages/server-core test:       81 |     if (error instanceof ApiError || error.name === "ApiError") {
packages/server-core test:       82 |         // Operational errors — log at warn level
packages/server-core test:     > 83 |         console.warn(
packages/server-core test:          |                 ^
packages/server-core test:       84 |             `⚠️ [API] ${c.req.method} ${c.req.path} → ${error.statusCode} ${error.code}: ${error.message}`
packages/server-core test:       85 |         );
packages/server-core test:       86 |         return c.json({
packages/server-core test:       at errorHandler (src/api/errors.ts:83:17)
packages/server-core test:       at dispatch (../../node_modules/hono/dist/cjs/compose.js:47:25)
packages/server-core test:       at ../../node_modules/hono/dist/cjs/compose.js:26:12
packages/server-core test:       at Array.handler (../../node_modules/hono/dist/cjs/hono-base.js:139:94)
packages/server-core test:       at Hono.#dispatch (../../node_modules/hono/dist/cjs/hono-base.js:309:38)
packages/server-core test:       at Hono.fetch (../../node_modules/hono/dist/cjs/hono-base.js:346:26)
packages/server-core test:       at Hono.request (../../node_modules/hono/dist/cjs/hono-base.js:365:17)
packages/server-core test:       at Object.<anonymous> (test/error-propagation.test.ts:127:35)
packages/server-core test:     console.warn
packages/server-core test:       ⚠️ [API] GET /api/auth/service-unavailable → 503 NOT_CONFIGURED: Google login not configured
packages/server-core test:       81 |     if (error instanceof ApiError || error.name === "ApiError") {
packages/server-core test:       82 |         // Operational errors — log at warn level
packages/server-core test:     > 83 |         console.warn(
packages/server-core test:          |                 ^
packages/server-core test:       84 |             `⚠️ [API] ${c.req.method} ${c.req.path} → ${error.statusCode} ${error.code}: ${error.message}`
packages/server-core test:       85 |         );
packages/server-core test:       86 |         return c.json({
packages/server-core test:       at errorHandler (src/api/errors.ts:83:17)
packages/server-core test:       at dispatch (../../node_modules/hono/dist/cjs/compose.js:47:25)
packages/server-core test:       at ../../node_modules/hono/dist/cjs/compose.js:26:12
packages/server-core test:       at Array.handler (../../node_modules/hono/dist/cjs/hono-base.js:139:94)
packages/server-core test:       at Hono.#dispatch (../../node_modules/hono/dist/cjs/hono-base.js:309:38)
packages/server-core test:       at Hono.fetch (../../node_modules/hono/dist/cjs/hono-base.js:346:26)
packages/server-core test:       at Hono.request (../../node_modules/hono/dist/cjs/hono-base.js:365:17)
packages/server-core test:       at Object.<anonymous> (test/error-propagation.test.ts:136:35)
packages/server-core test:     console.error
packages/server-core test:       ❌ [API] GET /api/auth/generic-error → 500 INTERNAL_ERROR: Unexpected failure
packages/server-core test:       117 |
packages/server-core test:       118 |     // Unexpected errors — log at error level
packages/server-core test:     > 119 |     console.error(
packages/server-core test:           |             ^
packages/server-core test:       120 |         `❌ [API] ${c.req.method} ${c.req.path} → ${statusCode} ${code}: ${logMessage}`
packages/server-core test:       121 |     );
packages/server-core test:       122 |
packages/server-core test:       at errorHandler (src/api/errors.ts:119:13)
packages/server-core test:       at dispatch (../../node_modules/hono/dist/cjs/compose.js:47:25)
packages/server-core test:       at ../../node_modules/hono/dist/cjs/compose.js:26:12
packages/server-core test:       at Array.handler (../../node_modules/hono/dist/cjs/hono-base.js:139:94)
packages/server-core test:       at Hono.#dispatch (../../node_modules/hono/dist/cjs/hono-base.js:309:38)
packages/server-core test:       at Hono.fetch (../../node_modules/hono/dist/cjs/hono-base.js:346:26)
packages/server-core test:       at Hono.request (../../node_modules/hono/dist/cjs/hono-base.js:365:17)
packages/server-core test:       at Object.<anonymous> (test/error-propagation.test.ts:144:35)
packages/server-core test:     console.error
packages/server-core test:       Error: Unexpected failure
packages/server-core test:           at Object.handler (/Users/francesco/rebase/packages/server-core/test/error-propagation.test.ts:80:23)
packages/server-core test:           at /Users/francesco/rebase/node_modules/hono/dist/cjs/hono-base.js:139:106
packages/server-core test:           at dispatch (/Users/francesco/rebase/node_modules/hono/dist/cjs/compose.js:43:23)
packages/server-core test:           at /Users/francesco/rebase/node_modules/hono/dist/cjs/compose.js:26:12
packages/server-core test:           at Array.handler (/Users/francesco/rebase/node_modules/hono/dist/cjs/hono-base.js:139:94)
packages/server-core test:           at Hono.#dispatch (/Users/francesco/rebase/node_modules/hono/dist/cjs/hono-base.js:309:38)
packages/server-core test:           at Hono.fetch (/Users/francesco/rebase/node_modules/hono/dist/cjs/hono-base.js:346:26)
packages/server-core test:           at Hono.request (/Users/francesco/rebase/node_modules/hono/dist/cjs/hono-base.js:365:17)
packages/server-core test:           at Object.<anonymous> (/Users/francesco/rebase/packages/server-core/test/error-propagation.test.ts:144:35)
packages/server-core test:           at Promise.then.completed (/Users/francesco/rebase/node_modules/jest-circus/build/utils.js:298:28)
packages/server-core test:           at new Promise (<anonymous>)
packages/server-core test:           at callAsyncCircusFn (/Users/francesco/rebase/node_modules/jest-circus/build/utils.js:231:10)
packages/server-core test:           at _callCircusTest (/Users/francesco/rebase/node_modules/jest-circus/build/run.js:316:40)
packages/server-core test:           at processTicksAndRejections (node:internal/process/task_queues:104:5)
packages/server-core test:           at _runTest (/Users/francesco/rebase/node_modules/jest-circus/build/run.js:252:3)
packages/server-core test:           at _runTestsForDescribeBlock (/Users/francesco/rebase/node_modules/jest-circus/build/run.js:126:9)
packages/server-core test:           at _runTestsForDescribeBlock (/Users/francesco/rebase/node_modules/jest-circus/build/run.js:121:9)
packages/server-core test:           at _runTestsForDescribeBlock (/Users/francesco/rebase/node_modules/jest-circus/build/run.js:121:9)
packages/server-core test:           at run (/Users/francesco/rebase/node_modules/jest-circus/build/run.js:71:3)
packages/server-core test:           at runAndTransformResultsToJestFormat (/Users/francesco/rebase/node_modules/jest-circus/build/legacy-code-todo-rewrite/jestAdapterInit.js:122:21)
packages/server-core test:           at jestAdapter (/Users/francesco/rebase/node_modules/jest-circus/build/legacy-code-todo-rewrite/jestAdapter.js:79:19)
packages/server-core test:           at runTestInternal (/Users/francesco/rebase/node_modules/jest-runner/build/runTest.js:367:16)
packages/server-core test:           at runTest (/Users/francesco/rebase/node_modules/jest-runner/build/runTest.js:444:34)
packages/server-core test:           at Object.worker (/Users/francesco/rebase/node_modules/jest-runner/build/testWorker.js:106:12)
packages/server-core test:       125 |     const pgErrorCode = causePg?.code || error.code;
packages/server-core test:       126 |     if (pgErrorCode !== "42703" && pgErrorCode !== "42P01") {
packages/server-core test:     > 127 |         console.error(error.stack || error);
packages/server-core test:           |                 ^
packages/server-core test:       128 |     }
packages/server-core test:       129 |
packages/server-core test:       130 |     // Sanitize the message for the client to prevent leaking sensitive details
packages/server-core test:       at errorHandler (src/api/errors.ts:127:17)
packages/server-core test:       at dispatch (../../node_modules/hono/dist/cjs/compose.js:47:25)
packages/server-core test:       at ../../node_modules/hono/dist/cjs/compose.js:26:12
packages/server-core test:       at Array.handler (../../node_modules/hono/dist/cjs/hono-base.js:139:94)
packages/server-core test:       at Hono.#dispatch (../../node_modules/hono/dist/cjs/hono-base.js:309:38)
packages/server-core test:       at Hono.fetch (../../node_modules/hono/dist/cjs/hono-base.js:346:26)
packages/server-core test:       at Hono.request (../../node_modules/hono/dist/cjs/hono-base.js:365:17)
packages/server-core test:       at Object.<anonymous> (test/error-propagation.test.ts:144:35)
packages/server-core test:     console.warn
packages/server-core test:       ⚠️ [API] GET /api/auth/login → 401 INVALID_CREDENTIALS: Invalid credentials
packages/server-core test:       81 |     if (error instanceof ApiError || error.name === "ApiError") {
packages/server-core test:       82 |         // Operational errors — log at warn level
packages/server-core test:     > 83 |         console.warn(
packages/server-core test:          |                 ^
packages/server-core test:       84 |             `⚠️ [API] ${c.req.method} ${c.req.path} → ${error.statusCode} ${error.code}: ${error.message}`
packages/server-core test:       85 |         );
packages/server-core test:       86 |         return c.json({
packages/server-core test:       at errorHandler (src/api/errors.ts:83:17)
packages/server-core test:       at dispatch (../../node_modules/hono/dist/cjs/compose.js:47:25)
packages/server-core test:       at ../../node_modules/hono/dist/cjs/compose.js:26:12
packages/server-core test:       at Array.handler (../../node_modules/hono/dist/cjs/hono-base.js:139:94)
packages/server-core test:       at Hono.#dispatch (../../node_modules/hono/dist/cjs/hono-base.js:309:38)
packages/server-core test:       at Hono.fetch (../../node_modules/hono/dist/cjs/hono-base.js:346:26)
packages/server-core test:       at Hono.request (../../node_modules/hono/dist/cjs/hono-base.js:365:17)
packages/server-core test:       at Object.<anonymous> (test/error-propagation.test.ts:157:39)
packages/server-core test:     console.warn
packages/server-core test:       ⚠️ [API] GET /api/auth/register → 409 EMAIL_EXISTS: Email already exists
packages/server-core test:       81 |     if (error instanceof ApiError || error.name === "ApiError") {
packages/server-core test:       82 |         // Operational errors — log at warn level
packages/server-core test:     > 83 |         console.warn(
packages/server-core test:          |                 ^
packages/server-core test:       84 |             `⚠️ [API] ${c.req.method} ${c.req.path} → ${error.statusCode} ${error.code}: ${error.message}`
packages/server-core test:       85 |         );
packages/server-core test:       86 |         return c.json({
packages/server-core test:       at errorHandler (src/api/errors.ts:83:17)
packages/server-core test:       at dispatch (../../node_modules/hono/dist/cjs/compose.js:47:25)
packages/server-core test:       at ../../node_modules/hono/dist/cjs/compose.js:26:12
packages/server-core test:       at Array.handler (../../node_modules/hono/dist/cjs/hono-base.js:139:94)
packages/server-core test:       at Hono.#dispatch (../../node_modules/hono/dist/cjs/hono-base.js:309:38)
packages/server-core test:       at Hono.fetch (../../node_modules/hono/dist/cjs/hono-base.js:346:26)
packages/server-core test:       at Hono.request (../../node_modules/hono/dist/cjs/hono-base.js:365:17)
packages/server-core test:       at Object.<anonymous> (test/error-propagation.test.ts:157:39)
packages/server-core test:     console.warn
packages/server-core test:       ⚠️ [API] GET /api/auth/forbidden → 403 FORBIDDEN: Admin only
packages/server-core test:       81 |     if (error instanceof ApiError || error.name === "ApiError") {
packages/server-core test:       82 |         // Operational errors — log at warn level
packages/server-core test:     > 83 |         console.warn(
packages/server-core test:          |                 ^
packages/server-core test:       84 |             `⚠️ [API] ${c.req.method} ${c.req.path} → ${error.statusCode} ${error.code}: ${error.message}`
packages/server-core test:       85 |         );
packages/server-core test:       86 |         return c.json({
packages/server-core test:       at errorHandler (src/api/errors.ts:83:17)
packages/server-core test:       at dispatch (../../node_modules/hono/dist/cjs/compose.js:47:25)
packages/server-core test:       at ../../node_modules/hono/dist/cjs/compose.js:26:12
packages/server-core test:       at Array.handler (../../node_modules/hono/dist/cjs/hono-base.js:139:94)
packages/server-core test:       at Hono.#dispatch (../../node_modules/hono/dist/cjs/hono-base.js:309:38)
packages/server-core test:       at Hono.fetch (../../node_modules/hono/dist/cjs/hono-base.js:346:26)
packages/server-core test:       at Hono.request (../../node_modules/hono/dist/cjs/hono-base.js:365:17)
packages/server-core test:       at Object.<anonymous> (test/error-propagation.test.ts:157:39)
packages/server-core test:     console.warn
packages/server-core test:       ⚠️ [API] GET /api/auth/not-found → 404 NOT_FOUND: User not found
packages/server-core test:       81 |     if (error instanceof ApiError || error.name === "ApiError") {
packages/server-core test:       82 |         // Operational errors — log at warn level
packages/server-core test:     > 83 |         console.warn(
packages/server-core test:          |                 ^
packages/server-core test:       84 |             `⚠️ [API] ${c.req.method} ${c.req.path} → ${error.statusCode} ${error.code}: ${error.message}`
packages/server-core test:       85 |         );
packages/server-core test:       86 |         return c.json({
packages/server-core test:       at errorHandler (src/api/errors.ts:83:17)
packages/server-core test:       at dispatch (../../node_modules/hono/dist/cjs/compose.js:47:25)
packages/server-core test:       at ../../node_modules/hono/dist/cjs/compose.js:26:12
packages/server-core test:       at Array.handler (../../node_modules/hono/dist/cjs/hono-base.js:139:94)
packages/server-core test:       at Hono.#dispatch (../../node_modules/hono/dist/cjs/hono-base.js:309:38)
packages/server-core test:       at Hono.fetch (../../node_modules/hono/dist/cjs/hono-base.js:346:26)
packages/server-core test:       at Hono.request (../../node_modules/hono/dist/cjs/hono-base.js:365:17)
packages/server-core test:       at Object.<anonymous> (test/error-propagation.test.ts:157:39)
packages/server-core test:     console.warn
packages/server-core test:       ⚠️ [API] GET /api/auth/bad-request → 400 INVALID_INPUT: Missing email
packages/server-core test:       81 |     if (error instanceof ApiError || error.name === "ApiError") {
packages/server-core test:       82 |         // Operational errors — log at warn level
packages/server-core test:     > 83 |         console.warn(
packages/server-core test:          |                 ^
packages/server-core test:       84 |             `⚠️ [API] ${c.req.method} ${c.req.path} → ${error.statusCode} ${error.code}: ${error.message}`
packages/server-core test:       85 |         );
packages/server-core test:       86 |         return c.json({
packages/server-core test:       at errorHandler (src/api/errors.ts:83:17)
packages/server-core test:       at dispatch (../../node_modules/hono/dist/cjs/compose.js:47:25)
packages/server-core test:       at ../../node_modules/hono/dist/cjs/compose.js:26:12
packages/server-core test:       at Array.handler (../../node_modules/hono/dist/cjs/hono-base.js:139:94)
packages/server-core test:       at Hono.#dispatch (../../node_modules/hono/dist/cjs/hono-base.js:309:38)
packages/server-core test:       at Hono.fetch (../../node_modules/hono/dist/cjs/hono-base.js:346:26)
packages/server-core test:       at Hono.request (../../node_modules/hono/dist/cjs/hono-base.js:365:17)
packages/server-core test:       at Object.<anonymous> (test/error-propagation.test.ts:157:39)
packages/server-core test:     console.warn
packages/server-core test:       ⚠️ [API] GET /api/nested/deep → 401 UNAUTHORIZED: Deep error
packages/server-core test:       81 |     if (error instanceof ApiError || error.name === "ApiError") {
packages/server-core test:       82 |         // Operational errors — log at warn level
packages/server-core test:     > 83 |         console.warn(
packages/server-core test:          |                 ^
packages/server-core test:       84 |             `⚠️ [API] ${c.req.method} ${c.req.path} → ${error.statusCode} ${error.code}: ${error.message}`
packages/server-core test:       85 |         );
packages/server-core test:       86 |         return c.json({
packages/server-core test:       at errorHandler (src/api/errors.ts:83:17)
packages/server-core test:       at dispatch (../../node_modules/hono/dist/cjs/compose.js:47:25)
packages/server-core test:       at ../../node_modules/hono/dist/cjs/compose.js:26:12
packages/server-core test:       at Object.handler (../../node_modules/hono/dist/cjs/hono-base.js:139:94)
packages/server-core test:       at ../../node_modules/hono/dist/cjs/hono-base.js:139:106
packages/server-core test:       at dispatch (../../node_modules/hono/dist/cjs/compose.js:43:23)
packages/server-core test:       at ../../node_modules/hono/dist/cjs/compose.js:26:12
packages/server-core test:       at Array.handler (../../node_modules/hono/dist/cjs/hono-base.js:139:94)
packages/server-core test:       at Hono.#dispatch (../../node_modules/hono/dist/cjs/hono-base.js:309:38)
packages/server-core test:       at Hono.fetch (../../node_modules/hono/dist/cjs/hono-base.js:346:26)
packages/server-core test:       at Hono.request (../../node_modules/hono/dist/cjs/hono-base.js:365:17)
packages/server-core test:       at Object.<anonymous> (test/error-propagation.test.ts:186:36)
packages/server-core test:     console.warn
packages/server-core test:       ⚠️ [API] GET /api/data/posts/999 → 404 NOT_FOUND: Entity not found
packages/server-core test:       81 |     if (error instanceof ApiError || error.name === "ApiError") {
packages/server-core test:       82 |         // Operational errors — log at warn level
packages/server-core test:     > 83 |         console.warn(
packages/server-core test:          |                 ^
packages/server-core test:       84 |             `⚠️ [API] ${c.req.method} ${c.req.path} → ${error.statusCode} ${error.code}: ${error.message}`
packages/server-core test:       85 |         );
packages/server-core test:       86 |         return c.json({
packages/server-core test:       at errorHandler (src/api/errors.ts:83:17)
packages/server-core test:       at dispatch (../../node_modules/hono/dist/cjs/compose.js:47:25)
packages/server-core test:       at ../../node_modules/hono/dist/cjs/compose.js:26:12
packages/server-core test:       at Array.handler (../../node_modules/hono/dist/cjs/hono-base.js:139:94)
packages/server-core test:       at Hono.#dispatch (../../node_modules/hono/dist/cjs/hono-base.js:309:38)
packages/server-core test:       at Hono.fetch (../../node_modules/hono/dist/cjs/hono-base.js:346:26)
packages/server-core test:       at Hono.request (../../node_modules/hono/dist/cjs/hono-base.js:365:17)
packages/server-core test:       at Object.<anonymous> (test/error-propagation.test.ts:216:35)
packages/server-core test:     console.warn
packages/server-core test:       ⚠️ [API] POST /api/data/posts → 400 INVALID_INPUT: Validation failed
packages/server-core test:       81 |     if (error instanceof ApiError || error.name === "ApiError") {
packages/server-core test:       82 |         // Operational errors — log at warn level
packages/server-core test:     > 83 |         console.warn(
packages/server-core test:          |                 ^
packages/server-core test:       84 |             `⚠️ [API] ${c.req.method} ${c.req.path} → ${error.statusCode} ${error.code}: ${error.message}`
packages/server-core test:       85 |         );
packages/server-core test:       86 |         return c.json({
packages/server-core test:       at errorHandler (src/api/errors.ts:83:17)
packages/server-core test:       at dispatch (../../node_modules/hono/dist/cjs/compose.js:47:25)
packages/server-core test:       at ../../node_modules/hono/dist/cjs/compose.js:26:12
packages/server-core test:       at Array.handler (../../node_modules/hono/dist/cjs/hono-base.js:139:94)
packages/server-core test:       at Hono.#dispatch (../../node_modules/hono/dist/cjs/hono-base.js:309:38)
packages/server-core test:       at Hono.fetch (../../node_modules/hono/dist/cjs/hono-base.js:346:26)
packages/server-core test:       at Hono.request (../../node_modules/hono/dist/cjs/hono-base.js:365:17)
packages/server-core test:       at Object.<anonymous> (test/error-propagation.test.ts:222:35)
packages/server-core test: PASS src/cron/cron-routes.test.ts
packages/server-core test:   ● Console
packages/server-core test:     console.log
packages/server-core test:       ✅ [cron] "job-a" completed in 0ms
packages/server-core test:       at CronScheduler.executeJob (src/cron/cron-scheduler.ts:389:21)
packages/server-core test:     console.log
packages/server-core test:       ✅ [cron] "job-a" completed in 0ms
packages/server-core test:       at CronScheduler.executeJob (src/cron/cron-scheduler.ts:389:21)
packages/server-core test:     console.log
packages/server-core test:       ✅ [cron] "job-a" completed in 0ms
packages/server-core test:       at CronScheduler.executeJob (src/cron/cron-scheduler.ts:389:21)
packages/server-core test:     console.log
packages/server-core test:       ✅ [cron] "job-a" completed in 0ms
packages/server-core test:       at CronScheduler.executeJob (src/cron/cron-scheduler.ts:389:21)
packages/server-core test:     console.log
packages/server-core test:       ✅ [cron] "job-a" completed in 0ms
packages/server-core test:       at CronScheduler.executeJob (src/cron/cron-scheduler.ts:389:21)
packages/server-core test:     console.error
packages/server-core test:       ❌ [cron] "fail-job" failed in 0ms: kaboom
packages/server-core test:       389 |             console.log(`✅ [cron] "${job.id}" completed in ${durationMs}ms`);
packages/server-core test:       390 |         } else {
packages/server-core test:     > 391 |             console.error(`❌ [cron] "${job.id}" failed in ${durationMs}ms: ${error}`);
packages/server-core test:           |                     ^
packages/server-core test:       392 |         }
packages/server-core test:       393 |
packages/server-core test:       394 |         return logEntry;
packages/server-core test:       at CronScheduler.executeJob (src/cron/cron-scheduler.ts:391:21)
packages/server-core test:       at Array.<anonymous> (src/cron/cron-routes.ts:44:21)
packages/server-core test:       at Object.<anonymous> (src/cron/cron-routes.test.ts:244:25)
packages/server-core test: PASS test/query-parser.test.ts
packages/server-core test: PASS test/safe-compare.test.ts
packages/server-core test: PASS test/storage-registry.test.ts
packages/server-core test:   ● Console
packages/server-core test:     console.warn
packages/server-core test:       [StorageRegistry] Storage "anything" not found, falling back to "(default)"
packages/server-core test:       149 |
packages/server-core test:       150 |         // Fallback to default with warning
packages/server-core test:     > 151 |         console.warn(
packages/server-core test:           |                 ^
packages/server-core test:       152 |             `[StorageRegistry] Storage "${id}" not found, falling back to "${DEFAULT_STORAGE_ID}"`
packages/server-core test:       153 |         );
packages/server-core test:       154 |         return this.getDefault();
packages/server-core test:       at DefaultStorageRegistry.getOrDefault (src/storage/storage-registry.ts:151:17)
packages/server-core test:       at test/storage-registry.test.ts:135:44
packages/server-core test:       at Object.<anonymous> (../../node_modules/expect/build/toThrowMatchers.js:74:11)
packages/server-core test:       at Object.throwingMatcher [as toThrow] (../../node_modules/expect/build/index.js:320:21)
packages/server-core test:       at Object.<anonymous> (test/storage-registry.test.ts:135:70)
packages/server-core test: PASS test/rate-limiter.test.ts
packages/server-core test: PASS src/singleton.test.ts
packages/server-core test: PASS test/errors-hono.test.ts
packages/server-core test:   ● Console
packages/server-core test:     console.warn
packages/server-core test:       ⚠️ [API] GET /bad-request → 400 MISSING_FIELD: Missing required field
packages/server-core test:       81 |     if (error instanceof ApiError || error.name === "ApiError") {
packages/server-core test:       82 |         // Operational errors — log at warn level
packages/server-core test:     > 83 |         console.warn(
packages/server-core test:          |                 ^
packages/server-core test:       84 |             `⚠️ [API] ${c.req.method} ${c.req.path} → ${error.statusCode} ${error.code}: ${error.message}`
packages/server-core test:       85 |         );
packages/server-core test:       86 |         return c.json({
packages/server-core test:       at Hono.errorHandler (src/api/errors.ts:83:17)
packages/server-core test:       at Hono.#handleError (../../node_modules/hono/dist/cjs/hono-base.js:289:19)
packages/server-core test:       at Hono.#dispatch (../../node_modules/hono/dist/cjs/hono-base.js:313:33)
packages/server-core test:       at Hono.fetch (../../node_modules/hono/dist/cjs/hono-base.js:346:26)
packages/server-core test:       at Hono.request (../../node_modules/hono/dist/cjs/hono-base.js:365:17)
packages/server-core test:       at Object.<anonymous> (test/errors-hono.test.ts:46:31)
packages/server-core test:     console.warn
packages/server-core test:       ⚠️ [API] GET /unauthorized → 401 TOKEN_EXPIRED: Token expired
packages/server-core test:       81 |     if (error instanceof ApiError || error.name === "ApiError") {
packages/server-core test:       82 |         // Operational errors — log at warn level
packages/server-core test:     > 83 |         console.warn(
packages/server-core test:          |                 ^
packages/server-core test:       84 |             `⚠️ [API] ${c.req.method} ${c.req.path} → ${error.statusCode} ${error.code}: ${error.message}`
packages/server-core test:       85 |         );
packages/server-core test:       86 |         return c.json({
packages/server-core test:       at Hono.errorHandler (src/api/errors.ts:83:17)
packages/server-core test:       at Hono.#handleError (../../node_modules/hono/dist/cjs/hono-base.js:289:19)
packages/server-core test:       at Hono.#dispatch (../../node_modules/hono/dist/cjs/hono-base.js:313:33)
packages/server-core test:       at Hono.fetch (../../node_modules/hono/dist/cjs/hono-base.js:346:26)
packages/server-core test:       at Hono.request (../../node_modules/hono/dist/cjs/hono-base.js:365:17)
packages/server-core test:       at Object.<anonymous> (test/errors-hono.test.ts:56:31)
packages/server-core test:     console.warn
packages/server-core test:       ⚠️ [API] GET /forbidden → 403 FORBIDDEN: Admin only
packages/server-core test:       81 |     if (error instanceof ApiError || error.name === "ApiError") {
packages/server-core test:       82 |         // Operational errors — log at warn level
packages/server-core test:     > 83 |         console.warn(
packages/server-core test:          |                 ^
packages/server-core test:       84 |             `⚠️ [API] ${c.req.method} ${c.req.path} → ${error.statusCode} ${error.code}: ${error.message}`
packages/server-core test:       85 |         );
packages/server-core test:       86 |         return c.json({
packages/server-core test:       at Hono.errorHandler (src/api/errors.ts:83:17)
packages/server-core test:       at Hono.#handleError (../../node_modules/hono/dist/cjs/hono-base.js:289:19)
packages/server-core test:       at Hono.#dispatch (../../node_modules/hono/dist/cjs/hono-base.js:313:33)
packages/server-core test:       at Hono.fetch (../../node_modules/hono/dist/cjs/hono-base.js:346:26)
packages/server-core test:       at Hono.request (../../node_modules/hono/dist/cjs/hono-base.js:365:17)
packages/server-core test:       at Object.<anonymous> (test/errors-hono.test.ts:64:31)
packages/server-core test:     console.warn
packages/server-core test:       ⚠️ [API] GET /not-found → 404 NOT_FOUND: Entity not found
packages/server-core test:       81 |     if (error instanceof ApiError || error.name === "ApiError") {
packages/server-core test:       82 |         // Operational errors — log at warn level
packages/server-core test:     > 83 |         console.warn(
packages/server-core test:          |                 ^
packages/server-core test:       84 |             `⚠️ [API] ${c.req.method} ${c.req.path} → ${error.statusCode} ${error.code}: ${error.message}`
packages/server-core test:       85 |         );
packages/server-core test:       86 |         return c.json({
packages/server-core test:       at Hono.errorHandler (src/api/errors.ts:83:17)
packages/server-core test:       at Hono.#handleError (../../node_modules/hono/dist/cjs/hono-base.js:289:19)
packages/server-core test:       at Hono.#dispatch (../../node_modules/hono/dist/cjs/hono-base.js:313:33)
packages/server-core test:       at Hono.fetch (../../node_modules/hono/dist/cjs/hono-base.js:346:26)
packages/server-core test:       at Hono.request (../../node_modules/hono/dist/cjs/hono-base.js:365:17)
packages/server-core test:       at Object.<anonymous> (test/errors-hono.test.ts:72:31)
packages/server-core test:     console.warn
packages/server-core test:       ⚠️ [API] GET /conflict → 409 EMAIL_EXISTS: Email already exists
packages/server-core test:       81 |     if (error instanceof ApiError || error.name === "ApiError") {
packages/server-core test:       82 |         // Operational errors — log at warn level
packages/server-core test:     > 83 |         console.warn(
packages/server-core test:          |                 ^
packages/server-core test:       84 |             `⚠️ [API] ${c.req.method} ${c.req.path} → ${error.statusCode} ${error.code}: ${error.message}`
packages/server-core test:       85 |         );
packages/server-core test:       86 |         return c.json({
packages/server-core test:       at Hono.errorHandler (src/api/errors.ts:83:17)
packages/server-core test:       at Hono.#handleError (../../node_modules/hono/dist/cjs/hono-base.js:289:19)
packages/server-core test:       at Hono.#dispatch (../../node_modules/hono/dist/cjs/hono-base.js:313:33)
packages/server-core test:       at Hono.fetch (../../node_modules/hono/dist/cjs/hono-base.js:346:26)
packages/server-core test:       at Hono.request (../../node_modules/hono/dist/cjs/hono-base.js:365:17)
packages/server-core test:       at Object.<anonymous> (test/errors-hono.test.ts:80:31)
packages/server-core test:     console.warn
packages/server-core test:       ⚠️ [API] GET /internal → 500 INTERNAL_ERROR: Database connection failed
packages/server-core test:       81 |     if (error instanceof ApiError || error.name === "ApiError") {
packages/server-core test:       82 |         // Operational errors — log at warn level
packages/server-core test:     > 83 |         console.warn(
packages/server-core test:          |                 ^
packages/server-core test:       84 |             `⚠️ [API] ${c.req.method} ${c.req.path} → ${error.statusCode} ${error.code}: ${error.message}`
packages/server-core test:       85 |         );
packages/server-core test:       86 |         return c.json({
packages/server-core test:       at Hono.errorHandler (src/api/errors.ts:83:17)
packages/server-core test:       at Hono.#handleError (../../node_modules/hono/dist/cjs/hono-base.js:289:19)
packages/server-core test:       at Hono.#dispatch (../../node_modules/hono/dist/cjs/hono-base.js:313:33)
packages/server-core test:       at Hono.fetch (../../node_modules/hono/dist/cjs/hono-base.js:346:26)
packages/server-core test:       at Hono.request (../../node_modules/hono/dist/cjs/hono-base.js:365:17)
packages/server-core test:       at Object.<anonymous> (test/errors-hono.test.ts:88:31)
packages/server-core test:     console.warn
packages/server-core test:       ⚠️ [API] GET /service-unavailable → 503 SERVICE_UNAVAILABLE: Feature not configured
packages/server-core test:       81 |     if (error instanceof ApiError || error.name === "ApiError") {
packages/server-core test:       82 |         // Operational errors — log at warn level
packages/server-core test:     > 83 |         console.warn(
packages/server-core test:          |                 ^
packages/server-core test:       84 |             `⚠️ [API] ${c.req.method} ${c.req.path} → ${error.statusCode} ${error.code}: ${error.message}`
packages/server-core test:       85 |         );
packages/server-core test:       86 |         return c.json({
packages/server-core test:       at Hono.errorHandler (src/api/errors.ts:83:17)
packages/server-core test:       at Hono.#handleError (../../node_modules/hono/dist/cjs/hono-base.js:289:19)
packages/server-core test:       at Hono.#dispatch (../../node_modules/hono/dist/cjs/hono-base.js:313:33)
packages/server-core test:       at Hono.fetch (../../node_modules/hono/dist/cjs/hono-base.js:346:26)
packages/server-core test:       at Hono.request (../../node_modules/hono/dist/cjs/hono-base.js:365:17)
packages/server-core test:       at Object.<anonymous> (test/errors-hono.test.ts:94:31)
packages/server-core test:     console.error
packages/server-core test:       ❌ [API] GET /generic-error → 500 INTERNAL_ERROR: Something went wrong
packages/server-core test:       117 |
packages/server-core test:       118 |     // Unexpected errors — log at error level
packages/server-core test:     > 119 |     console.error(
packages/server-core test:           |             ^
packages/server-core test:       120 |         `❌ [API] ${c.req.method} ${c.req.path} → ${statusCode} ${code}: ${logMessage}`
packages/server-core test:       121 |     );
packages/server-core test:       122 |
packages/server-core test:       at Hono.errorHandler (src/api/errors.ts:119:13)
packages/server-core test:       at Hono.#handleError (../../node_modules/hono/dist/cjs/hono-base.js:289:19)
packages/server-core test:       at Hono.#dispatch (../../node_modules/hono/dist/cjs/hono-base.js:313:33)
packages/server-core test:       at Hono.fetch (../../node_modules/hono/dist/cjs/hono-base.js:346:26)
packages/server-core test:       at Hono.request (../../node_modules/hono/dist/cjs/hono-base.js:365:17)
packages/server-core test:       at Object.<anonymous> (test/errors-hono.test.ts:100:31)
packages/server-core test:     console.error
packages/server-core test:       Error: Something went wrong
packages/server-core test:           at Array.<anonymous> (/Users/francesco/rebase/packages/server-core/test/errors-hono.test.ts:33:19)
packages/server-core test:           at Hono.#dispatch (/Users/francesco/rebase/node_modules/hono/dist/cjs/hono-base.js:309:38)
packages/server-core test:           at Hono.fetch (/Users/francesco/rebase/node_modules/hono/dist/cjs/hono-base.js:346:26)
packages/server-core test:           at Hono.request (/Users/francesco/rebase/node_modules/hono/dist/cjs/hono-base.js:365:17)
packages/server-core test:           at Object.<anonymous> (/Users/francesco/rebase/packages/server-core/test/errors-hono.test.ts:100:31)
packages/server-core test:           at Promise.then.completed (/Users/francesco/rebase/node_modules/jest-circus/build/utils.js:298:28)
packages/server-core test:           at new Promise (<anonymous>)
packages/server-core test:           at callAsyncCircusFn (/Users/francesco/rebase/node_modules/jest-circus/build/utils.js:231:10)
packages/server-core test:           at _callCircusTest (/Users/francesco/rebase/node_modules/jest-circus/build/run.js:316:40)
packages/server-core test:           at processTicksAndRejections (node:internal/process/task_queues:104:5)
packages/server-core test:           at _runTest (/Users/francesco/rebase/node_modules/jest-circus/build/run.js:252:3)
packages/server-core test:           at _runTestsForDescribeBlock (/Users/francesco/rebase/node_modules/jest-circus/build/run.js:126:9)
packages/server-core test:           at _runTestsForDescribeBlock (/Users/francesco/rebase/node_modules/jest-circus/build/run.js:121:9)
packages/server-core test:           at run (/Users/francesco/rebase/node_modules/jest-circus/build/run.js:71:3)
packages/server-core test:           at runAndTransformResultsToJestFormat (/Users/francesco/rebase/node_modules/jest-circus/build/legacy-code-todo-rewrite/jestAdapterInit.js:122:21)
packages/server-core test:           at jestAdapter (/Users/francesco/rebase/node_modules/jest-circus/build/legacy-code-todo-rewrite/jestAdapter.js:79:19)
packages/server-core test:           at runTestInternal (/Users/francesco/rebase/node_modules/jest-runner/build/runTest.js:367:16)
packages/server-core test:           at runTest (/Users/francesco/rebase/node_modules/jest-runner/build/runTest.js:444:34)
packages/server-core test:           at Object.worker (/Users/francesco/rebase/node_modules/jest-runner/build/testWorker.js:106:12)
packages/server-core test:       125 |     const pgErrorCode = causePg?.code || error.code;
packages/server-core test:       126 |     if (pgErrorCode !== "42703" && pgErrorCode !== "42P01") {
packages/server-core test:     > 127 |         console.error(error.stack || error);
packages/server-core test:           |                 ^
packages/server-core test:       128 |     }
packages/server-core test:       129 |
packages/server-core test:       130 |     // Sanitize the message for the client to prevent leaking sensitive details
packages/server-core test:       at Hono.errorHandler (src/api/errors.ts:127:17)
packages/server-core test:       at Hono.#handleError (../../node_modules/hono/dist/cjs/hono-base.js:289:19)
packages/server-core test:       at Hono.#dispatch (../../node_modules/hono/dist/cjs/hono-base.js:313:33)
packages/server-core test:       at Hono.fetch (../../node_modules/hono/dist/cjs/hono-base.js:346:26)
packages/server-core test:       at Hono.request (../../node_modules/hono/dist/cjs/hono-base.js:365:17)
packages/server-core test:       at Object.<anonymous> (test/errors-hono.test.ts:100:31)
packages/server-core test:     console.error
packages/server-core test:       ❌ [API] GET /error-with-code → 500 RATE_LIMITED: Rate limited
packages/server-core test:       117 |
packages/server-core test:       118 |     // Unexpected errors — log at error level
packages/server-core test:     > 119 |     console.error(
packages/server-core test:           |             ^
packages/server-core test:       120 |         `❌ [API] ${c.req.method} ${c.req.path} → ${statusCode} ${code}: ${logMessage}`
packages/server-core test:       121 |     );
packages/server-core test:       122 |
packages/server-core test:       at Hono.errorHandler (src/api/errors.ts:119:13)
packages/server-core test:       at Hono.#handleError (../../node_modules/hono/dist/cjs/hono-base.js:289:19)
packages/server-core test:       at Hono.#dispatch (../../node_modules/hono/dist/cjs/hono-base.js:313:33)
packages/server-core test:       at Hono.fetch (../../node_modules/hono/dist/cjs/hono-base.js:346:26)
packages/server-core test:       at Hono.request (../../node_modules/hono/dist/cjs/hono-base.js:365:17)
packages/server-core test:       at Object.<anonymous> (test/errors-hono.test.ts:109:31)
packages/server-core test:     console.error
packages/server-core test:       Error: Rate limited
packages/server-core test:           at Array.<anonymous> (/Users/francesco/rebase/packages/server-core/test/errors-hono.test.ts:36:25)
packages/server-core test:           at Hono.#dispatch (/Users/francesco/rebase/node_modules/hono/dist/cjs/hono-base.js:309:38)
packages/server-core test:           at Hono.fetch (/Users/francesco/rebase/node_modules/hono/dist/cjs/hono-base.js:346:26)
packages/server-core test:           at Hono.request (/Users/francesco/rebase/node_modules/hono/dist/cjs/hono-base.js:365:17)
packages/server-core test:           at Object.<anonymous> (/Users/francesco/rebase/packages/server-core/test/errors-hono.test.ts:109:31)
packages/server-core test:           at Promise.then.completed (/Users/francesco/rebase/node_modules/jest-circus/build/utils.js:298:28)
packages/server-core test:           at new Promise (<anonymous>)
packages/server-core test:           at callAsyncCircusFn (/Users/francesco/rebase/node_modules/jest-circus/build/utils.js:231:10)
packages/server-core test:           at _callCircusTest (/Users/francesco/rebase/node_modules/jest-circus/build/run.js:316:40)
packages/server-core test:           at processTicksAndRejections (node:internal/process/task_queues:104:5)
packages/server-core test:           at _runTest (/Users/francesco/rebase/node_modules/jest-circus/build/run.js:252:3)
packages/server-core test:           at _runTestsForDescribeBlock (/Users/francesco/rebase/node_modules/jest-circus/build/run.js:126:9)
packages/server-core test:           at _runTestsForDescribeBlock (/Users/francesco/rebase/node_modules/jest-circus/build/run.js:121:9)
packages/server-core test:           at run (/Users/francesco/rebase/node_modules/jest-circus/build/run.js:71:3)
packages/server-core test:           at runAndTransformResultsToJestFormat (/Users/francesco/rebase/node_modules/jest-circus/build/legacy-code-todo-rewrite/jestAdapterInit.js:122:21)
packages/server-core test:           at jestAdapter (/Users/francesco/rebase/node_modules/jest-circus/build/legacy-code-todo-rewrite/jestAdapter.js:79:19)
packages/server-core test:           at runTestInternal (/Users/francesco/rebase/node_modules/jest-runner/build/runTest.js:367:16)
packages/server-core test:           at runTest (/Users/francesco/rebase/node_modules/jest-runner/build/runTest.js:444:34)
packages/server-core test:           at Object.worker (/Users/francesco/rebase/node_modules/jest-runner/build/testWorker.js:106:12)
packages/server-core test:       125 |     const pgErrorCode = causePg?.code || error.code;
packages/server-core test:       126 |     if (pgErrorCode !== "42703" && pgErrorCode !== "42P01") {
packages/server-core test:     > 127 |         console.error(error.stack || error);
packages/server-core test:           |                 ^
packages/server-core test:       128 |     }
packages/server-core test:       129 |
packages/server-core test:       130 |     // Sanitize the message for the client to prevent leaking sensitive details
packages/server-core test:       at Hono.errorHandler (src/api/errors.ts:127:17)
packages/server-core test:       at Hono.#handleError (../../node_modules/hono/dist/cjs/hono-base.js:289:19)
packages/server-core test:       at Hono.#dispatch (../../node_modules/hono/dist/cjs/hono-base.js:313:33)
packages/server-core test:       at Hono.fetch (../../node_modules/hono/dist/cjs/hono-base.js:346:26)
packages/server-core test:       at Hono.request (../../node_modules/hono/dist/cjs/hono-base.js:365:17)
packages/server-core test:       at Object.<anonymous> (test/errors-hono.test.ts:109:31)
packages/server-core test:     console.warn
packages/server-core test:       ⚠️ [API] GET /unauthorized → 401 TOKEN_EXPIRED: Token expired
packages/server-core test:       81 |     if (error instanceof ApiError || error.name === "ApiError") {
packages/server-core test:       82 |         // Operational errors — log at warn level
packages/server-core test:     > 83 |         console.warn(
packages/server-core test:          |                 ^
packages/server-core test:       84 |             `⚠️ [API] ${c.req.method} ${c.req.path} → ${error.statusCode} ${error.code}: ${error.message}`
packages/server-core test:       85 |         );
packages/server-core test:       86 |         return c.json({
packages/server-core test:       at Hono.errorHandler (src/api/errors.ts:83:17)
packages/server-core test:       at Hono.#handleError (../../node_modules/hono/dist/cjs/hono-base.js:289:19)
packages/server-core test:       at Hono.#dispatch (../../node_modules/hono/dist/cjs/hono-base.js:313:33)
packages/server-core test:       at Hono.fetch (../../node_modules/hono/dist/cjs/hono-base.js:346:26)
packages/server-core test:       at Hono.request (../../node_modules/hono/dist/cjs/hono-base.js:365:17)
packages/server-core test:       at Object.<anonymous> (test/errors-hono.test.ts:116:31)
packages/server-core test:     console.warn
packages/server-core test:       ⚠️ [API] GET /bad-request → 400 MISSING_FIELD: Missing required field
packages/server-core test:       81 |     if (error instanceof ApiError || error.name === "ApiError") {
packages/server-core test:       82 |         // Operational errors — log at warn level
packages/server-core test:     > 83 |         console.warn(
packages/server-core test:          |                 ^
packages/server-core test:       84 |             `⚠️ [API] ${c.req.method} ${c.req.path} → ${error.statusCode} ${error.code}: ${error.message}`
packages/server-core test:       85 |         );
packages/server-core test:       86 |         return c.json({
packages/server-core test:       at Hono.errorHandler (src/api/errors.ts:83:17)
packages/server-core test:       at Hono.#handleError (../../node_modules/hono/dist/cjs/hono-base.js:289:19)
packages/server-core test:       at Hono.#dispatch (../../node_modules/hono/dist/cjs/hono-base.js:313:33)
packages/server-core test:       at Hono.fetch (../../node_modules/hono/dist/cjs/hono-base.js:346:26)
packages/server-core test:       at Hono.request (../../node_modules/hono/dist/cjs/hono-base.js:365:17)
packages/server-core test:       at Object.<anonymous> (test/errors-hono.test.ts:126:35)
packages/server-core test:     console.warn
packages/server-core test:       ⚠️ [API] GET /unauthorized → 401 TOKEN_EXPIRED: Token expired
packages/server-core test:       81 |     if (error instanceof ApiError || error.name === "ApiError") {
packages/server-core test:       82 |         // Operational errors — log at warn level
packages/server-core test:     > 83 |         console.warn(
packages/server-core test:          |                 ^
packages/server-core test:       84 |             `⚠️ [API] ${c.req.method} ${c.req.path} → ${error.statusCode} ${error.code}: ${error.message}`
packages/server-core test:       85 |         );
packages/server-core test:       86 |         return c.json({
packages/server-core test:       at Hono.errorHandler (src/api/errors.ts:83:17)
packages/server-core test:       at Hono.#handleError (../../node_modules/hono/dist/cjs/hono-base.js:289:19)
packages/server-core test:       at Hono.#dispatch (../../node_modules/hono/dist/cjs/hono-base.js:313:33)
packages/server-core test:       at Hono.fetch (../../node_modules/hono/dist/cjs/hono-base.js:346:26)
packages/server-core test:       at Hono.request (../../node_modules/hono/dist/cjs/hono-base.js:365:17)
packages/server-core test:       at Object.<anonymous> (test/errors-hono.test.ts:126:35)
packages/server-core test:     console.warn
packages/server-core test:       ⚠️ [API] GET /forbidden → 403 FORBIDDEN: Admin only
packages/server-core test:       81 |     if (error instanceof ApiError || error.name === "ApiError") {
packages/server-core test:       82 |         // Operational errors — log at warn level
packages/server-core test:     > 83 |         console.warn(
packages/server-core test:          |                 ^
packages/server-core test:       84 |             `⚠️ [API] ${c.req.method} ${c.req.path} → ${error.statusCode} ${error.code}: ${error.message}`
packages/server-core test:       85 |         );
packages/server-core test:       86 |         return c.json({
packages/server-core test:       at Hono.errorHandler (src/api/errors.ts:83:17)
packages/server-core test:       at Hono.#handleError (../../node_modules/hono/dist/cjs/hono-base.js:289:19)
packages/server-core test:       at Hono.#dispatch (../../node_modules/hono/dist/cjs/hono-base.js:313:33)
packages/server-core test:       at Hono.fetch (../../node_modules/hono/dist/cjs/hono-base.js:346:26)
packages/server-core test:       at Hono.request (../../node_modules/hono/dist/cjs/hono-base.js:365:17)
packages/server-core test:       at Object.<anonymous> (test/errors-hono.test.ts:126:35)
packages/server-core test:     console.warn
packages/server-core test:       ⚠️ [API] GET /not-found → 404 NOT_FOUND: Entity not found
packages/server-core test:       81 |     if (error instanceof ApiError || error.name === "ApiError") {
packages/server-core test:       82 |         // Operational errors — log at warn level
packages/server-core test:     > 83 |         console.warn(
packages/server-core test:          |                 ^
packages/server-core test:       84 |             `⚠️ [API] ${c.req.method} ${c.req.path} → ${error.statusCode} ${error.code}: ${error.message}`
packages/server-core test:       85 |         );
packages/server-core test:       86 |         return c.json({
packages/server-core test:       at Hono.errorHandler (src/api/errors.ts:83:17)
packages/server-core test:       at Hono.#handleError (../../node_modules/hono/dist/cjs/hono-base.js:289:19)
packages/server-core test:       at Hono.#dispatch (../../node_modules/hono/dist/cjs/hono-base.js:313:33)
packages/server-core test:       at Hono.fetch (../../node_modules/hono/dist/cjs/hono-base.js:346:26)
packages/server-core test:       at Hono.request (../../node_modules/hono/dist/cjs/hono-base.js:365:17)
packages/server-core test:       at Object.<anonymous> (test/errors-hono.test.ts:126:35)
packages/server-core test:     console.warn
packages/server-core test:       ⚠️ [API] GET /internal → 500 INTERNAL_ERROR: Database connection failed
packages/server-core test:       81 |     if (error instanceof ApiError || error.name === "ApiError") {
packages/server-core test:       82 |         // Operational errors — log at warn level
packages/server-core test:     > 83 |         console.warn(
packages/server-core test:          |                 ^
packages/server-core test:       84 |             `⚠️ [API] ${c.req.method} ${c.req.path} → ${error.statusCode} ${error.code}: ${error.message}`
packages/server-core test:       85 |         );
packages/server-core test:       86 |         return c.json({
packages/server-core test:       at Hono.errorHandler (src/api/errors.ts:83:17)
packages/server-core test:       at Hono.#handleError (../../node_modules/hono/dist/cjs/hono-base.js:289:19)
packages/server-core test:       at Hono.#dispatch (../../node_modules/hono/dist/cjs/hono-base.js:313:33)
packages/server-core test:       at Hono.fetch (../../node_modules/hono/dist/cjs/hono-base.js:346:26)
packages/server-core test:       at Hono.request (../../node_modules/hono/dist/cjs/hono-base.js:365:17)
packages/server-core test:       at Object.<anonymous> (test/errors-hono.test.ts:126:35)
packages/server-core test:     console.error
packages/server-core test:       ❌ [API] GET /generic-error → 500 INTERNAL_ERROR: Something went wrong
packages/server-core test:       117 |
packages/server-core test:       118 |     // Unexpected errors — log at error level
packages/server-core test:     > 119 |     console.error(
packages/server-core test:           |             ^
packages/server-core test:       120 |         `❌ [API] ${c.req.method} ${c.req.path} → ${statusCode} ${code}: ${logMessage}`
packages/server-core test:       121 |     );
packages/server-core test:       122 |
packages/server-core test:       at Hono.errorHandler (src/api/errors.ts:119:13)
packages/server-core test:       at Hono.#handleError (../../node_modules/hono/dist/cjs/hono-base.js:289:19)
packages/server-core test:       at Hono.#dispatch (../../node_modules/hono/dist/cjs/hono-base.js:313:33)
packages/server-core test:       at Hono.fetch (../../node_modules/hono/dist/cjs/hono-base.js:346:26)
packages/server-core test:       at Hono.request (../../node_modules/hono/dist/cjs/hono-base.js:365:17)
packages/server-core test:       at Object.<anonymous> (test/errors-hono.test.ts:126:35)
packages/server-core test:     console.error
packages/server-core test:       Error: Something went wrong
packages/server-core test:           at Array.<anonymous> (/Users/francesco/rebase/packages/server-core/test/errors-hono.test.ts:33:19)
packages/server-core test:           at Hono.#dispatch (/Users/francesco/rebase/node_modules/hono/dist/cjs/hono-base.js:309:38)
packages/server-core test:           at Hono.fetch (/Users/francesco/rebase/node_modules/hono/dist/cjs/hono-base.js:346:26)
packages/server-core test:           at Hono.request (/Users/francesco/rebase/node_modules/hono/dist/cjs/hono-base.js:365:17)
packages/server-core test:           at Object.<anonymous> (/Users/francesco/rebase/packages/server-core/test/errors-hono.test.ts:126:35)
packages/server-core test:           at processTicksAndRejections (node:internal/process/task_queues:104:5)
packages/server-core test:       125 |     const pgErrorCode = causePg?.code || error.code;
packages/server-core test:       126 |     if (pgErrorCode !== "42703" && pgErrorCode !== "42P01") {
packages/server-core test:     > 127 |         console.error(error.stack || error);
packages/server-core test:           |                 ^
packages/server-core test:       128 |     }
packages/server-core test:       129 |
packages/server-core test:       130 |     // Sanitize the message for the client to prevent leaking sensitive details
packages/server-core test:       at Hono.errorHandler (src/api/errors.ts:127:17)
packages/server-core test:       at Hono.#handleError (../../node_modules/hono/dist/cjs/hono-base.js:289:19)
packages/server-core test:       at Hono.#dispatch (../../node_modules/hono/dist/cjs/hono-base.js:313:33)
packages/server-core test:       at Hono.fetch (../../node_modules/hono/dist/cjs/hono-base.js:346:26)
packages/server-core test:       at Hono.request (../../node_modules/hono/dist/cjs/hono-base.js:365:17)
packages/server-core test:       at Object.<anonymous> (test/errors-hono.test.ts:126:35)
packages/server-core test: PASS test/auth-routes.test.ts
packages/server-core test:   ● Console
packages/server-core test:     console.warn
packages/server-core test:       ⚠️ [API] POST /auth/register → 409 EMAIL_EXISTS: Email already registered
packages/server-core test:       81 |     if (error instanceof ApiError || error.name === "ApiError") {
packages/server-core test:       82 |         // Operational errors — log at warn level
packages/server-core test:     > 83 |         console.warn(
packages/server-core test:          |                 ^
packages/server-core test:       84 |             `⚠️ [API] ${c.req.method} ${c.req.path} → ${error.statusCode} ${error.code}: ${error.message}`
packages/server-core test:       85 |         );
packages/server-core test:       86 |         return c.json({
packages/server-core test:       at errorHandler (src/api/errors.ts:83:17)
packages/server-core test:       at dispatch (../../node_modules/hono/dist/cjs/compose.js:47:25)
packages/server-core test:       at handler (../../node_modules/hono/dist/cjs/hono-base.js:139:39)
packages/server-core test:       at dispatch (../../node_modules/hono/dist/cjs/compose.js:43:17)
packages/server-core test:       at dispatch (../../node_modules/hono/dist/cjs/compose.js:43:17)
packages/server-core test:       at handler (../../node_modules/hono/dist/cjs/hono-base.js:139:39)
packages/server-core test:       at dispatch (../../node_modules/hono/dist/cjs/compose.js:43:17)
packages/server-core test:       at ../../node_modules/hono/dist/cjs/hono-base.js:322:25
packages/server-core test:       at Object.<anonymous> (test/auth-routes.test.ts:244:25)
packages/server-core test:     console.warn
packages/server-core test:       ⚠️ [API] POST /auth/register → 400 WEAK_PASSWORD: Too short
packages/server-core test:       81 |     if (error instanceof ApiError || error.name === "ApiError") {
packages/server-core test:       82 |         // Operational errors — log at warn level
packages/server-core test:     > 83 |         console.warn(
packages/server-core test:          |                 ^
packages/server-core test:       84 |             `⚠️ [API] ${c.req.method} ${c.req.path} → ${error.statusCode} ${error.code}: ${error.message}`
packages/server-core test:       85 |         );
packages/server-core test:       86 |         return c.json({
packages/server-core test:       at errorHandler (src/api/errors.ts:83:17)
packages/server-core test:       at dispatch (../../node_modules/hono/dist/cjs/compose.js:47:25)
packages/server-core test:       at handler (../../node_modules/hono/dist/cjs/hono-base.js:139:39)
packages/server-core test:       at dispatch (../../node_modules/hono/dist/cjs/compose.js:43:17)
packages/server-core test:       at dispatch (../../node_modules/hono/dist/cjs/compose.js:43:17)
packages/server-core test:       at handler (../../node_modules/hono/dist/cjs/hono-base.js:139:39)
packages/server-core test:       at dispatch (../../node_modules/hono/dist/cjs/compose.js:43:17)
packages/server-core test:       at ../../node_modules/hono/dist/cjs/hono-base.js:322:25
packages/server-core test:       at Object.<anonymous> (test/auth-routes.test.ts:256:25)
packages/server-core test:     console.warn
packages/server-core test:       ⚠️ [API] POST /auth/register → 400 INVALID_INPUT: email: Invalid email address
packages/server-core test:       81 |     if (error instanceof ApiError || error.name === "ApiError") {
packages/server-core test:       82 |         // Operational errors — log at warn level
packages/server-core test:     > 83 |         console.warn(
packages/server-core test:          |                 ^
packages/server-core test:       84 |             `⚠️ [API] ${c.req.method} ${c.req.path} → ${error.statusCode} ${error.code}: ${error.message}`
packages/server-core test:       85 |         );
packages/server-core test:       86 |         return c.json({
packages/server-core test:       at errorHandler (src/api/errors.ts:83:17)
packages/server-core test:       at dispatch (../../node_modules/hono/dist/cjs/compose.js:47:25)
packages/server-core test:       at handler (../../node_modules/hono/dist/cjs/hono-base.js:139:39)
packages/server-core test:       at dispatch (../../node_modules/hono/dist/cjs/compose.js:43:17)
packages/server-core test:       at dispatch (../../node_modules/hono/dist/cjs/compose.js:43:17)
packages/server-core test:       at handler (../../node_modules/hono/dist/cjs/hono-base.js:139:39)
packages/server-core test:       at dispatch (../../node_modules/hono/dist/cjs/compose.js:43:17)
packages/server-core test:       at ../../node_modules/hono/dist/cjs/hono-base.js:322:25
packages/server-core test:       at Object.<anonymous> (test/auth-routes.test.ts:265:25)
packages/server-core test:     console.warn
packages/server-core test:       ⚠️ [API] POST /auth/register → 400 INVALID_INPUT: password: Required
packages/server-core test:       81 |     if (error instanceof ApiError || error.name === "ApiError") {
packages/server-core test:       82 |         // Operational errors — log at warn level
packages/server-core test:     > 83 |         console.warn(
packages/server-core test:          |                 ^
packages/server-core test:       84 |             `⚠️ [API] ${c.req.method} ${c.req.path} → ${error.statusCode} ${error.code}: ${error.message}`
packages/server-core test:       85 |         );
packages/server-core test:       86 |         return c.json({
packages/server-core test:       at errorHandler (src/api/errors.ts:83:17)
packages/server-core test:       at dispatch (../../node_modules/hono/dist/cjs/compose.js:47:25)
packages/server-core test:       at handler (../../node_modules/hono/dist/cjs/hono-base.js:139:39)
packages/server-core test:       at dispatch (../../node_modules/hono/dist/cjs/compose.js:43:17)
packages/server-core test:       at dispatch (../../node_modules/hono/dist/cjs/compose.js:43:17)
packages/server-core test:       at handler (../../node_modules/hono/dist/cjs/hono-base.js:139:39)
packages/server-core test:       at dispatch (../../node_modules/hono/dist/cjs/compose.js:43:17)
packages/server-core test:       at ../../node_modules/hono/dist/cjs/hono-base.js:322:25
packages/server-core test:       at Object.<anonymous> (test/auth-routes.test.ts:274:25)
packages/server-core test:     console.warn
packages/server-core test:       ⚠️ [API] POST /auth/register → 403 REGISTRATION_DISABLED: Registration is disabled
packages/server-core test:       81 |     if (error instanceof ApiError || error.name === "ApiError") {
packages/server-core test:       82 |         // Operational errors — log at warn level
packages/server-core test:     > 83 |         console.warn(
packages/server-core test:          |                 ^
packages/server-core test:       84 |             `⚠️ [API] ${c.req.method} ${c.req.path} → ${error.statusCode} ${error.code}: ${error.message}`
packages/server-core test:       85 |         );
packages/server-core test:       86 |         return c.json({
packages/server-core test:       at errorHandler (src/api/errors.ts:83:17)
packages/server-core test:       at dispatch (../../node_modules/hono/dist/cjs/compose.js:47:25)
packages/server-core test:       at handler (../../node_modules/hono/dist/cjs/hono-base.js:139:39)
packages/server-core test:       at dispatch (../../node_modules/hono/dist/cjs/compose.js:43:17)
packages/server-core test:       at dispatch (../../node_modules/hono/dist/cjs/compose.js:43:17)
packages/server-core test:       at handler (../../node_modules/hono/dist/cjs/hono-base.js:139:39)
packages/server-core test:       at dispatch (../../node_modules/hono/dist/cjs/compose.js:43:17)
packages/server-core test:       at ../../node_modules/hono/dist/cjs/hono-base.js:322:25
packages/server-core test:       at Object.<anonymous> (test/auth-routes.test.ts:281:25)
packages/server-core test:     console.warn
packages/server-core test:       ⚠️ [API] POST /auth/register → 403 REGISTRATION_DISABLED: Registration is disabled
packages/server-core test:       81 |     if (error instanceof ApiError || error.name === "ApiError") {
packages/server-core test:       82 |         // Operational errors — log at warn level
packages/server-core test:     > 83 |         console.warn(
packages/server-core test:          |                 ^
packages/server-core test:       84 |             `⚠️ [API] ${c.req.method} ${c.req.path} → ${error.statusCode} ${error.code}: ${error.message}`
packages/server-core test:       85 |         );
packages/server-core test:       86 |         return c.json({
packages/server-core test:       at errorHandler (src/api/errors.ts:83:17)
packages/server-core test:       at dispatch (../../node_modules/hono/dist/cjs/compose.js:47:25)
packages/server-core test:       at handler (../../node_modules/hono/dist/cjs/hono-base.js:139:39)
packages/server-core test:       at dispatch (../../node_modules/hono/dist/cjs/compose.js:43:17)
packages/server-core test:       at dispatch (../../node_modules/hono/dist/cjs/compose.js:43:17)
packages/server-core test:       at handler (../../node_modules/hono/dist/cjs/hono-base.js:139:39)
packages/server-core test:       at dispatch (../../node_modules/hono/dist/cjs/compose.js:43:17)
packages/server-core test:       at ../../node_modules/hono/dist/cjs/hono-base.js:322:25
packages/server-core test:       at Object.<anonymous> (test/auth-routes.test.ts:293:25)
packages/server-core test:     console.warn
packages/server-core test:       ⚠️ [API] POST /auth/login → 401 INVALID_CREDENTIALS: Invalid email or password
packages/server-core test:       81 |     if (error instanceof ApiError || error.name === "ApiError") {
packages/server-core test:       82 |         // Operational errors — log at warn level
packages/server-core test:     > 83 |         console.warn(
packages/server-core test:          |                 ^
packages/server-core test:       84 |             `⚠️ [API] ${c.req.method} ${c.req.path} → ${error.statusCode} ${error.code}: ${error.message}`
packages/server-core test:       85 |         );
packages/server-core test:       86 |         return c.json({
packages/server-core test:       at errorHandler (src/api/errors.ts:83:17)
packages/server-core test:       at dispatch (../../node_modules/hono/dist/cjs/compose.js:47:25)
packages/server-core test:       at handler (../../node_modules/hono/dist/cjs/hono-base.js:139:39)
packages/server-core test:       at dispatch (../../node_modules/hono/dist/cjs/compose.js:43:17)
packages/server-core test:       at dispatch (../../node_modules/hono/dist/cjs/compose.js:43:17)
packages/server-core test:       at handler (../../node_modules/hono/dist/cjs/hono-base.js:139:39)
packages/server-core test:       at dispatch (../../node_modules/hono/dist/cjs/compose.js:43:17)
packages/server-core test:       at ../../node_modules/hono/dist/cjs/hono-base.js:322:25
packages/server-core test:       at Object.<anonymous> (test/auth-routes.test.ts:328:25)
packages/server-core test:     console.warn
packages/server-core test:       ⚠️ [API] POST /auth/login → 401 INVALID_CREDENTIALS: Invalid email or password
packages/server-core test:       81 |     if (error instanceof ApiError || error.name === "ApiError") {
packages/server-core test:       82 |         // Operational errors — log at warn level
packages/server-core test:     > 83 |         console.warn(
packages/server-core test:          |                 ^
packages/server-core test:       84 |             `⚠️ [API] ${c.req.method} ${c.req.path} → ${error.statusCode} ${error.code}: ${error.message}`
packages/server-core test:       85 |         );
packages/server-core test:       86 |         return c.json({
packages/server-core test:       at errorHandler (src/api/errors.ts:83:17)
packages/server-core test:       at dispatch (../../node_modules/hono/dist/cjs/compose.js:47:25)
packages/server-core test:       at handler (../../node_modules/hono/dist/cjs/hono-base.js:139:39)
packages/server-core test:       at dispatch (../../node_modules/hono/dist/cjs/compose.js:43:17)
packages/server-core test:       at dispatch (../../node_modules/hono/dist/cjs/compose.js:43:17)
packages/server-core test:       at handler (../../node_modules/hono/dist/cjs/hono-base.js:139:39)
packages/server-core test:       at dispatch (../../node_modules/hono/dist/cjs/compose.js:43:17)
packages/server-core test:       at ../../node_modules/hono/dist/cjs/hono-base.js:322:25
packages/server-core test:       at Object.<anonymous> (test/auth-routes.test.ts:340:25)
packages/server-core test:     console.warn
packages/server-core test:       ⚠️ [API] POST /auth/login → 401 INVALID_CREDENTIALS: Invalid email or password
packages/server-core test:       81 |     if (error instanceof ApiError || error.name === "ApiError") {
packages/server-core test:       82 |         // Operational errors — log at warn level
packages/server-core test:     > 83 |         console.warn(
packages/server-core test:          |                 ^
packages/server-core test:       84 |             `⚠️ [API] ${c.req.method} ${c.req.path} → ${error.statusCode} ${error.code}: ${error.message}`
packages/server-core test:       85 |         );
packages/server-core test:       86 |         return c.json({
packages/server-core test:       at errorHandler (src/api/errors.ts:83:17)
packages/server-core test:       at dispatch (../../node_modules/hono/dist/cjs/compose.js:47:25)
packages/server-core test:       at handler (../../node_modules/hono/dist/cjs/hono-base.js:139:39)
packages/server-core test:       at dispatch (../../node_modules/hono/dist/cjs/compose.js:43:17)
packages/server-core test:       at dispatch (../../node_modules/hono/dist/cjs/compose.js:43:17)
packages/server-core test:       at handler (../../node_modules/hono/dist/cjs/hono-base.js:139:39)
packages/server-core test:       at dispatch (../../node_modules/hono/dist/cjs/compose.js:43:17)
packages/server-core test:       at ../../node_modules/hono/dist/cjs/hono-base.js:322:25
packages/server-core test:       at Object.<anonymous> (test/auth-routes.test.ts:349:25)
packages/server-core test:     console.warn
packages/server-core test:       ⚠️ [API] POST /auth/login → 400 INVALID_INPUT: email: Required
packages/server-core test:       81 |     if (error instanceof ApiError || error.name === "ApiError") {
packages/server-core test:       82 |         // Operational errors — log at warn level
packages/server-core test:     > 83 |         console.warn(
packages/server-core test:          |                 ^
packages/server-core test:       84 |             `⚠️ [API] ${c.req.method} ${c.req.path} → ${error.statusCode} ${error.code}: ${error.message}`
packages/server-core test:       85 |         );
packages/server-core test:       86 |         return c.json({
packages/server-core test:       at errorHandler (src/api/errors.ts:83:17)
packages/server-core test:       at dispatch (../../node_modules/hono/dist/cjs/compose.js:47:25)
packages/server-core test:       at handler (../../node_modules/hono/dist/cjs/hono-base.js:139:39)
packages/server-core test:       at dispatch (../../node_modules/hono/dist/cjs/compose.js:43:17)
packages/server-core test:       at dispatch (../../node_modules/hono/dist/cjs/compose.js:43:17)
packages/server-core test:       at handler (../../node_modules/hono/dist/cjs/hono-base.js:139:39)
packages/server-core test:       at dispatch (../../node_modules/hono/dist/cjs/compose.js:43:17)
packages/server-core test:       at ../../node_modules/hono/dist/cjs/hono-base.js:322:25
packages/server-core test:       at Object.<anonymous> (test/auth-routes.test.ts:356:25)
packages/server-core test:     console.warn
packages/server-core test:       ⚠️ [API] POST /auth/google → 401 INVALID_TOKEN: Invalid google credentials
packages/server-core test:       81 |     if (error instanceof ApiError || error.name === "ApiError") {
packages/server-core test:       82 |         // Operational errors — log at warn level
packages/server-core test:     > 83 |         console.warn(
packages/server-core test:          |                 ^
packages/server-core test:       84 |             `⚠️ [API] ${c.req.method} ${c.req.path} → ${error.statusCode} ${error.code}: ${error.message}`
packages/server-core test:       85 |         );
packages/server-core test:       86 |         return c.json({
packages/server-core test:       at errorHandler (src/api/errors.ts:83:17)
packages/server-core test:       at dispatch (../../node_modules/hono/dist/cjs/compose.js:47:25)
packages/server-core test:       at handler (../../node_modules/hono/dist/cjs/hono-base.js:139:39)
packages/server-core test:       at dispatch (../../node_modules/hono/dist/cjs/compose.js:43:17)
packages/server-core test:       at dispatch (../../node_modules/hono/dist/cjs/compose.js:43:17)
packages/server-core test:       at handler (../../node_modules/hono/dist/cjs/hono-base.js:139:39)
packages/server-core test:       at dispatch (../../node_modules/hono/dist/cjs/compose.js:43:17)
packages/server-core test:       at ../../node_modules/hono/dist/cjs/hono-base.js:322:25
packages/server-core test:       at Object.<anonymous> (test/auth-routes.test.ts:382:25)
packages/server-core test:     console.warn
packages/server-core test:       ⚠️ [API] POST /auth/refresh → 401 INVALID_TOKEN: Invalid refresh token
packages/server-core test:       81 |     if (error instanceof ApiError || error.name === "ApiError") {
packages/server-core test:       82 |         // Operational errors — log at warn level
packages/server-core test:     > 83 |         console.warn(
packages/server-core test:          |                 ^
packages/server-core test:       84 |             `⚠️ [API] ${c.req.method} ${c.req.path} → ${error.statusCode} ${error.code}: ${error.message}`
packages/server-core test:       85 |         );
packages/server-core test:       86 |         return c.json({
packages/server-core test:       at errorHandler (src/api/errors.ts:83:17)
packages/server-core test:       at dispatch (../../node_modules/hono/dist/cjs/compose.js:47:25)
packages/server-core test:       at Array.handler (../../node_modules/hono/dist/cjs/hono-base.js:139:39)
packages/server-core test:       at Object.<anonymous> (test/auth-routes.test.ts:473:25)
packages/server-core test:     console.warn
packages/server-core test:       ⚠️ [API] POST /auth/refresh → 401 TOKEN_EXPIRED: Refresh token expired
packages/server-core test:       81 |     if (error instanceof ApiError || error.name === "ApiError") {
packages/server-core test:       82 |         // Operational errors — log at warn level
packages/server-core test:     > 83 |         console.warn(
packages/server-core test:          |                 ^
packages/server-core test:       84 |             `⚠️ [API] ${c.req.method} ${c.req.path} → ${error.statusCode} ${error.code}: ${error.message}`
packages/server-core test:       85 |         );
packages/server-core test:       86 |         return c.json({
packages/server-core test:       at errorHandler (src/api/errors.ts:83:17)
packages/server-core test:       at dispatch (../../node_modules/hono/dist/cjs/compose.js:47:25)
packages/server-core test:       at Array.handler (../../node_modules/hono/dist/cjs/hono-base.js:139:39)
packages/server-core test:       at Object.<anonymous> (test/auth-routes.test.ts:491:25)
packages/server-core test:     console.warn
packages/server-core test:       ⚠️ [API] POST /auth/refresh → 400 INVALID_INPUT: refreshToken: Required
packages/server-core test:       81 |     if (error instanceof ApiError || error.name === "ApiError") {
packages/server-core test:       82 |         // Operational errors — log at warn level
packages/server-core test:     > 83 |         console.warn(
packages/server-core test:          |                 ^
packages/server-core test:       84 |             `⚠️ [API] ${c.req.method} ${c.req.path} → ${error.statusCode} ${error.code}: ${error.message}`
packages/server-core test:       85 |         );
packages/server-core test:       86 |         return c.json({
packages/server-core test:       at errorHandler (src/api/errors.ts:83:17)
packages/server-core test:       at dispatch (../../node_modules/hono/dist/cjs/compose.js:47:25)
packages/server-core test:       at Array.handler (../../node_modules/hono/dist/cjs/hono-base.js:139:39)
packages/server-core test:       at Object.<anonymous> (test/auth-routes.test.ts:500:25)
packages/server-core test:     console.warn
packages/server-core test:       ⚠️ [API] POST /auth/forgot-password → 503 EMAIL_NOT_CONFIGURED: Email service not configured. Password reset is not available.
packages/server-core test:       81 |     if (error instanceof ApiError || error.name === "ApiError") {
packages/server-core test:       82 |         // Operational errors — log at warn level
packages/server-core test:     > 83 |         console.warn(
packages/server-core test:          |                 ^
packages/server-core test:       84 |             `⚠️ [API] ${c.req.method} ${c.req.path} → ${error.statusCode} ${error.code}: ${error.message}`
packages/server-core test:       85 |         );
packages/server-core test:       86 |         return c.json({
packages/server-core test:       at errorHandler (src/api/errors.ts:83:17)
packages/server-core test:       at dispatch (../../node_modules/hono/dist/cjs/compose.js:47:25)
packages/server-core test:       at handler (../../node_modules/hono/dist/cjs/hono-base.js:139:39)
packages/server-core test:       at dispatch (../../node_modules/hono/dist/cjs/compose.js:43:17)
packages/server-core test:       at dispatch (../../node_modules/hono/dist/cjs/compose.js:43:17)
packages/server-core test:       at handler (../../node_modules/hono/dist/cjs/hono-base.js:139:39)
packages/server-core test:       at dispatch (../../node_modules/hono/dist/cjs/compose.js:43:17)
packages/server-core test:       at ../../node_modules/hono/dist/cjs/hono-base.js:322:25
packages/server-core test:       at Object.<anonymous> (test/auth-routes.test.ts:554:25)
packages/server-core test:     console.warn
packages/server-core test:       ⚠️ [API] POST /auth/reset-password → 400 INVALID_TOKEN: Invalid or expired reset token
packages/server-core test:       81 |     if (error instanceof ApiError || error.name === "ApiError") {
packages/server-core test:       82 |         // Operational errors — log at warn level
packages/server-core test:     > 83 |         console.warn(
packages/server-core test:          |                 ^
packages/server-core test:       84 |             `⚠️ [API] ${c.req.method} ${c.req.path} → ${error.statusCode} ${error.code}: ${error.message}`
packages/server-core test:       85 |         );
packages/server-core test:       86 |         return c.json({
packages/server-core test:       at errorHandler (src/api/errors.ts:83:17)
packages/server-core test:       at dispatch (../../node_modules/hono/dist/cjs/compose.js:47:25)
packages/server-core test:       at handler (../../node_modules/hono/dist/cjs/hono-base.js:139:39)
packages/server-core test:       at dispatch (../../node_modules/hono/dist/cjs/compose.js:43:17)
packages/server-core test:       at dispatch (../../node_modules/hono/dist/cjs/compose.js:43:17)
packages/server-core test:       at handler (../../node_modules/hono/dist/cjs/hono-base.js:139:39)
packages/server-core test:       at dispatch (../../node_modules/hono/dist/cjs/compose.js:43:17)
packages/server-core test:       at ../../node_modules/hono/dist/cjs/hono-base.js:322:25
packages/server-core test:       at Object.<anonymous> (test/auth-routes.test.ts:593:25)
packages/server-core test:     console.warn
packages/server-core test:       ⚠️ [API] POST /auth/reset-password → 400 WEAK_PASSWORD: Too weak
packages/server-core test:       81 |     if (error instanceof ApiError || error.name === "ApiError") {
packages/server-core test:       82 |         // Operational errors — log at warn level
packages/server-core test:     > 83 |         console.warn(
packages/server-core test:          |                 ^
packages/server-core test:       84 |             `⚠️ [API] ${c.req.method} ${c.req.path} → ${error.statusCode} ${error.code}: ${error.message}`
packages/server-core test:       85 |         );
packages/server-core test:       86 |         return c.json({
packages/server-core test:       at errorHandler (src/api/errors.ts:83:17)
packages/server-core test:       at dispatch (../../node_modules/hono/dist/cjs/compose.js:47:25)
packages/server-core test:       at handler (../../node_modules/hono/dist/cjs/hono-base.js:139:39)
packages/server-core test:       at dispatch (../../node_modules/hono/dist/cjs/compose.js:43:17)
packages/server-core test:       at dispatch (../../node_modules/hono/dist/cjs/compose.js:43:17)
packages/server-core test:       at handler (../../node_modules/hono/dist/cjs/hono-base.js:139:39)
packages/server-core test:       at dispatch (../../node_modules/hono/dist/cjs/compose.js:43:17)
packages/server-core test:       at ../../node_modules/hono/dist/cjs/hono-base.js:322:25
packages/server-core test:       at Object.<anonymous> (test/auth-routes.test.ts:605:25)
packages/server-core test:     console.warn
packages/server-core test:       ⚠️ [API] POST /auth/change-password → 401 INVALID_CREDENTIALS: Current password is incorrect
packages/server-core test:       81 |     if (error instanceof ApiError || error.name === "ApiError") {
packages/server-core test:       82 |         // Operational errors — log at warn level
packages/server-core test:     > 83 |         console.warn(
packages/server-core test:          |                 ^
packages/server-core test:       84 |             `⚠️ [API] ${c.req.method} ${c.req.path} → ${error.statusCode} ${error.code}: ${error.message}`
packages/server-core test:       85 |         );
packages/server-core test:       86 |         return c.json({
packages/server-core test:       at errorHandler (src/api/errors.ts:83:17)
packages/server-core test:       at dispatch (../../node_modules/hono/dist/cjs/compose.js:47:25)
packages/server-core test:       at handler (../../node_modules/hono/dist/cjs/hono-base.js:139:39)
packages/server-core test:       at dispatch (../../node_modules/hono/dist/cjs/compose.js:43:17)
packages/server-core test:       at dispatch (../../node_modules/hono/dist/cjs/compose.js:43:17)
packages/server-core test:       at handler (../../node_modules/hono/dist/cjs/hono-base.js:139:39)
packages/server-core test:       at dispatch (../../node_modules/hono/dist/cjs/compose.js:43:17)
packages/server-core test:       at ../../node_modules/hono/dist/cjs/hono-base.js:322:25
packages/server-core test:       at Object.<anonymous> (test/auth-routes.test.ts:647:25)
packages/server-core test:     console.warn
packages/server-core test:       ⚠️ [API] POST /auth/change-password → 400 WEAK_PASSWORD: Too short
packages/server-core test:       81 |     if (error instanceof ApiError || error.name === "ApiError") {
packages/server-core test:       82 |         // Operational errors — log at warn level
packages/server-core test:     > 83 |         console.warn(
packages/server-core test:          |                 ^
packages/server-core test:       84 |             `⚠️ [API] ${c.req.method} ${c.req.path} → ${error.statusCode} ${error.code}: ${error.message}`
packages/server-core test:       85 |         );
packages/server-core test:       86 |         return c.json({
packages/server-core test:       at errorHandler (src/api/errors.ts:83:17)
packages/server-core test:       at dispatch (../../node_modules/hono/dist/cjs/compose.js:47:25)
packages/server-core test:       at handler (../../node_modules/hono/dist/cjs/hono-base.js:139:39)
packages/server-core test:       at dispatch (../../node_modules/hono/dist/cjs/compose.js:43:17)
packages/server-core test:       at dispatch (../../node_modules/hono/dist/cjs/compose.js:43:17)
packages/server-core test:       at handler (../../node_modules/hono/dist/cjs/hono-base.js:139:39)
packages/server-core test:       at dispatch (../../node_modules/hono/dist/cjs/compose.js:43:17)
packages/server-core test:       at ../../node_modules/hono/dist/cjs/hono-base.js:322:25
packages/server-core test:       at Object.<anonymous> (test/auth-routes.test.ts:662:25)
packages/server-core test:     console.warn
packages/server-core test:       ⚠️ [API] POST /auth/change-password → 400 INVALID_ACCOUNT: Cannot change password for this account
packages/server-core test:       81 |     if (error instanceof ApiError || error.name === "ApiError") {
packages/server-core test:       82 |         // Operational errors — log at warn level
packages/server-core test:     > 83 |         console.warn(
packages/server-core test:          |                 ^
packages/server-core test:       84 |             `⚠️ [API] ${c.req.method} ${c.req.path} → ${error.statusCode} ${error.code}: ${error.message}`
packages/server-core test:       85 |         );
packages/server-core test:       86 |         return c.json({
packages/server-core test:       at errorHandler (src/api/errors.ts:83:17)
packages/server-core test:       at dispatch (../../node_modules/hono/dist/cjs/compose.js:47:25)
packages/server-core test:       at handler (../../node_modules/hono/dist/cjs/hono-base.js:139:39)
packages/server-core test:       at dispatch (../../node_modules/hono/dist/cjs/compose.js:43:17)
packages/server-core test:       at dispatch (../../node_modules/hono/dist/cjs/compose.js:43:17)
packages/server-core test:       at handler (../../node_modules/hono/dist/cjs/hono-base.js:139:39)
packages/server-core test:       at dispatch (../../node_modules/hono/dist/cjs/compose.js:43:17)
packages/server-core test:       at ../../node_modules/hono/dist/cjs/hono-base.js:322:25
packages/server-core test:       at Object.<anonymous> (test/auth-routes.test.ts:682:25)
packages/server-core test:     console.warn
packages/server-core test:       ⚠️ [API] POST /auth/send-verification → 400 ALREADY_VERIFIED: Email is already verified
packages/server-core test:       81 |     if (error instanceof ApiError || error.name === "ApiError") {
packages/server-core test:       82 |         // Operational errors — log at warn level
packages/server-core test:     > 83 |         console.warn(
packages/server-core test:          |                 ^
packages/server-core test:       84 |             `⚠️ [API] ${c.req.method} ${c.req.path} → ${error.statusCode} ${error.code}: ${error.message}`
packages/server-core test:       85 |         );
packages/server-core test:       86 |         return c.json({
packages/server-core test:       at errorHandler (src/api/errors.ts:83:17)
packages/server-core test:       at dispatch (../../node_modules/hono/dist/cjs/compose.js:47:25)
packages/server-core test:       at handler (../../node_modules/hono/dist/cjs/hono-base.js:139:39)
packages/server-core test:       at dispatch (../../node_modules/hono/dist/cjs/compose.js:43:17)
packages/server-core test:       at dispatch (../../node_modules/hono/dist/cjs/compose.js:43:17)
packages/server-core test:       at handler (../../node_modules/hono/dist/cjs/hono-base.js:139:39)
packages/server-core test:       at dispatch (../../node_modules/hono/dist/cjs/compose.js:43:17)
packages/server-core test:       at ../../node_modules/hono/dist/cjs/hono-base.js:322:25
packages/server-core test:       at Object.<anonymous> (test/auth-routes.test.ts:714:29)
packages/server-core test:     console.warn
packages/server-core test:       ⚠️ [API] POST /auth/send-verification → 503 EMAIL_NOT_CONFIGURED: Email service not configured. Email verification is not available.
packages/server-core test:       81 |     if (error instanceof ApiError || error.name === "ApiError") {
packages/server-core test:       82 |         // Operational errors — log at warn level
packages/server-core test:     > 83 |         console.warn(
packages/server-core test:          |                 ^
packages/server-core test:       84 |             `⚠️ [API] ${c.req.method} ${c.req.path} → ${error.statusCode} ${error.code}: ${error.message}`
packages/server-core test:       85 |         );
packages/server-core test:       86 |         return c.json({
packages/server-core test:       at errorHandler (src/api/errors.ts:83:17)
packages/server-core test:       at dispatch (../../node_modules/hono/dist/cjs/compose.js:47:25)
packages/server-core test:       at handler (../../node_modules/hono/dist/cjs/hono-base.js:139:39)
packages/server-core test:       at dispatch (../../node_modules/hono/dist/cjs/compose.js:43:17)
packages/server-core test:     console.warn
packages/server-core test:       ⚠️ [API] GET /auth/verify-email → 400 INVALID_TOKEN: Invalid or expired verification token
packages/server-core test:       81 |     if (error instanceof ApiError || error.name === "ApiError") {
packages/server-core test:       82 |         // Operational errors — log at warn level
packages/server-core test:     > 83 |         console.warn(
packages/server-core test:          |                 ^
packages/server-core test:       84 |             `⚠️ [API] ${c.req.method} ${c.req.path} → ${error.statusCode} ${error.code}: ${error.message}`
packages/server-core test:       85 |         );
packages/server-core test:       86 |         return c.json({
packages/server-core test:       at errorHandler (src/api/errors.ts:83:17)
packages/server-core test:       at dispatch (../../node_modules/hono/dist/cjs/compose.js:47:25)
packages/server-core test:       at Array.handler (../../node_modules/hono/dist/cjs/hono-base.js:139:39)
packages/server-core test:       at Object.<anonymous> (test/auth-routes.test.ts:753:29)
packages/server-core test:     console.warn
packages/server-core test:       ⚠️ [API] GET /auth/verify-email → 400 INVALID_INPUT: Verification token is required
packages/server-core test:       81 |     if (error instanceof ApiError || error.name === "ApiError") {
packages/server-core test:       82 |         // Operational errors — log at warn level
packages/server-core test:     > 83 |         console.warn(
packages/server-core test:          |                 ^
packages/server-core test:       84 |             `⚠️ [API] ${c.req.method} ${c.req.path} → ${error.statusCode} ${error.code}: ${error.message}`
packages/server-core test:       85 |         );
packages/server-core test:       86 |         return c.json({
packages/server-core test:       at errorHandler (src/api/errors.ts:83:17)
packages/server-core test:       at dispatch (../../node_modules/hono/dist/cjs/compose.js:47:25)
packages/server-core test:       at Array.handler (../../node_modules/hono/dist/cjs/hono-base.js:139:39)
packages/server-core test:       at Object.<anonymous> (test/auth-routes.test.ts:761:29)
packages/server-core test:     console.warn
packages/server-core test:       ⚠️ [API] GET /auth/me → 404 NOT_FOUND: User not found
packages/server-core test:       81 |     if (error instanceof ApiError || error.name === "ApiError") {
packages/server-core test:       82 |         // Operational errors — log at warn level
packages/server-core test:     > 83 |         console.warn(
packages/server-core test:          |                 ^
packages/server-core test:       84 |             `⚠️ [API] ${c.req.method} ${c.req.path} → ${error.statusCode} ${error.code}: ${error.message}`
packages/server-core test:       85 |         );
packages/server-core test:       86 |         return c.json({
packages/server-core test:       at errorHandler (src/api/errors.ts:83:17)
packages/server-core test:       at dispatch (../../node_modules/hono/dist/cjs/compose.js:47:25)
packages/server-core test:       at handler (../../node_modules/hono/dist/cjs/hono-base.js:139:39)
packages/server-core test:       at dispatch (../../node_modules/hono/dist/cjs/compose.js:43:17)
packages/server-core test:       at dispatch (../../node_modules/hono/dist/cjs/compose.js:43:17)
packages/server-core test:       at handler (../../node_modules/hono/dist/cjs/hono-base.js:139:39)
packages/server-core test:       at dispatch (../../node_modules/hono/dist/cjs/compose.js:43:17)
packages/server-core test:       at ../../node_modules/hono/dist/cjs/hono-base.js:322:25
packages/server-core test:       at Object.<anonymous> (test/auth-routes.test.ts:790:25)
packages/server-core test:     console.warn
packages/server-core test:       ⚠️ [API] POST /auth/register → 403 REGISTRATION_DISABLED: Registration is disabled
packages/server-core test:       81 |     if (error instanceof ApiError || error.name === "ApiError") {
packages/server-core test:       82 |         // Operational errors — log at warn level
packages/server-core test:     > 83 |         console.warn(
packages/server-core test:          |                 ^
packages/server-core test:       84 |             `⚠️ [API] ${c.req.method} ${c.req.path} → ${error.statusCode} ${error.code}: ${error.message}`
packages/server-core test:       85 |         );
packages/server-core test:       86 |         return c.json({
packages/server-core test:       at errorHandler (src/api/errors.ts:83:17)
packages/server-core test:       at dispatch (../../node_modules/hono/dist/cjs/compose.js:47:25)
packages/server-core test:       at handler (../../node_modules/hono/dist/cjs/hono-base.js:139:39)
packages/server-core test:       at dispatch (../../node_modules/hono/dist/cjs/compose.js:43:17)
packages/server-core test:       at dispatch (../../node_modules/hono/dist/cjs/compose.js:43:17)
packages/server-core test:       at handler (../../node_modules/hono/dist/cjs/hono-base.js:139:39)
packages/server-core test:       at dispatch (../../node_modules/hono/dist/cjs/compose.js:43:17)
packages/server-core test:       at ../../node_modules/hono/dist/cjs/hono-base.js:322:25
packages/server-core test:       at Object.<anonymous> (test/auth-routes.test.ts:979:25)
packages/server-core test:     console.warn
packages/server-core test:       ⚠️ [API] POST /auth/register → 403 REGISTRATION_DISABLED: Registration is disabled
packages/server-core test:       81 |     if (error instanceof ApiError || error.name === "ApiError") {
packages/server-core test:       82 |         // Operational errors — log at warn level
packages/server-core test:     > 83 |         console.warn(
packages/server-core test:          |                 ^
packages/server-core test:       84 |             `⚠️ [API] ${c.req.method} ${c.req.path} → ${error.statusCode} ${error.code}: ${error.message}`
packages/server-core test:       85 |         );
packages/server-core test:       86 |         return c.json({
packages/server-core test:       at errorHandler (src/api/errors.ts:83:17)
packages/server-core test:       at dispatch (../../node_modules/hono/dist/cjs/compose.js:47:25)
packages/server-core test:       at handler (../../node_modules/hono/dist/cjs/hono-base.js:139:39)
packages/server-core test:       at dispatch (../../node_modules/hono/dist/cjs/compose.js:43:17)
packages/server-core test:       at dispatch (../../node_modules/hono/dist/cjs/compose.js:43:17)
packages/server-core test:       at handler (../../node_modules/hono/dist/cjs/hono-base.js:139:39)
packages/server-core test:       at dispatch (../../node_modules/hono/dist/cjs/compose.js:43:17)
packages/server-core test:       at ../../node_modules/hono/dist/cjs/hono-base.js:322:25
packages/server-core test:       at Object.<anonymous> (test/auth-routes.test.ts:995:25)
packages/sdk-generator test: PASS test/sdk-generator.test.ts
packages/sdk-generator test:   Utils
packages/sdk-generator test:     toPascalCase
packages/sdk-generator test:       ✓ converts snake_case to PascalCase (1 ms)
packages/sdk-generator test:       ✓ handles already PascalCase input
packages/sdk-generator test:     toCamelCase
packages/sdk-generator test:       ✓ converts snake_case to camelCase
packages/sdk-generator test:     toSafeIdentifier
packages/sdk-generator test:       ✓ converts slugs to camelCase
packages/sdk-generator test:   generateTypedefs
packages/sdk-generator test:     ✓ generates a typescript interface for a collection (1 ms)
packages/sdk-generator test:   generateSDK
packages/sdk-generator test:     ✓ returns an array of generated files including database.types.ts and README.md (1 ms)
packages/sdk-generator test: Test Suites: 1 passed, 1 total
packages/sdk-generator test: Tests:       6 passed, 6 total
packages/sdk-generator test: Snapshots:   0 total
packages/sdk-generator test: Time:        1.284 s, estimated 2 s
packages/sdk-generator test: Ran all test suites.
packages/sdk-generator test: Done
packages/server-core test: PASS test/ast-schema-editor.test.ts
packages/server-core test: PASS src/cron/cron-scheduler.test.ts
packages/server-core test:   ● Console
packages/server-core test:     console.warn
packages/server-core test:       [cron] Duplicate cron job id: "dup". Overwriting.
packages/server-core test:       151 |             const existing = this.jobs.get(loaded.id);
packages/server-core test:       152 |             if (existing) {
packages/server-core test:     > 153 |                 console.warn(`[cron] Duplicate cron job id: "${loaded.id}". Overwriting.`);
packages/server-core test:           |                         ^
packages/server-core test:       154 |                 this.stopJob(loaded.id);
packages/server-core test:       155 |             }
packages/server-core test:       156 |
packages/server-core test:       at CronScheduler.registerJobs (src/cron/cron-scheduler.ts:153:25)
packages/server-core test:       at Object.<anonymous> (src/cron/cron-scheduler.test.ts:94:23)
packages/server-core test:     console.log
packages/server-core test:       ✅ [cron] "trigger-me" completed in 0ms
packages/server-core test:       at CronScheduler.executeJob (src/cron/cron-scheduler.ts:389:21)
packages/server-core test:     console.log
packages/server-core test:       ✅ [cron] "count-me" completed in 0ms
packages/server-core test:       at CronScheduler.executeJob (src/cron/cron-scheduler.ts:389:21)
packages/server-core test:     console.log
packages/server-core test:       ✅ [cron] "count-me" completed in 0ms
packages/server-core test:       at CronScheduler.executeJob (src/cron/cron-scheduler.ts:389:21)
packages/server-core test:     console.error
packages/server-core test:       ❌ [cron] "fail-me" failed in 0ms: something broke
packages/server-core test:       389 |             console.log(`✅ [cron] "${job.id}" completed in ${durationMs}ms`);
packages/server-core test:       390 |         } else {
packages/server-core test:     > 391 |             console.error(`❌ [cron] "${job.id}" failed in ${durationMs}ms: ${error}`);
packages/server-core test:           |                     ^
packages/server-core test:       392 |         }
packages/server-core test:       393 |
packages/server-core test:       394 |         return logEntry;
packages/server-core test:       at CronScheduler.executeJob (src/cron/cron-scheduler.ts:391:21)
packages/server-core test:       at Object.<anonymous> (src/cron/cron-scheduler.test.ts:169:25)
packages/server-core test:     console.log
packages/server-core test:       ✅ [cron] "logger" completed in 0ms
packages/server-core test:       at CronScheduler.executeJob (src/cron/cron-scheduler.ts:389:21)
packages/server-core test:     console.log
packages/server-core test:       ✅ [cron] "timed" completed in 0ms
packages/server-core test:       at CronScheduler.executeJob (src/cron/cron-scheduler.ts:389:21)
packages/server-core test:     console.log
packages/server-core test:       ✅ [cron] "duration-check" completed in 0ms
packages/server-core test:       at CronScheduler.executeJob (src/cron/cron-scheduler.ts:389:21)
packages/server-core test:     console.log
packages/server-core test:       ✅ [cron] "void-handler" completed in 0ms
packages/server-core test:       at CronScheduler.executeJob (src/cron/cron-scheduler.ts:389:21)
packages/server-core test:     console.log
packages/server-core test:       ✅ [cron] "sync-handler" completed in 1ms
packages/server-core test:       at CronScheduler.executeJob (src/cron/cron-scheduler.ts:389:21)
packages/server-core test:     console.error
packages/server-core test:       ❌ [cron] "slow" failed in 1000ms: Cron job "slow" timed out after 1000ms
packages/server-core test:       389 |             console.log(`✅ [cron] "${job.id}" completed in ${durationMs}ms`);
packages/server-core test:       390 |         } else {
packages/server-core test:     > 391 |             console.error(`❌ [cron] "${job.id}" failed in ${durationMs}ms: ${error}`);
packages/server-core test:           |                     ^
packages/server-core test:       392 |         }
packages/server-core test:       393 |
packages/server-core test:       394 |         return logEntry;
packages/server-core test:       at CronScheduler.executeJob (src/cron/cron-scheduler.ts:391:21)
packages/server-core test:       at Object.<anonymous> (src/cron/cron-scheduler.test.ts:267:25)
packages/server-core test:     console.log
packages/server-core test:       ✅ [cron] "ordered" completed in 0ms
packages/server-core test:       at CronScheduler.executeJob (src/cron/cron-scheduler.ts:389:21)
packages/server-core test:     console.log
packages/server-core test:       ✅ [cron] "ordered" completed in 0ms
packages/server-core test:       at CronScheduler.executeJob (src/cron/cron-scheduler.ts:389:21)
packages/server-core test:     console.log
packages/server-core test:       ✅ [cron] "ordered" completed in 0ms
packages/server-core test:       at CronScheduler.executeJob (src/cron/cron-scheduler.ts:389:21)
packages/server-core test:     console.log
packages/server-core test:       ✅ [cron] "limited" completed in 1ms
packages/server-core test:       at CronScheduler.executeJob (src/cron/cron-scheduler.ts:389:21)
packages/server-core test:     console.log
packages/server-core test:       ✅ [cron] "limited" completed in 0ms
packages/server-core test:       at CronScheduler.executeJob (src/cron/cron-scheduler.ts:389:21)
packages/server-core test:     console.log
packages/server-core test:       ✅ [cron] "limited" completed in 0ms
packages/server-core test:       at CronScheduler.executeJob (src/cron/cron-scheduler.ts:389:21)
packages/server-core test:     console.log
packages/server-core test:       ✅ [cron] "limited" completed in 0ms
packages/server-core test:       at CronScheduler.executeJob (src/cron/cron-scheduler.ts:389:21)
packages/server-core test:     console.log
packages/server-core test:       ✅ [cron] "limited" completed in 0ms
packages/server-core test:       at CronScheduler.executeJob (src/cron/cron-scheduler.ts:389:21)
packages/server-core test:     console.log
packages/server-core test:       ✅ [cron] "ring" completed in 0ms
packages/server-core test:       at CronScheduler.executeJob (src/cron/cron-scheduler.ts:389:21)
packages/server-core test:     console.log
packages/server-core test:       ✅ [cron] "ring" completed in 0ms
packages/server-core test:       at CronScheduler.executeJob (src/cron/cron-scheduler.ts:389:21)
packages/server-core test:     console.log
packages/server-core test:       ✅ [cron] "ring" completed in 0ms
packages/server-core test:       at CronScheduler.executeJob (src/cron/cron-scheduler.ts:389:21)
packages/server-core test:     console.log
packages/server-core test:       ✅ [cron] "ring" completed in 0ms
packages/server-core test:       at CronScheduler.executeJob (src/cron/cron-scheduler.ts:389:21)
packages/server-core test:     console.log
packages/server-core test:       ✅ [cron] "ring" completed in 0ms
packages/server-core test:       at CronScheduler.executeJob (src/cron/cron-scheduler.ts:389:21)
packages/server-core test:     console.log
packages/server-core test:       ✅ [cron] "ring" completed in 0ms
packages/server-core test:       at CronScheduler.executeJob (src/cron/cron-scheduler.ts:389:21)
packages/server-core test:     console.log
packages/server-core test:       ✅ [cron] "ring" completed in 0ms
packages/server-core test:       at CronScheduler.executeJob (src/cron/cron-scheduler.ts:389:21)
packages/server-core test:     console.log
packages/server-core test:       ✅ [cron] "ring" completed in 0ms
packages/server-core test:       at CronScheduler.executeJob (src/cron/cron-scheduler.ts:389:21)
packages/server-core test:     console.log
packages/server-core test:       ✅ [cron] "ring" completed in 0ms
packages/server-core test:       at CronScheduler.executeJob (src/cron/cron-scheduler.ts:389:21)
packages/server-core test:     console.log
packages/server-core test:       ✅ [cron] "ring" completed in 0ms
packages/server-core test:       at CronScheduler.executeJob (src/cron/cron-scheduler.ts:389:21)
packages/server-core test:     console.log
packages/server-core test:       ✅ [cron] "ring" completed in 0ms
packages/server-core test:       at CronScheduler.executeJob (src/cron/cron-scheduler.ts:389:21)
packages/server-core test:     console.log
packages/server-core test:       ✅ [cron] "ring" completed in 0ms
packages/server-core test:       at CronScheduler.executeJob (src/cron/cron-scheduler.ts:389:21)
packages/server-core test:     console.log
packages/server-core test:       ✅ [cron] "ring" completed in 0ms
packages/server-core test:       at CronScheduler.executeJob (src/cron/cron-scheduler.ts:389:21)
packages/server-core test:     console.log
packages/server-core test:       ✅ [cron] "ring" completed in 0ms
packages/server-core test:       at CronScheduler.executeJob (src/cron/cron-scheduler.ts:389:21)
packages/server-core test:     console.log
packages/server-core test:       ✅ [cron] "ring" completed in 0ms
packages/server-core test:       at CronScheduler.executeJob (src/cron/cron-scheduler.ts:389:21)
packages/server-core test:     console.log
packages/server-core test:       ✅ [cron] "ring" completed in 0ms
packages/server-core test:       at CronScheduler.executeJob (src/cron/cron-scheduler.ts:389:21)
packages/server-core test:     console.log
packages/server-core test:       ✅ [cron] "ring" completed in 0ms
packages/server-core test:       at CronScheduler.executeJob (src/cron/cron-scheduler.ts:389:21)
packages/server-core test:     console.log
packages/server-core test:       ✅ [cron] "ring" completed in 0ms
packages/server-core test:       at CronScheduler.executeJob (src/cron/cron-scheduler.ts:389:21)
packages/server-core test:     console.log
packages/server-core test:       ✅ [cron] "ring" completed in 0ms
packages/server-core test:       at CronScheduler.executeJob (src/cron/cron-scheduler.ts:389:21)
packages/server-core test:     console.log
packages/server-core test:       ✅ [cron] "ring" completed in 0ms
packages/server-core test:       at CronScheduler.executeJob (src/cron/cron-scheduler.ts:389:21)
packages/server-core test:     console.log
packages/server-core test:       ✅ [cron] "ring" completed in 0ms
packages/server-core test:       at CronScheduler.executeJob (src/cron/cron-scheduler.ts:389:21)
packages/server-core test:     console.log
packages/server-core test:       ✅ [cron] "ring" completed in 0ms
packages/server-core test:       at CronScheduler.executeJob (src/cron/cron-scheduler.ts:389:21)
packages/server-core test:     console.log
packages/server-core test:       ✅ [cron] "ring" completed in 0ms
packages/server-core test:       at CronScheduler.executeJob (src/cron/cron-scheduler.ts:389:21)
packages/server-core test:     console.log
packages/server-core test:       ✅ [cron] "ring" completed in 0ms
packages/server-core test:       at CronScheduler.executeJob (src/cron/cron-scheduler.ts:389:21)
packages/server-core test:     console.log
packages/server-core test:       ✅ [cron] "ring" completed in 0ms
packages/server-core test:       at CronScheduler.executeJob (src/cron/cron-scheduler.ts:389:21)
packages/server-core test:     console.log
packages/server-core test:       ✅ [cron] "ring" completed in 0ms
packages/server-core test:       at CronScheduler.executeJob (src/cron/cron-scheduler.ts:389:21)
packages/server-core test:     console.log
packages/server-core test:       ✅ [cron] "ring" completed in 0ms
packages/server-core test:       at CronScheduler.executeJob (src/cron/cron-scheduler.ts:389:21)
packages/server-core test:     console.log
packages/server-core test:       ✅ [cron] "ring" completed in 0ms
packages/server-core test:       at CronScheduler.executeJob (src/cron/cron-scheduler.ts:389:21)
packages/server-core test:     console.log
packages/server-core test:       ✅ [cron] "ring" completed in 0ms
packages/server-core test:       at CronScheduler.executeJob (src/cron/cron-scheduler.ts:389:21)
packages/server-core test:     console.log
packages/server-core test:       ✅ [cron] "ring" completed in 0ms
packages/server-core test:       at CronScheduler.executeJob (src/cron/cron-scheduler.ts:389:21)
packages/server-core test:     console.log
packages/server-core test:       ✅ [cron] "ring" completed in 0ms
packages/server-core test:       at CronScheduler.executeJob (src/cron/cron-scheduler.ts:389:21)
packages/server-core test:     console.log
packages/server-core test:       ✅ [cron] "ring" completed in 0ms
packages/server-core test:       at CronScheduler.executeJob (src/cron/cron-scheduler.ts:389:21)
packages/server-core test:     console.log
packages/server-core test:       ✅ [cron] "ring" completed in 0ms
packages/server-core test:       at CronScheduler.executeJob (src/cron/cron-scheduler.ts:389:21)
packages/server-core test:     console.log
packages/server-core test:       ✅ [cron] "ring" completed in 0ms
packages/server-core test:       at CronScheduler.executeJob (src/cron/cron-scheduler.ts:389:21)
packages/server-core test:     console.log
packages/server-core test:       ✅ [cron] "ring" completed in 0ms
packages/server-core test:       at CronScheduler.executeJob (src/cron/cron-scheduler.ts:389:21)
packages/server-core test:     console.log
packages/server-core test:       ✅ [cron] "ring" completed in 0ms
packages/server-core test:       at CronScheduler.executeJob (src/cron/cron-scheduler.ts:389:21)
packages/server-core test:     console.log
packages/server-core test:       ✅ [cron] "ring" completed in 0ms
packages/server-core test:       at CronScheduler.executeJob (src/cron/cron-scheduler.ts:389:21)
packages/server-core test:     console.log
packages/server-core test:       ✅ [cron] "ring" completed in 0ms
packages/server-core test:       at CronScheduler.executeJob (src/cron/cron-scheduler.ts:389:21)
packages/server-core test:     console.log
packages/server-core test:       ✅ [cron] "ring" completed in 0ms
packages/server-core test:       at CronScheduler.executeJob (src/cron/cron-scheduler.ts:389:21)
packages/server-core test:     console.log
packages/server-core test:       ✅ [cron] "ring" completed in 0ms
packages/server-core test:       at CronScheduler.executeJob (src/cron/cron-scheduler.ts:389:21)
packages/server-core test:     console.log
packages/server-core test:       ✅ [cron] "ring" completed in 0ms
packages/server-core test:       at CronScheduler.executeJob (src/cron/cron-scheduler.ts:389:21)
packages/server-core test:     console.log
packages/server-core test:       ✅ [cron] "ring" completed in 0ms
packages/server-core test:       at CronScheduler.executeJob (src/cron/cron-scheduler.ts:389:21)
packages/server-core test:     console.log
packages/server-core test:       ✅ [cron] "ring" completed in 0ms
packages/server-core test:       at CronScheduler.executeJob (src/cron/cron-scheduler.ts:389:21)
packages/server-core test:     console.log
packages/server-core test:       ✅ [cron] "ring" completed in 0ms
packages/server-core test:       at CronScheduler.executeJob (src/cron/cron-scheduler.ts:389:21)
packages/server-core test:     console.log
packages/server-core test:       ✅ [cron] "ring" completed in 0ms
packages/server-core test:       at CronScheduler.executeJob (src/cron/cron-scheduler.ts:389:21)
packages/server-core test:     console.log
packages/server-core test:       ✅ [cron] "ring" completed in 0ms
packages/server-core test:       at CronScheduler.executeJob (src/cron/cron-scheduler.ts:389:21)
packages/server-core test:     console.log
packages/server-core test:       ✅ [cron] "ring" completed in 0ms
packages/server-core test:       at CronScheduler.executeJob (src/cron/cron-scheduler.ts:389:21)
packages/server-core test:     console.log
packages/server-core test:       ✅ [cron] "ring" completed in 0ms
packages/server-core test:       at CronScheduler.executeJob (src/cron/cron-scheduler.ts:389:21)
packages/server-core test:     console.log
packages/server-core test:       ✅ [cron] "ring" completed in 0ms
packages/server-core test:       at CronScheduler.executeJob (src/cron/cron-scheduler.ts:389:21)
packages/server-core test:     console.log
packages/server-core test:       ✅ [cron] "ring" completed in 0ms
packages/server-core test:       at CronScheduler.executeJob (src/cron/cron-scheduler.ts:389:21)
packages/server-core test:     console.log
packages/server-core test:       ✅ [cron] "ring" completed in 0ms
packages/server-core test:       at CronScheduler.executeJob (src/cron/cron-scheduler.ts:389:21)
packages/server-core test:     console.log
packages/server-core test:       ✅ [cron] "ring" completed in 0ms
packages/server-core test:       at CronScheduler.executeJob (src/cron/cron-scheduler.ts:389:21)
packages/server-core test:     console.log
packages/server-core test:       ✅ [cron] "ring" completed in 0ms
packages/server-core test:       at CronScheduler.executeJob (src/cron/cron-scheduler.ts:389:21)
packages/server-core test:     console.log
packages/server-core test:       ✅ [cron] "ring" completed in 0ms
packages/server-core test:       at CronScheduler.executeJob (src/cron/cron-scheduler.ts:389:21)
packages/server-core test:     console.log
packages/server-core test:       ✅ [cron] "ring" completed in 0ms
packages/server-core test:       at CronScheduler.executeJob (src/cron/cron-scheduler.ts:389:21)
packages/server-core test:     console.log
packages/server-core test:       ✅ [cron] "ring" completed in 0ms
packages/server-core test:       at CronScheduler.executeJob (src/cron/cron-scheduler.ts:389:21)
packages/server-core test:     console.log
packages/server-core test:       ✅ [cron] "ring" completed in 0ms
packages/server-core test:       at CronScheduler.executeJob (src/cron/cron-scheduler.ts:389:21)
packages/server-core test:     console.log
packages/server-core test:       ✅ [cron] "ring" completed in 0ms
packages/server-core test:       at CronScheduler.executeJob (src/cron/cron-scheduler.ts:389:21)
packages/server-core test:     console.log
packages/server-core test:       ✅ [cron] "ring" completed in 0ms
packages/server-core test:       at CronScheduler.executeJob (src/cron/cron-scheduler.ts:389:21)
packages/server-core test:     console.log
packages/server-core test:       ✅ [cron] "ring" completed in 0ms
packages/server-core test:       at CronScheduler.executeJob (src/cron/cron-scheduler.ts:389:21)
packages/server-core test:     console.log
packages/server-core test:       ⏰ Cron scheduler started with 1 job(s)
packages/server-core test:       at CronScheduler.start (src/cron/cron-scheduler.ts:199:17)
packages/server-core test:     console.log
packages/server-core test:       ⏰ Cron scheduler started with 1 job(s)
packages/server-core test:       at CronScheduler.start (src/cron/cron-scheduler.ts:199:17)
packages/server-core test:     console.log
packages/server-core test:       ⏰ Cron scheduler started with 1 job(s)
packages/server-core test:       at CronScheduler.start (src/cron/cron-scheduler.ts:199:17)
packages/server-core test:     console.log
packages/server-core test:       ⏰ Cron scheduler started with 1 job(s)
packages/server-core test:       at CronScheduler.start (src/cron/cron-scheduler.ts:199:17)
packages/server-core test:     console.log
packages/server-core test:       ⏰ Cron scheduler started with 1 job(s)
packages/server-core test:       at CronScheduler.start (src/cron/cron-scheduler.ts:199:17)
packages/server-core test: PASS test/password.test.ts
packages/server-core test: A worker process has failed to exit gracefully and has been force exited. This is likely caused by tests leaking due to improper teardown. Try running with --detectOpenHandles to find leaks. Active timers can also cause this, ensure that .unref() was called on them.
packages/server-core test: Test Suites: 24 passed, 24 total
packages/server-core test: Tests:       523 passed, 523 total
packages/server-core test: Snapshots:   0 total
packages/server-core test: Time:        2.569 s
packages/server-core test: Ran all test suites.
packages/server-core test: Done
packages/admin test$ jest --passWithNoTests
packages/cli test$ vitest run
packages/plugin-insights test$ jest --passWithNoTests
packages/server-mongodb test$ jest --passWithNoTests
packages/plugin-insights test: No tests found, exiting with code 0
packages/cli test:  RUN  v4.1.5 /Users/francesco/rebase/packages/cli
packages/plugin-insights test: Done
packages/server-postgresql test$ jest --passWithNoTests
packages/cli test:  ✓ src/commands/dev.test.ts (6 tests) 7ms
packages/cli test:  ✓ src/utils/project.test.ts (20 tests) 25ms
packages/cli test:  ✓ src/commands/cli.test.ts (10 tests) 6ms
packages/cli test:  ✓ src/commands/init.test.ts (31 tests) 82ms
packages/cli test:  Test Files  4 passed (4)
packages/cli test:       Tests  67 passed (67)
packages/cli test:    Start at  12:21:01
packages/cli test:    Duration  312ms (transform 321ms, setup 0ms, import 403ms, tests 119ms, environment 0ms)
packages/cli test: Done
packages/server-mongodb test: PASS test/MongoConditionBuilder.test.ts
packages/admin test: PASS test/hooks/useResolvedCollections.test.tsx
packages/admin test:   ● Console
packages/admin test:     console.debug
packages/admin test:       Collections have changed [ { id: 'test', name: 'Test Collection', path: 'test' } ]
packages/admin test:       at src/hooks/navigation/useResolvedCollections.ts:93:29
packages/admin test:     console.debug
packages/admin test:       Collections have changed [ { id: 'dynamic', name: 'Dynamic', path: 'dynamic' } ]
packages/admin test:       at src/hooks/navigation/useResolvedCollections.ts:93:29
packages/admin test:     console.debug
packages/admin test:       Collections have changed [ { id: 'test', name: 'Test', path: 'test' } ]
packages/admin test:       at src/hooks/navigation/useResolvedCollections.ts:93:29
packages/server-postgresql test: PASS test/relation-pipeline-gaps.test.ts
packages/server-postgresql test:   ● Console
packages/server-postgresql test:     console.debug
packages/server-postgresql test:       🔍 [buildRelationConditions] Building conditions for relation: {
packages/server-postgresql test:         relationName: 'posts',
packages/server-postgresql test:         cardinality: 'many',
packages/server-postgresql test:         direction: 'inverse',
packages/server-postgresql test:         hasThrough: false,
packages/server-postgresql test:         hasForeignKeyOnTarget: true,
packages/server-postgresql test:         inverseRelationName: undefined,
packages/server-postgresql test:         parentEntityId: [ 1, 2 ]
packages/server-postgresql test:       }
packages/server-postgresql test:       at DrizzleConditionBuilder.buildRelationConditions (src/utils/drizzle-conditions.ts:107:17)
packages/server-postgresql test:     console.debug
packages/server-postgresql test:       🔍 [buildRelationConditions] Handling inverse many relationship without explicit through
packages/server-postgresql test:       at DrizzleConditionBuilder.buildRelationConditions (src/utils/drizzle-conditions.ts:162:21)
packages/server-postgresql test:     console.debug
packages/server-postgresql test:       🔍 [findCorrespondingJunctionTable] Looking for junction table for inverse relation 'posts' with inverseRelationName 'undefined'
packages/server-postgresql test:       at DrizzleConditionBuilder.findCorrespondingJunctionTable (src/utils/drizzle-conditions.ts:939:21)
packages/server-postgresql test:     console.debug
packages/server-postgresql test:       🔍 [findCorrespondingJunctionTable] No inverseRelationName specified
packages/server-postgresql test:       at DrizzleConditionBuilder.findCorrespondingJunctionTable (src/utils/drizzle-conditions.ts:942:25)
packages/server-postgresql test:     console.debug
packages/server-postgresql test:       🔍 [buildRelationConditions] No junction table found, treating as inverse one-to-many with foreign key on target
packages/server-postgresql test:       at DrizzleConditionBuilder.buildRelationConditions (src/utils/drizzle-conditions.ts:177:25)
packages/server-postgresql test:     console.debug
packages/server-postgresql test:       🔍 [buildRelationConditions] Final result: { joinConditionsCount: 0, whereConditionsCount: 1 }
packages/server-postgresql test:       at DrizzleConditionBuilder.buildRelationConditions (src/utils/drizzle-conditions.ts:202:17)
packages/server-postgresql test:     console.debug
packages/server-postgresql test:       🔍 [buildRelationConditions] Building conditions for relation: {
packages/server-postgresql test:         relationName: 'posts',
packages/server-postgresql test:         cardinality: 'many',
packages/server-postgresql test:         direction: 'inverse',
packages/server-postgresql test:         hasThrough: false,
packages/server-postgresql test:         hasForeignKeyOnTarget: true,
packages/server-postgresql test:         inverseRelationName: undefined,
packages/server-postgresql test:         parentEntityId: [ 1 ]
packages/server-postgresql test:       }
packages/server-postgresql test:       at DrizzleConditionBuilder.buildRelationConditions (src/utils/drizzle-conditions.ts:107:17)
packages/server-postgresql test:     console.debug
packages/server-postgresql test:       🔍 [buildRelationConditions] Handling inverse many relationship without explicit through
packages/server-postgresql test:       at DrizzleConditionBuilder.buildRelationConditions (src/utils/drizzle-conditions.ts:162:21)
packages/server-postgresql test:     console.debug
packages/server-postgresql test:       🔍 [findCorrespondingJunctionTable] Looking for junction table for inverse relation 'posts' with inverseRelationName 'undefined'
packages/server-postgresql test:       at DrizzleConditionBuilder.findCorrespondingJunctionTable (src/utils/drizzle-conditions.ts:939:21)
packages/server-postgresql test:     console.debug
packages/server-postgresql test:       🔍 [findCorrespondingJunctionTable] No inverseRelationName specified
packages/server-postgresql test:       at DrizzleConditionBuilder.findCorrespondingJunctionTable (src/utils/drizzle-conditions.ts:942:25)
packages/server-postgresql test:     console.debug
packages/server-postgresql test:       🔍 [buildRelationConditions] No junction table found, treating as inverse one-to-many with foreign key on target
packages/server-postgresql test:       at DrizzleConditionBuilder.buildRelationConditions (src/utils/drizzle-conditions.ts:177:25)
packages/server-postgresql test:     console.debug
packages/server-postgresql test:       🔍 [buildRelationConditions] Final result: { joinConditionsCount: 0, whereConditionsCount: 1 }
packages/server-postgresql test:       at DrizzleConditionBuilder.buildRelationConditions (src/utils/drizzle-conditions.ts:202:17)
packages/server-postgresql test:     console.debug
packages/server-postgresql test:       🔍 [buildRelationConditions] Building conditions for relation: {
packages/server-postgresql test:         relationName: 'posts',
packages/server-postgresql test:         cardinality: 'many',
packages/server-postgresql test:         direction: 'inverse',
packages/server-postgresql test:         hasThrough: false,
packages/server-postgresql test:         hasForeignKeyOnTarget: true,
packages/server-postgresql test:         inverseRelationName: undefined,
packages/server-postgresql test:         parentEntityId: [ 1, 2 ]
packages/server-postgresql test:       }
packages/server-postgresql test:       at DrizzleConditionBuilder.buildRelationConditions (src/utils/drizzle-conditions.ts:107:17)
packages/server-postgresql test:     console.debug
packages/server-postgresql test:       🔍 [buildRelationConditions] Handling inverse many relationship without explicit through
packages/server-postgresql test:       at DrizzleConditionBuilder.buildRelationConditions (src/utils/drizzle-conditions.ts:162:21)
packages/server-postgresql test:     console.debug
packages/server-postgresql test:       🔍 [findCorrespondingJunctionTable] Looking for junction table for inverse relation 'posts' with inverseRelationName 'undefined'
packages/server-postgresql test:       at DrizzleConditionBuilder.findCorrespondingJunctionTable (src/utils/drizzle-conditions.ts:939:21)
packages/server-postgresql test:     console.debug
packages/server-postgresql test:       🔍 [findCorrespondingJunctionTable] No inverseRelationName specified
packages/server-postgresql test:       at DrizzleConditionBuilder.findCorrespondingJunctionTable (src/utils/drizzle-conditions.ts:942:25)
packages/server-postgresql test:     console.debug
packages/server-postgresql test:       🔍 [buildRelationConditions] No junction table found, treating as inverse one-to-many with foreign key on target
packages/server-postgresql test:       at DrizzleConditionBuilder.buildRelationConditions (src/utils/drizzle-conditions.ts:177:25)
packages/server-postgresql test:     console.debug
packages/server-postgresql test:       🔍 [buildRelationConditions] Final result: { joinConditionsCount: 0, whereConditionsCount: 1 }
packages/server-postgresql test:       at DrizzleConditionBuilder.buildRelationConditions (src/utils/drizzle-conditions.ts:202:17)
packages/server-postgresql test:     console.debug
packages/server-postgresql test:       🔍 [buildRelationConditions] Building conditions for relation: {
packages/server-postgresql test:         relationName: 'posts',
packages/server-postgresql test:         cardinality: 'many',
packages/server-postgresql test:         direction: 'inverse',
packages/server-postgresql test:         hasThrough: false,
packages/server-postgresql test:         hasForeignKeyOnTarget: true,
packages/server-postgresql test:         inverseRelationName: undefined,
packages/server-postgresql test:         parentEntityId: [ 1, 2 ]
packages/server-postgresql test:       }
packages/server-postgresql test:       at DrizzleConditionBuilder.buildRelationConditions (src/utils/drizzle-conditions.ts:107:17)
packages/server-postgresql test:     console.debug
packages/server-postgresql test:       🔍 [buildRelationConditions] Handling inverse many relationship without explicit through
packages/server-postgresql test:       at DrizzleConditionBuilder.buildRelationConditions (src/utils/drizzle-conditions.ts:162:21)
packages/server-postgresql test:     console.debug
packages/server-postgresql test:       🔍 [findCorrespondingJunctionTable] Looking for junction table for inverse relation 'posts' with inverseRelationName 'undefined'
packages/server-postgresql test:       at DrizzleConditionBuilder.findCorrespondingJunctionTable (src/utils/drizzle-conditions.ts:939:21)
packages/server-postgresql test:     console.debug
packages/server-postgresql test:       🔍 [findCorrespondingJunctionTable] No inverseRelationName specified
packages/server-postgresql test:       at DrizzleConditionBuilder.findCorrespondingJunctionTable (src/utils/drizzle-conditions.ts:942:25)
packages/server-postgresql test:     console.debug
packages/server-postgresql test:       🔍 [buildRelationConditions] No junction table found, treating as inverse one-to-many with foreign key on target
packages/server-postgresql test:       at DrizzleConditionBuilder.buildRelationConditions (src/utils/drizzle-conditions.ts:177:25)
packages/server-postgresql test:     console.debug
packages/server-postgresql test:       🔍 [buildRelationConditions] Final result: { joinConditionsCount: 0, whereConditionsCount: 1 }
packages/server-postgresql test:       at DrizzleConditionBuilder.buildRelationConditions (src/utils/drizzle-conditions.ts:202:17)
packages/server-postgresql test:     console.debug
packages/server-postgresql test:       🔍 [buildRelationConditions] Building conditions for relation: {
packages/server-postgresql test:         relationName: 'posts',
packages/server-postgresql test:         cardinality: 'one',
packages/server-postgresql test:         direction: 'inverse',
packages/server-postgresql test:         hasThrough: false,
packages/server-postgresql test:         hasForeignKeyOnTarget: false,
packages/server-postgresql test:         inverseRelationName: 'author',
packages/server-postgresql test:         parentEntityId: [ 1 ]
packages/server-postgresql test:       }
packages/server-postgresql test:       at DrizzleConditionBuilder.buildRelationConditions (src/utils/drizzle-conditions.ts:107:17)
packages/server-postgresql test:     console.debug
packages/server-postgresql test:       🔍 [buildRelationConditions] Using simple relation logic - THIS IS WHERE THE ERROR MIGHT OCCUR
packages/server-postgresql test:       at DrizzleConditionBuilder.buildRelationConditions (src/utils/drizzle-conditions.ts:191:21)
packages/server-postgresql test:     console.debug
packages/server-postgresql test:       🔍 [DrizzleConditionBuilder] Auto-inferred foreign key 'author_id' for inverse relation 'posts'
packages/server-postgresql test:       at DrizzleConditionBuilder.buildSimpleRelationCondition (src/utils/drizzle-conditions.ts:604:21)
packages/server-postgresql test:     console.debug
packages/server-postgresql test:       🔍 [buildRelationConditions] Final result: { joinConditionsCount: 0, whereConditionsCount: 1 }
packages/server-postgresql test:       at DrizzleConditionBuilder.buildRelationConditions (src/utils/drizzle-conditions.ts:202:17)
packages/admin test: PASS test/util/previews.test.ts
packages/server-postgresql test: PASS test/data-transformer-hardening.test.ts
packages/server-postgresql test:   ● Console
packages/server-postgresql test:     console.warn
packages/server-postgresql test:       Unrecognized relation format for property 'customer' in collection 'orders'
packages/server-postgresql test:       235 |     const relation = ((sourceCollection as CollectionWithRelations).relations ?? []).find((rel: Relation) => rel.relationName === relProp.relationName)
packages/server-postgresql test:       236 |     if (!relation) {
packages/server-postgresql test:     > 237 |         console.warn(`Unrecognized relation format for property '${propertyKey}' in collection '${sourceCollection.slug}'`);
packages/server-postgresql test:           |                 ^
packages/server-postgresql test:       238 |         return undefined;
packages/server-postgresql test:       239 |     }
packages/server-postgresql test:       240 |
packages/server-postgresql test:       at resolvePropertyRelation (../common/src/util/relations.ts:237:17)
packages/server-postgresql test:       at ../common/src/util/relations.ts:175:30
packages/server-postgresql test:           at Array.forEach (<anonymous>)
packages/server-postgresql test:       at resolveCollectionRelations (../common/src/util/relations.ts:174:47)
packages/server-postgresql test:       at normalizeDbValues (src/data-transformer.ts:606:57)
packages/server-postgresql test:       at Object.<anonymous> (test/data-transformer-hardening.test.ts:190:41)
packages/server-postgresql test: PASS test/entityService.test.ts
packages/server-postgresql test:   ● Console
packages/server-postgresql test:     console.debug
packages/server-postgresql test:       🔍 [buildRelationConditions] Building conditions for relation: {
packages/server-postgresql test:         relationName: 'tags',
packages/server-postgresql test:         cardinality: 'many',
packages/server-postgresql test:         direction: 'owning',
packages/server-postgresql test:         hasThrough: true,
packages/server-postgresql test:         hasForeignKeyOnTarget: false,
packages/server-postgresql test:         inverseRelationName: undefined,
packages/server-postgresql test:         parentEntityId: 2
packages/server-postgresql test:       }
packages/server-postgresql test:       at DrizzleConditionBuilder.buildRelationConditions (src/utils/drizzle-conditions.ts:107:17)
packages/server-postgresql test:           at Array.map (<anonymous>)
packages/server-postgresql test:     console.debug
packages/server-postgresql test:       🔍 [buildRelationConditions] Using owning many-to-many with explicit through
packages/server-postgresql test:       at DrizzleConditionBuilder.buildRelationConditions (src/utils/drizzle-conditions.ts:138:21)
packages/server-postgresql test:           at Array.map (<anonymous>)
packages/server-postgresql test:     console.debug
packages/server-postgresql test:       🔍 [buildRelationConditions] Final result: { joinConditionsCount: 1, whereConditionsCount: 1 }
packages/server-postgresql test:       at DrizzleConditionBuilder.buildRelationConditions (src/utils/drizzle-conditions.ts:202:17)
packages/server-postgresql test:           at Array.map (<anonymous>)
packages/server-postgresql test:     console.debug
packages/server-postgresql test:       🔍 [buildRelationConditions] Building conditions for relation: {
packages/server-postgresql test:         relationName: 'tags',
packages/server-postgresql test:         cardinality: 'many',
packages/server-postgresql test:         direction: 'owning',
packages/server-postgresql test:         hasThrough: true,
packages/server-postgresql test:         hasForeignKeyOnTarget: false,
packages/server-postgresql test:         inverseRelationName: undefined,
packages/server-postgresql test:         parentEntityId: 4
packages/server-postgresql test:       }
packages/server-postgresql test:       at DrizzleConditionBuilder.buildRelationConditions (src/utils/drizzle-conditions.ts:107:17)
packages/server-postgresql test:           at Array.map (<anonymous>)
packages/server-postgresql test:     console.debug
packages/server-postgresql test:       🔍 [buildRelationConditions] Using owning many-to-many with explicit through
packages/server-postgresql test:       at DrizzleConditionBuilder.buildRelationConditions (src/utils/drizzle-conditions.ts:138:21)
packages/server-postgresql test:           at Array.map (<anonymous>)
packages/server-postgresql test:     console.debug
packages/server-postgresql test:       🔍 [buildRelationConditions] Final result: { joinConditionsCount: 1, whereConditionsCount: 1 }
packages/server-postgresql test:       at DrizzleConditionBuilder.buildRelationConditions (src/utils/drizzle-conditions.ts:202:17)
packages/server-postgresql test:           at Array.map (<anonymous>)
packages/server-postgresql test:     console.debug
packages/server-postgresql test:       🔍 [buildRelationConditions] Building conditions for relation: {
packages/server-postgresql test:         relationName: 'author',
packages/server-postgresql test:         cardinality: 'one',
packages/server-postgresql test:         direction: 'owning',
packages/server-postgresql test:         hasThrough: false,
packages/server-postgresql test:         hasForeignKeyOnTarget: false,
packages/server-postgresql test:         inverseRelationName: undefined,
packages/server-postgresql test:         parentEntityId: 5
packages/server-postgresql test:       }
packages/server-postgresql test:       at DrizzleConditionBuilder.buildRelationConditions (src/utils/drizzle-conditions.ts:107:17)
packages/server-postgresql test:           at Array.map (<anonymous>)
packages/server-postgresql test:     console.debug
packages/server-postgresql test:       🔍 [buildRelationConditions] Using simple relation logic - THIS IS WHERE THE ERROR MIGHT OCCUR
packages/server-postgresql test:       at DrizzleConditionBuilder.buildRelationConditions (src/utils/drizzle-conditions.ts:191:21)
packages/server-postgresql test:           at Array.map (<anonymous>)
packages/server-postgresql test:     console.debug
packages/server-postgresql test:       🔍 [buildRelationConditions] Final result: { joinConditionsCount: 0, whereConditionsCount: 1 }
packages/server-postgresql test:       at DrizzleConditionBuilder.buildRelationConditions (src/utils/drizzle-conditions.ts:202:17)
packages/server-postgresql test:           at Array.map (<anonymous>)
packages/server-postgresql test:     console.debug
packages/server-postgresql test:       🔍 [buildRelationConditions] Building conditions for relation: {
packages/server-postgresql test:         relationName: 'tags',
packages/server-postgresql test:         cardinality: 'many',
packages/server-postgresql test:         direction: 'owning',
packages/server-postgresql test:         hasThrough: true,
packages/server-postgresql test:         hasForeignKeyOnTarget: false,
packages/server-postgresql test:         inverseRelationName: undefined,
packages/server-postgresql test:         parentEntityId: 5
packages/server-postgresql test:       }
packages/server-postgresql test:       at DrizzleConditionBuilder.buildRelationConditions (src/utils/drizzle-conditions.ts:107:17)
packages/server-postgresql test:           at Array.map (<anonymous>)
packages/server-postgresql test:     console.debug
packages/server-postgresql test:       🔍 [buildRelationConditions] Using owning many-to-many with explicit through
packages/server-postgresql test:       at DrizzleConditionBuilder.buildRelationConditions (src/utils/drizzle-conditions.ts:138:21)
packages/server-postgresql test:           at Array.map (<anonymous>)
packages/server-postgresql test:     console.debug
packages/server-postgresql test:       🔍 [buildRelationConditions] Final result: { joinConditionsCount: 1, whereConditionsCount: 1 }
packages/server-postgresql test:       at DrizzleConditionBuilder.buildRelationConditions (src/utils/drizzle-conditions.ts:202:17)
packages/server-postgresql test:           at Array.map (<anonymous>)
packages/server-postgresql test:     console.debug
packages/server-postgresql test:       🔍 [buildRelationConditions] Building conditions for relation: {
packages/server-postgresql test:         relationName: 'posts',
packages/server-postgresql test:         cardinality: 'many',
packages/server-postgresql test:         direction: 'inverse',
packages/server-postgresql test:         hasThrough: false,
packages/server-postgresql test:         hasForeignKeyOnTarget: true,
packages/server-postgresql test:         inverseRelationName: undefined,
packages/server-postgresql test:         parentEntityId: '1'
packages/server-postgresql test:       }
packages/server-postgresql test:       at DrizzleConditionBuilder.buildRelationConditions (src/utils/drizzle-conditions.ts:107:17)
packages/server-postgresql test:     console.debug
packages/server-postgresql test:       🔍 [buildRelationConditions] Handling inverse many relationship without explicit through
packages/server-postgresql test:       at DrizzleConditionBuilder.buildRelationConditions (src/utils/drizzle-conditions.ts:162:21)
packages/server-postgresql test:     console.debug
packages/server-postgresql test:       🔍 [findCorrespondingJunctionTable] Looking for junction table for inverse relation 'posts' with inverseRelationName 'undefined'
packages/server-postgresql test:       at DrizzleConditionBuilder.findCorrespondingJunctionTable (src/utils/drizzle-conditions.ts:939:21)
packages/server-postgresql test:     console.debug
packages/server-postgresql test:       🔍 [findCorrespondingJunctionTable] No inverseRelationName specified
packages/server-postgresql test:       at DrizzleConditionBuilder.findCorrespondingJunctionTable (src/utils/drizzle-conditions.ts:942:25)
packages/server-postgresql test:     console.debug
packages/server-postgresql test:       🔍 [buildRelationConditions] No junction table found, treating as inverse one-to-many with foreign key on target
packages/server-postgresql test:       at DrizzleConditionBuilder.buildRelationConditions (src/utils/drizzle-conditions.ts:177:25)
packages/server-postgresql test:     console.debug
packages/server-postgresql test:       🔍 [buildRelationConditions] Final result: { joinConditionsCount: 0, whereConditionsCount: 1 }
packages/server-postgresql test:       at DrizzleConditionBuilder.buildRelationConditions (src/utils/drizzle-conditions.ts:202:17)
packages/server-postgresql test:     console.debug
packages/server-postgresql test:       🔍 [buildRelationConditions] Building conditions for relation: {
packages/server-postgresql test:         relationName: 'companies',
packages/server-postgresql test:         cardinality: 'many',
packages/server-postgresql test:         direction: 'inverse',
packages/server-postgresql test:         hasThrough: false,
packages/server-postgresql test:         hasForeignKeyOnTarget: true,
packages/server-postgresql test:         inverseRelationName: undefined,
packages/server-postgresql test:         parentEntityId: 123
packages/server-postgresql test:       }
packages/server-postgresql test:       at DrizzleConditionBuilder.buildRelationConditions (src/utils/drizzle-conditions.ts:107:17)
packages/server-postgresql test:           at Array.map (<anonymous>)
packages/server-postgresql test:     console.debug
packages/server-postgresql test:       🔍 [buildRelationConditions] Handling inverse many relationship without explicit through
packages/server-postgresql test:       at DrizzleConditionBuilder.buildRelationConditions (src/utils/drizzle-conditions.ts:162:21)
packages/server-postgresql test:           at Array.map (<anonymous>)
packages/server-postgresql test:     console.debug
packages/server-postgresql test:       🔍 [findCorrespondingJunctionTable] Looking for junction table for inverse relation 'companies' with inverseRelationName 'undefined'
packages/server-postgresql test:       at DrizzleConditionBuilder.findCorrespondingJunctionTable (src/utils/drizzle-conditions.ts:939:21)
packages/server-postgresql test:           at Array.map (<anonymous>)
packages/server-postgresql test:     console.debug
packages/server-postgresql test:       🔍 [findCorrespondingJunctionTable] No inverseRelationName specified
packages/server-postgresql test:       at DrizzleConditionBuilder.findCorrespondingJunctionTable (src/utils/drizzle-conditions.ts:942:25)
packages/server-postgresql test:           at Array.map (<anonymous>)
packages/server-postgresql test:     console.debug
packages/server-postgresql test:       🔍 [buildRelationConditions] No junction table found, treating as inverse one-to-many with foreign key on target
packages/server-postgresql test:       at DrizzleConditionBuilder.buildRelationConditions (src/utils/drizzle-conditions.ts:177:25)
packages/server-postgresql test:           at Array.map (<anonymous>)
packages/server-postgresql test:     console.debug
packages/server-postgresql test:       🔍 [buildRelationConditions] Final result: { joinConditionsCount: 0, whereConditionsCount: 1 }
packages/server-postgresql test:       at DrizzleConditionBuilder.buildRelationConditions (src/utils/drizzle-conditions.ts:202:17)
packages/server-postgresql test:           at Array.map (<anonymous>)
packages/server-postgresql test:     console.debug
packages/server-postgresql test:       🔍 [buildRelationConditions] Building conditions for relation: {
packages/server-postgresql test:         relationName: 'companies',
packages/server-postgresql test:         cardinality: 'many',
packages/server-postgresql test:         direction: 'inverse',
packages/server-postgresql test:         hasThrough: false,
packages/server-postgresql test:         hasForeignKeyOnTarget: true,
packages/server-postgresql test:         inverseRelationName: undefined,
packages/server-postgresql test:         parentEntityId: 'uuid-123'
packages/server-postgresql test:       }
packages/server-postgresql test:       at DrizzleConditionBuilder.buildRelationConditions (src/utils/drizzle-conditions.ts:107:17)
packages/server-postgresql test:           at Array.map (<anonymous>)
packages/server-postgresql test:     console.debug
packages/server-postgresql test:       🔍 [buildRelationConditions] Handling inverse many relationship without explicit through
packages/server-postgresql test:       at DrizzleConditionBuilder.buildRelationConditions (src/utils/drizzle-conditions.ts:162:21)
packages/server-postgresql test:           at Array.map (<anonymous>)
packages/server-postgresql test:     console.debug
packages/server-postgresql test:       🔍 [findCorrespondingJunctionTable] Looking for junction table for inverse relation 'companies' with inverseRelationName 'undefined'
packages/server-postgresql test:       at DrizzleConditionBuilder.findCorrespondingJunctionTable (src/utils/drizzle-conditions.ts:939:21)
packages/server-postgresql test:           at Array.map (<anonymous>)
packages/server-postgresql test:     console.debug
packages/server-postgresql test:       🔍 [findCorrespondingJunctionTable] No inverseRelationName specified
packages/server-postgresql test:       at DrizzleConditionBuilder.findCorrespondingJunctionTable (src/utils/drizzle-conditions.ts:942:25)
packages/server-postgresql test:           at Array.map (<anonymous>)
packages/server-postgresql test:     console.debug
packages/server-postgresql test:       🔍 [buildRelationConditions] No junction table found, treating as inverse one-to-many with foreign key on target
packages/server-postgresql test:       at DrizzleConditionBuilder.buildRelationConditions (src/utils/drizzle-conditions.ts:177:25)
packages/server-postgresql test:           at Array.map (<anonymous>)
packages/server-postgresql test:     console.debug
packages/server-postgresql test:       🔍 [buildRelationConditions] Final result: { joinConditionsCount: 0, whereConditionsCount: 1 }
packages/server-postgresql test:       at DrizzleConditionBuilder.buildRelationConditions (src/utils/drizzle-conditions.ts:202:17)
packages/server-postgresql test:           at Array.map (<anonymous>)
packages/server-postgresql test:     console.debug
packages/server-postgresql test:       🔍 [buildRelationConditions] Building conditions for relation: {
packages/server-postgresql test:         relationName: 'project',
packages/server-postgresql test:         cardinality: 'one',
packages/server-postgresql test:         direction: 'owning',
packages/server-postgresql test:         hasThrough: false,
packages/server-postgresql test:         hasForeignKeyOnTarget: false,
packages/server-postgresql test:         inverseRelationName: undefined,
packages/server-postgresql test:         parentEntityId: '1'
packages/server-postgresql test:       }
packages/server-postgresql test:       at DrizzleConditionBuilder.buildRelationConditions (src/utils/drizzle-conditions.ts:107:17)
packages/server-postgresql test:           at Array.map (<anonymous>)
packages/server-postgresql test:     console.debug
packages/server-postgresql test:       🔍 [buildRelationConditions] Using simple relation logic - THIS IS WHERE THE ERROR MIGHT OCCUR
packages/server-postgresql test:       at DrizzleConditionBuilder.buildRelationConditions (src/utils/drizzle-conditions.ts:191:21)
packages/server-postgresql test:           at Array.map (<anonymous>)
packages/server-postgresql test:     console.debug
packages/server-postgresql test:       🔍 [buildRelationConditions] Final result: { joinConditionsCount: 0, whereConditionsCount: 1 }
packages/server-postgresql test:       at DrizzleConditionBuilder.buildRelationConditions (src/utils/drizzle-conditions.ts:202:17)
packages/server-postgresql test:           at Array.map (<anonymous>)
packages/server-postgresql test:     console.debug
packages/server-postgresql test:       🔍 [buildRelationConditions] Building conditions for relation: {
packages/server-postgresql test:         relationName: 'assignee',
packages/server-postgresql test:         cardinality: 'one',
packages/server-postgresql test:         direction: 'owning',
packages/server-postgresql test:         hasThrough: false,
packages/server-postgresql test:         hasForeignKeyOnTarget: false,
packages/server-postgresql test:         inverseRelationName: undefined,
packages/server-postgresql test:         parentEntityId: '1'
packages/server-postgresql test:       }
packages/server-postgresql test:       at DrizzleConditionBuilder.buildRelationConditions (src/utils/drizzle-conditions.ts:107:17)
packages/server-postgresql test:           at Array.map (<anonymous>)
packages/server-postgresql test:     console.debug
packages/server-postgresql test:       🔍 [buildRelationConditions] Using simple relation logic - THIS IS WHERE THE ERROR MIGHT OCCUR
packages/server-postgresql test:       at DrizzleConditionBuilder.buildRelationConditions (src/utils/drizzle-conditions.ts:191:21)
packages/server-postgresql test:           at Array.map (<anonymous>)
packages/server-postgresql test:     console.debug
packages/server-postgresql test:       🔍 [buildRelationConditions] Final result: { joinConditionsCount: 0, whereConditionsCount: 1 }
packages/server-postgresql test:       at DrizzleConditionBuilder.buildRelationConditions (src/utils/drizzle-conditions.ts:202:17)
packages/server-postgresql test:           at Array.map (<anonymous>)
packages/server-postgresql test:     console.debug
packages/server-postgresql test:       🔍 [buildRelationConditions] Building conditions for relation: {
packages/server-postgresql test:         relationName: 'tasks',
packages/server-postgresql test:         cardinality: 'many',
packages/server-postgresql test:         direction: 'inverse',
packages/server-postgresql test:         hasThrough: false,
packages/server-postgresql test:         hasForeignKeyOnTarget: true,
packages/server-postgresql test:         inverseRelationName: undefined,
packages/server-postgresql test:         parentEntityId: [ '1', '2' ]
packages/server-postgresql test:       }
packages/server-postgresql test:       at DrizzleConditionBuilder.buildRelationConditions (src/utils/drizzle-conditions.ts:107:17)
packages/server-postgresql test:     console.debug
packages/server-postgresql test:       🔍 [buildRelationConditions] Handling inverse many relationship without explicit through
packages/server-postgresql test:       at DrizzleConditionBuilder.buildRelationConditions (src/utils/drizzle-conditions.ts:162:21)
packages/server-postgresql test:     console.debug
packages/server-postgresql test:       🔍 [findCorrespondingJunctionTable] Looking for junction table for inverse relation 'tasks' with inverseRelationName 'undefined'
packages/server-postgresql test:       at DrizzleConditionBuilder.findCorrespondingJunctionTable (src/utils/drizzle-conditions.ts:939:21)
packages/server-postgresql test:     console.debug
packages/server-postgresql test:       🔍 [findCorrespondingJunctionTable] No inverseRelationName specified
packages/server-postgresql test:       at DrizzleConditionBuilder.findCorrespondingJunctionTable (src/utils/drizzle-conditions.ts:942:25)
packages/server-postgresql test:     console.debug
packages/server-postgresql test:       🔍 [buildRelationConditions] No junction table found, treating as inverse one-to-many with foreign key on target
packages/server-postgresql test:       at DrizzleConditionBuilder.buildRelationConditions (src/utils/drizzle-conditions.ts:177:25)
packages/server-postgresql test:     console.debug
packages/server-postgresql test:       🔍 [buildRelationConditions] Final result: { joinConditionsCount: 0, whereConditionsCount: 1 }
packages/server-postgresql test:       at DrizzleConditionBuilder.buildRelationConditions (src/utils/drizzle-conditions.ts:202:17)
packages/server-postgresql test:     console.debug
packages/server-postgresql test:       🔍 [buildRelationConditions] Building conditions for relation: {
packages/server-postgresql test:         relationName: 'tasks',
packages/server-postgresql test:         cardinality: 'many',
packages/server-postgresql test:         direction: 'inverse',
packages/server-postgresql test:         hasThrough: false,
packages/server-postgresql test:         hasForeignKeyOnTarget: true,
packages/server-postgresql test:         inverseRelationName: undefined,
packages/server-postgresql test:         parentEntityId: [ '2', '1' ]
packages/server-postgresql test:       }
packages/server-postgresql test:       at DrizzleConditionBuilder.buildRelationConditions (src/utils/drizzle-conditions.ts:107:17)
packages/server-postgresql test:     console.debug
packages/server-postgresql test:       🔍 [buildRelationConditions] Handling inverse many relationship without explicit through
packages/server-postgresql test:       at DrizzleConditionBuilder.buildRelationConditions (src/utils/drizzle-conditions.ts:162:21)
packages/server-postgresql test:     console.debug
packages/server-postgresql test:       🔍 [findCorrespondingJunctionTable] Looking for junction table for inverse relation 'tasks' with inverseRelationName 'undefined'
packages/server-postgresql test:       at DrizzleConditionBuilder.findCorrespondingJunctionTable (src/utils/drizzle-conditions.ts:939:21)
packages/server-postgresql test:     console.debug
packages/server-postgresql test:       🔍 [findCorrespondingJunctionTable] No inverseRelationName specified
packages/server-postgresql test:       at DrizzleConditionBuilder.findCorrespondingJunctionTable (src/utils/drizzle-conditions.ts:942:25)
packages/server-postgresql test:     console.debug
packages/server-postgresql test:       🔍 [buildRelationConditions] No junction table found, treating as inverse one-to-many with foreign key on target
packages/server-postgresql test:       at DrizzleConditionBuilder.buildRelationConditions (src/utils/drizzle-conditions.ts:177:25)
packages/server-postgresql test:     console.debug
packages/server-postgresql test:       🔍 [buildRelationConditions] Final result: { joinConditionsCount: 0, whereConditionsCount: 1 }
packages/server-postgresql test:       at DrizzleConditionBuilder.buildRelationConditions (src/utils/drizzle-conditions.ts:202:17)
packages/server-postgresql test:     console.debug
packages/server-postgresql test:       🔍 [buildRelationConditions] Building conditions for relation: {
packages/server-postgresql test:         relationName: 'tasks',
packages/server-postgresql test:         cardinality: 'many',
packages/server-postgresql test:         direction: 'inverse',
packages/server-postgresql test:         hasThrough: false,
packages/server-postgresql test:         hasForeignKeyOnTarget: true,
packages/server-postgresql test:         inverseRelationName: undefined,
packages/server-postgresql test:         parentEntityId: [ '1', '2' ]
packages/server-postgresql test:       }
packages/server-postgresql test:       at DrizzleConditionBuilder.buildRelationConditions (src/utils/drizzle-conditions.ts:107:17)
packages/server-postgresql test:     console.debug
packages/server-postgresql test:       🔍 [buildRelationConditions] Handling inverse many relationship without explicit through
packages/server-postgresql test:       at DrizzleConditionBuilder.buildRelationConditions (src/utils/drizzle-conditions.ts:162:21)
packages/server-postgresql test:     console.debug
packages/server-postgresql test:       🔍 [findCorrespondingJunctionTable] Looking for junction table for inverse relation 'tasks' with inverseRelationName 'undefined'
packages/server-postgresql test:       at DrizzleConditionBuilder.findCorrespondingJunctionTable (src/utils/drizzle-conditions.ts:939:21)
packages/server-postgresql test:     console.debug
packages/server-postgresql test:       🔍 [findCorrespondingJunctionTable] No inverseRelationName specified
packages/server-postgresql test:       at DrizzleConditionBuilder.findCorrespondingJunctionTable (src/utils/drizzle-conditions.ts:942:25)
packages/server-postgresql test:     console.debug
packages/server-postgresql test:       🔍 [buildRelationConditions] No junction table found, treating as inverse one-to-many with foreign key on target
packages/server-postgresql test:       at DrizzleConditionBuilder.buildRelationConditions (src/utils/drizzle-conditions.ts:177:25)
packages/server-postgresql test:     console.debug
packages/server-postgresql test:       🔍 [buildRelationConditions] Final result: { joinConditionsCount: 0, whereConditionsCount: 1 }
packages/server-postgresql test:       at DrizzleConditionBuilder.buildRelationConditions (src/utils/drizzle-conditions.ts:202:17)
packages/server-postgresql test:     console.debug
packages/server-postgresql test:       🔍 [buildRelationConditions] Building conditions for relation: {
packages/server-postgresql test:         relationName: 'tasks',
packages/server-postgresql test:         cardinality: 'many',
packages/server-postgresql test:         direction: 'inverse',
packages/server-postgresql test:         hasThrough: false,
packages/server-postgresql test:         hasForeignKeyOnTarget: true,
packages/server-postgresql test:         inverseRelationName: undefined,
packages/server-postgresql test:         parentEntityId: '1'
packages/server-postgresql test:       }
packages/server-postgresql test:       at DrizzleConditionBuilder.buildRelationConditions (src/utils/drizzle-conditions.ts:107:17)
packages/server-postgresql test:     console.debug
packages/server-postgresql test:       🔍 [buildRelationConditions] Handling inverse many relationship without explicit through
packages/server-postgresql test:       at DrizzleConditionBuilder.buildRelationConditions (src/utils/drizzle-conditions.ts:162:21)
packages/server-postgresql test:     console.debug
packages/server-postgresql test:       🔍 [findCorrespondingJunctionTable] Looking for junction table for inverse relation 'tasks' with inverseRelationName 'undefined'
packages/server-postgresql test:       at DrizzleConditionBuilder.findCorrespondingJunctionTable (src/utils/drizzle-conditions.ts:939:21)
packages/server-postgresql test:     console.debug
packages/server-postgresql test:       🔍 [findCorrespondingJunctionTable] No inverseRelationName specified
packages/server-postgresql test:       at DrizzleConditionBuilder.findCorrespondingJunctionTable (src/utils/drizzle-conditions.ts:942:25)
packages/server-postgresql test:     console.debug
packages/server-postgresql test:       🔍 [buildRelationConditions] No junction table found, treating as inverse one-to-many with foreign key on target
packages/server-postgresql test:       at DrizzleConditionBuilder.buildRelationConditions (src/utils/drizzle-conditions.ts:177:25)
packages/server-postgresql test:     console.debug
packages/server-postgresql test:       🔍 [buildRelationConditions] Final result: { joinConditionsCount: 0, whereConditionsCount: 1 }
packages/server-postgresql test:       at DrizzleConditionBuilder.buildRelationConditions (src/utils/drizzle-conditions.ts:202:17)
packages/server-postgresql test:     console.debug
packages/server-postgresql test:       🔍 [buildRelationConditions] Building conditions for relation: {
packages/server-postgresql test:         relationName: 'children',
packages/server-postgresql test:         cardinality: 'many',
packages/server-postgresql test:         direction: 'inverse',
packages/server-postgresql test:         hasThrough: false,
packages/server-postgresql test:         hasForeignKeyOnTarget: true,
packages/server-postgresql test:         inverseRelationName: undefined,
packages/server-postgresql test:         parentEntityId: '1'
packages/server-postgresql test:       }
packages/server-postgresql test:       at DrizzleConditionBuilder.buildRelationConditions (src/utils/drizzle-conditions.ts:107:17)
packages/server-postgresql test:     console.debug
packages/server-postgresql test:       🔍 [buildRelationConditions] Handling inverse many relationship without explicit through
packages/server-postgresql test:       at DrizzleConditionBuilder.buildRelationConditions (src/utils/drizzle-conditions.ts:162:21)
packages/server-postgresql test:     console.debug
packages/server-postgresql test:       🔍 [findCorrespondingJunctionTable] Looking for junction table for inverse relation 'children' with inverseRelationName 'undefined'
packages/server-postgresql test:       at DrizzleConditionBuilder.findCorrespondingJunctionTable (src/utils/drizzle-conditions.ts:939:21)
packages/server-postgresql test:     console.debug
packages/server-postgresql test:       🔍 [findCorrespondingJunctionTable] No inverseRelationName specified
packages/server-postgresql test:       at DrizzleConditionBuilder.findCorrespondingJunctionTable (src/utils/drizzle-conditions.ts:942:25)
packages/server-postgresql test:     console.debug
packages/server-postgresql test:       🔍 [buildRelationConditions] No junction table found, treating as inverse one-to-many with foreign key on target
packages/server-postgresql test:       at DrizzleConditionBuilder.buildRelationConditions (src/utils/drizzle-conditions.ts:177:25)
packages/server-postgresql test:     console.debug
packages/server-postgresql test:       🔍 [buildRelationConditions] Final result: { joinConditionsCount: 0, whereConditionsCount: 1 }
packages/server-postgresql test:       at DrizzleConditionBuilder.buildRelationConditions (src/utils/drizzle-conditions.ts:202:17)
packages/server-postgresql test:     console.debug
packages/server-postgresql test:       🔍 [buildRelationConditions] Building conditions for relation: {
packages/server-postgresql test:         relationName: 'tasks',
packages/server-postgresql test:         cardinality: 'many',
packages/server-postgresql test:         direction: 'inverse',
packages/server-postgresql test:         hasThrough: false,
packages/server-postgresql test:         hasForeignKeyOnTarget: true,
packages/server-postgresql test:         inverseRelationName: undefined,
packages/server-postgresql test:         parentEntityId: '5'
packages/server-postgresql test:       }
packages/server-postgresql test:       at DrizzleConditionBuilder.buildRelationConditions (src/utils/drizzle-conditions.ts:107:17)
packages/server-postgresql test:           at Array.map (<anonymous>)
packages/server-postgresql test:     console.debug
packages/server-postgresql test:       🔍 [buildRelationConditions] Handling inverse many relationship without explicit through
packages/server-postgresql test:       at DrizzleConditionBuilder.buildRelationConditions (src/utils/drizzle-conditions.ts:162:21)
packages/server-postgresql test:           at Array.map (<anonymous>)
packages/server-postgresql test:     console.debug
packages/server-postgresql test:       🔍 [findCorrespondingJunctionTable] Looking for junction table for inverse relation 'tasks' with inverseRelationName 'undefined'
packages/server-postgresql test:       at DrizzleConditionBuilder.findCorrespondingJunctionTable (src/utils/drizzle-conditions.ts:939:21)
packages/server-postgresql test:           at Array.map (<anonymous>)
packages/server-postgresql test:     console.debug
packages/server-postgresql test:       🔍 [findCorrespondingJunctionTable] No inverseRelationName specified
packages/server-postgresql test:       at DrizzleConditionBuilder.findCorrespondingJunctionTable (src/utils/drizzle-conditions.ts:942:25)
packages/server-postgresql test:           at Array.map (<anonymous>)
packages/server-postgresql test:     console.debug
packages/server-postgresql test:       🔍 [buildRelationConditions] No junction table found, treating as inverse one-to-many with foreign key on target
packages/server-postgresql test:       at DrizzleConditionBuilder.buildRelationConditions (src/utils/drizzle-conditions.ts:177:25)
packages/server-postgresql test:           at Array.map (<anonymous>)
packages/server-postgresql test:     console.debug
packages/server-postgresql test:       🔍 [buildRelationConditions] Final result: { joinConditionsCount: 0, whereConditionsCount: 1 }
packages/server-postgresql test:       at DrizzleConditionBuilder.buildRelationConditions (src/utils/drizzle-conditions.ts:202:17)
packages/server-postgresql test:           at Array.map (<anonymous>)
packages/server-postgresql test:     console.debug
packages/server-postgresql test:       🔍 [buildRelationConditions] Building conditions for relation: {
packages/server-postgresql test:         relationName: 'tags',
packages/server-postgresql test:         cardinality: 'many',
packages/server-postgresql test:         direction: 'owning',
packages/server-postgresql test:         hasThrough: true,
packages/server-postgresql test:         hasForeignKeyOnTarget: false,
packages/server-postgresql test:         inverseRelationName: undefined,
packages/server-postgresql test:         parentEntityId: '5'
packages/server-postgresql test:       }
packages/server-postgresql test:       at DrizzleConditionBuilder.buildRelationConditions (src/utils/drizzle-conditions.ts:107:17)
packages/server-postgresql test:           at Array.map (<anonymous>)
packages/server-postgresql test:     console.debug
packages/server-postgresql test:       🔍 [buildRelationConditions] Using owning many-to-many with explicit through
packages/server-postgresql test:       at DrizzleConditionBuilder.buildRelationConditions (src/utils/drizzle-conditions.ts:138:21)
packages/server-postgresql test:           at Array.map (<anonymous>)
packages/server-postgresql test:     console.debug
packages/server-postgresql test:       🔍 [buildRelationConditions] Final result: { joinConditionsCount: 1, whereConditionsCount: 1 }
packages/server-postgresql test:       at DrizzleConditionBuilder.buildRelationConditions (src/utils/drizzle-conditions.ts:202:17)
packages/server-postgresql test:           at Array.map (<anonymous>)
packages/server-postgresql test:     console.debug
packages/server-postgresql test:       🔍 [buildRelationConditions] Building conditions for relation: {
packages/server-postgresql test:         relationName: 'project',
packages/server-postgresql test:         cardinality: 'one',
packages/server-postgresql test:         direction: 'owning',
packages/server-postgresql test:         hasThrough: false,
packages/server-postgresql test:         hasForeignKeyOnTarget: false,
packages/server-postgresql test:         inverseRelationName: undefined,
packages/server-postgresql test:         parentEntityId: '1'
packages/server-postgresql test:       }
packages/server-postgresql test:       at DrizzleConditionBuilder.buildRelationConditions (src/utils/drizzle-conditions.ts:107:17)
packages/server-postgresql test:           at Array.map (<anonymous>)
packages/server-postgresql test:     console.debug
packages/server-postgresql test:       🔍 [buildRelationConditions] Using simple relation logic - THIS IS WHERE THE ERROR MIGHT OCCUR
packages/server-postgresql test:       at DrizzleConditionBuilder.buildRelationConditions (src/utils/drizzle-conditions.ts:191:21)
packages/server-postgresql test:           at Array.map (<anonymous>)
packages/server-postgresql test:     console.debug
packages/server-postgresql test:       🔍 [buildRelationConditions] Final result: { joinConditionsCount: 0, whereConditionsCount: 1 }
packages/server-postgresql test:       at DrizzleConditionBuilder.buildRelationConditions (src/utils/drizzle-conditions.ts:202:17)
packages/server-postgresql test:           at Array.map (<anonymous>)
packages/server-postgresql test:     console.debug
packages/server-postgresql test:       🔍 [buildRelationConditions] Building conditions for relation: {
packages/server-postgresql test:         relationName: 'project',
packages/server-postgresql test:         cardinality: 'one',
packages/server-postgresql test:         direction: 'owning',
packages/server-postgresql test:         hasThrough: false,
packages/server-postgresql test:         hasForeignKeyOnTarget: false,
packages/server-postgresql test:         inverseRelationName: undefined,
packages/server-postgresql test:         parentEntityId: '1'
packages/server-postgresql test:       }
packages/server-postgresql test:       at DrizzleConditionBuilder.buildRelationConditions (src/utils/drizzle-conditions.ts:107:17)
packages/server-postgresql test:           at Array.map (<anonymous>)
packages/server-postgresql test:     console.debug
packages/server-postgresql test:       🔍 [buildRelationConditions] Using simple relation logic - THIS IS WHERE THE ERROR MIGHT OCCUR
packages/server-postgresql test:       at DrizzleConditionBuilder.buildRelationConditions (src/utils/drizzle-conditions.ts:191:21)
packages/server-postgresql test:           at Array.map (<anonymous>)
packages/server-postgresql test:     console.debug
packages/server-postgresql test:       🔍 [buildRelationConditions] Final result: { joinConditionsCount: 0, whereConditionsCount: 1 }
packages/server-postgresql test:       at DrizzleConditionBuilder.buildRelationConditions (src/utils/drizzle-conditions.ts:202:17)
packages/server-postgresql test:           at Array.map (<anonymous>)
packages/server-postgresql test:     console.debug
packages/server-postgresql test:       🔍 [buildRelationConditions] Building conditions for relation: {
packages/server-postgresql test:         relationName: 'assignee',
packages/server-postgresql test:         cardinality: 'one',
packages/server-postgresql test:         direction: 'owning',
packages/server-postgresql test:         hasThrough: false,
packages/server-postgresql test:         hasForeignKeyOnTarget: false,
packages/server-postgresql test:         inverseRelationName: undefined,
packages/server-postgresql test:         parentEntityId: '1'
packages/server-postgresql test:       }
packages/server-postgresql test:       at DrizzleConditionBuilder.buildRelationConditions (src/utils/drizzle-conditions.ts:107:17)
packages/server-postgresql test:           at Array.map (<anonymous>)
packages/server-postgresql test:     console.debug
packages/server-postgresql test:       🔍 [buildRelationConditions] Using simple relation logic - THIS IS WHERE THE ERROR MIGHT OCCUR
packages/server-postgresql test:       at DrizzleConditionBuilder.buildRelationConditions (src/utils/drizzle-conditions.ts:191:21)
packages/server-postgresql test:           at Array.map (<anonymous>)
packages/server-postgresql test:     console.debug
packages/server-postgresql test:       🔍 [buildRelationConditions] Final result: { joinConditionsCount: 0, whereConditionsCount: 1 }
packages/server-postgresql test:       at DrizzleConditionBuilder.buildRelationConditions (src/utils/drizzle-conditions.ts:202:17)
packages/server-postgresql test:           at Array.map (<anonymous>)
packages/server-postgresql test:     console.debug
packages/server-postgresql test:       🔍 [buildRelationConditions] Building conditions for relation: {
packages/server-postgresql test:         relationName: 'tasks',
packages/server-postgresql test:         cardinality: 'many',
packages/server-postgresql test:         direction: 'inverse',
packages/server-postgresql test:         hasThrough: false,
packages/server-postgresql test:         hasForeignKeyOnTarget: true,
packages/server-postgresql test:         inverseRelationName: undefined,
packages/server-postgresql test:         parentEntityId: [ '1' ]
packages/server-postgresql test:       }
packages/server-postgresql test:       at DrizzleConditionBuilder.buildRelationConditions (src/utils/drizzle-conditions.ts:107:17)
packages/server-postgresql test:     console.debug
packages/server-postgresql test:       🔍 [buildRelationConditions] Handling inverse many relationship without explicit through
packages/server-postgresql test:       at DrizzleConditionBuilder.buildRelationConditions (src/utils/drizzle-conditions.ts:162:21)
packages/server-postgresql test:     console.debug
packages/server-postgresql test:       🔍 [findCorrespondingJunctionTable] Looking for junction table for inverse relation 'tasks' with inverseRelationName 'undefined'
packages/server-postgresql test:       at DrizzleConditionBuilder.findCorrespondingJunctionTable (src/utils/drizzle-conditions.ts:939:21)
packages/server-postgresql test:     console.debug
packages/server-postgresql test:       🔍 [findCorrespondingJunctionTable] No inverseRelationName specified
packages/server-postgresql test:       at DrizzleConditionBuilder.findCorrespondingJunctionTable (src/utils/drizzle-conditions.ts:942:25)
packages/server-postgresql test:     console.debug
packages/server-postgresql test:       🔍 [buildRelationConditions] No junction table found, treating as inverse one-to-many with foreign key on target
packages/server-postgresql test:       at DrizzleConditionBuilder.buildRelationConditions (src/utils/drizzle-conditions.ts:177:25)
packages/server-postgresql test:     console.debug
packages/server-postgresql test:       🔍 [buildRelationConditions] Final result: { joinConditionsCount: 0, whereConditionsCount: 1 }
packages/server-postgresql test:       at DrizzleConditionBuilder.buildRelationConditions (src/utils/drizzle-conditions.ts:202:17)
packages/server-postgresql test:     console.debug
packages/server-postgresql test:       🔍 [buildRelationConditions] Building conditions for relation: {
packages/server-postgresql test:         relationName: 'tasks',
packages/server-postgresql test:         cardinality: 'many',
packages/server-postgresql test:         direction: 'inverse',
packages/server-postgresql test:         hasThrough: false,
packages/server-postgresql test:         hasForeignKeyOnTarget: true,
packages/server-postgresql test:         inverseRelationName: undefined,
packages/server-postgresql test:         parentEntityId: [ '1' ]
packages/server-postgresql test:       }
packages/server-postgresql test:       at DrizzleConditionBuilder.buildRelationConditions (src/utils/drizzle-conditions.ts:107:17)
packages/server-postgresql test:     console.debug
packages/server-postgresql test:       🔍 [buildRelationConditions] Handling inverse many relationship without explicit through
packages/server-postgresql test:       at DrizzleConditionBuilder.buildRelationConditions (src/utils/drizzle-conditions.ts:162:21)
packages/server-postgresql test:     console.debug
packages/server-postgresql test:       🔍 [findCorrespondingJunctionTable] Looking for junction table for inverse relation 'tasks' with inverseRelationName 'undefined'
packages/server-postgresql test:       at DrizzleConditionBuilder.findCorrespondingJunctionTable (src/utils/drizzle-conditions.ts:939:21)
packages/server-postgresql test:     console.debug
packages/server-postgresql test:       🔍 [findCorrespondingJunctionTable] No inverseRelationName specified
packages/server-postgresql test:       at DrizzleConditionBuilder.findCorrespondingJunctionTable (src/utils/drizzle-conditions.ts:942:25)
packages/server-postgresql test:     console.debug
packages/server-postgresql test:       🔍 [buildRelationConditions] No junction table found, treating as inverse one-to-many with foreign key on target
packages/server-postgresql test:       at DrizzleConditionBuilder.buildRelationConditions (src/utils/drizzle-conditions.ts:177:25)
packages/server-postgresql test:     console.debug
packages/server-postgresql test:       🔍 [buildRelationConditions] Final result: { joinConditionsCount: 0, whereConditionsCount: 1 }
packages/server-postgresql test:       at DrizzleConditionBuilder.buildRelationConditions (src/utils/drizzle-conditions.ts:202:17)
packages/server-postgresql test:     console.debug
packages/server-postgresql test:       🔍 [buildRelationConditions] Building conditions for relation: {
packages/server-postgresql test:         relationName: 'companies',
packages/server-postgresql test:         cardinality: 'many',
packages/server-postgresql test:         direction: 'inverse',
packages/server-postgresql test:         hasThrough: false,
packages/server-postgresql test:         hasForeignKeyOnTarget: true,
packages/server-postgresql test:         inverseRelationName: undefined,
packages/server-postgresql test:         parentEntityId: 1
packages/server-postgresql test:       }
packages/server-postgresql test:       at DrizzleConditionBuilder.buildRelationConditions (src/utils/drizzle-conditions.ts:107:17)
packages/server-postgresql test:           at Array.map (<anonymous>)
packages/server-postgresql test:     console.debug
packages/server-postgresql test:       🔍 [buildRelationConditions] Handling inverse many relationship without explicit through
packages/server-postgresql test:       at DrizzleConditionBuilder.buildRelationConditions (src/utils/drizzle-conditions.ts:162:21)
packages/server-postgresql test:           at Array.map (<anonymous>)
packages/server-postgresql test:     console.debug
packages/server-postgresql test:       🔍 [findCorrespondingJunctionTable] Looking for junction table for inverse relation 'companies' with inverseRelationName 'undefined'
packages/server-postgresql test:       at DrizzleConditionBuilder.findCorrespondingJunctionTable (src/utils/drizzle-conditions.ts:939:21)
packages/server-postgresql test:           at Array.map (<anonymous>)
packages/server-postgresql test:     console.debug
packages/server-postgresql test:       🔍 [findCorrespondingJunctionTable] No inverseRelationName specified
packages/server-postgresql test:       at DrizzleConditionBuilder.findCorrespondingJunctionTable (src/utils/drizzle-conditions.ts:942:25)
packages/server-postgresql test:           at Array.map (<anonymous>)
packages/server-postgresql test:     console.debug
packages/server-postgresql test:       🔍 [buildRelationConditions] No junction table found, treating as inverse one-to-many with foreign key on target
packages/server-postgresql test:       at DrizzleConditionBuilder.buildRelationConditions (src/utils/drizzle-conditions.ts:177:25)
packages/server-postgresql test:           at Array.map (<anonymous>)
packages/server-postgresql test:     console.debug
packages/server-postgresql test:       🔍 [buildRelationConditions] Final result: { joinConditionsCount: 0, whereConditionsCount: 1 }
packages/server-postgresql test:       at DrizzleConditionBuilder.buildRelationConditions (src/utils/drizzle-conditions.ts:202:17)
packages/server-postgresql test:           at Array.map (<anonymous>)
packages/server-postgresql test:     console.debug
packages/server-postgresql test:       🔍 [buildRelationConditions] Building conditions for relation: {
packages/server-postgresql test:         relationName: 'companies',
packages/server-postgresql test:         cardinality: 'many',
packages/server-postgresql test:         direction: 'inverse',
packages/server-postgresql test:         hasThrough: false,
packages/server-postgresql test:         hasForeignKeyOnTarget: true,
packages/server-postgresql test:         inverseRelationName: undefined,
packages/server-postgresql test:         parentEntityId: 1
packages/server-postgresql test:       }
packages/server-postgresql test:       at DrizzleConditionBuilder.buildRelationConditions (src/utils/drizzle-conditions.ts:107:17)
packages/server-postgresql test:           at Array.map (<anonymous>)
packages/server-postgresql test:     console.debug
packages/server-postgresql test:       🔍 [buildRelationConditions] Handling inverse many relationship without explicit through
packages/server-postgresql test:       at DrizzleConditionBuilder.buildRelationConditions (src/utils/drizzle-conditions.ts:162:21)
packages/server-postgresql test:           at Array.map (<anonymous>)
packages/server-postgresql test:     console.debug
packages/server-postgresql test:       🔍 [findCorrespondingJunctionTable] Looking for junction table for inverse relation 'companies' with inverseRelationName 'undefined'
packages/server-postgresql test:       at DrizzleConditionBuilder.findCorrespondingJunctionTable (src/utils/drizzle-conditions.ts:939:21)
packages/server-postgresql test:           at Array.map (<anonymous>)
packages/server-postgresql test:     console.debug
packages/server-postgresql test:       🔍 [findCorrespondingJunctionTable] No inverseRelationName specified
packages/server-postgresql test:       at DrizzleConditionBuilder.findCorrespondingJunctionTable (src/utils/drizzle-conditions.ts:942:25)
packages/server-postgresql test:           at Array.map (<anonymous>)
packages/server-postgresql test:     console.debug
packages/server-postgresql test:       🔍 [buildRelationConditions] No junction table found, treating as inverse one-to-many with foreign key on target
packages/server-postgresql test:       at DrizzleConditionBuilder.buildRelationConditions (src/utils/drizzle-conditions.ts:177:25)
packages/server-postgresql test:           at Array.map (<anonymous>)
packages/server-postgresql test:     console.debug
packages/server-postgresql test:       🔍 [buildRelationConditions] Final result: { joinConditionsCount: 0, whereConditionsCount: 1 }
packages/server-postgresql test:       at DrizzleConditionBuilder.buildRelationConditions (src/utils/drizzle-conditions.ts:202:17)
packages/server-postgresql test:           at Array.map (<anonymous>)
packages/server-postgresql test:     console.debug
packages/server-postgresql test:       🔍 [buildRelationConditions] Building conditions for relation: {
packages/server-postgresql test:         relationName: 'company',
packages/server-postgresql test:         cardinality: 'one',
packages/server-postgresql test:         direction: 'owning',
packages/server-postgresql test:         hasThrough: false,
packages/server-postgresql test:         hasForeignKeyOnTarget: false,
packages/server-postgresql test:         inverseRelationName: undefined,
packages/server-postgresql test:         parentEntityId: '1'
packages/server-postgresql test:       }
packages/server-postgresql test:       at DrizzleConditionBuilder.buildRelationConditions (src/utils/drizzle-conditions.ts:107:17)
packages/server-postgresql test:           at Array.map (<anonymous>)
packages/server-postgresql test:     console.debug
packages/server-postgresql test:       🔍 [buildRelationConditions] Using simple relation logic - THIS IS WHERE THE ERROR MIGHT OCCUR
packages/server-postgresql test:       at DrizzleConditionBuilder.buildRelationConditions (src/utils/drizzle-conditions.ts:191:21)
packages/server-postgresql test:           at Array.map (<anonymous>)
packages/server-postgresql test:     console.debug
packages/server-postgresql test:       🔍 [buildRelationConditions] Final result: { joinConditionsCount: 0, whereConditionsCount: 1 }
packages/server-postgresql test:       at DrizzleConditionBuilder.buildRelationConditions (src/utils/drizzle-conditions.ts:202:17)
packages/server-postgresql test:           at Array.map (<anonymous>)
packages/server-postgresql test:     console.debug
packages/server-postgresql test:       🔍 [buildRelationConditions] Building conditions for relation: {
packages/server-postgresql test:         relationName: 'tasks',
packages/server-postgresql test:         cardinality: 'many',
packages/server-postgresql test:         direction: 'inverse',
packages/server-postgresql test:         hasThrough: false,
packages/server-postgresql test:         hasForeignKeyOnTarget: true,
packages/server-postgresql test:         inverseRelationName: undefined,
packages/server-postgresql test:         parentEntityId: '1'
packages/server-postgresql test:       }
packages/server-postgresql test:       at DrizzleConditionBuilder.buildRelationConditions (src/utils/drizzle-conditions.ts:107:17)
packages/server-postgresql test:           at Array.map (<anonymous>)
packages/server-postgresql test:     console.debug
packages/server-postgresql test:       🔍 [buildRelationConditions] Handling inverse many relationship without explicit through
packages/server-postgresql test:       at DrizzleConditionBuilder.buildRelationConditions (src/utils/drizzle-conditions.ts:162:21)
packages/server-postgresql test:           at Array.map (<anonymous>)
packages/server-postgresql test:     console.debug
packages/server-postgresql test:       🔍 [findCorrespondingJunctionTable] Looking for junction table for inverse relation 'tasks' with inverseRelationName 'undefined'
packages/server-postgresql test:       at DrizzleConditionBuilder.findCorrespondingJunctionTable (src/utils/drizzle-conditions.ts:939:21)
packages/server-postgresql test:           at Array.map (<anonymous>)
packages/server-postgresql test:     console.debug
packages/server-postgresql test:       🔍 [findCorrespondingJunctionTable] No inverseRelationName specified
packages/server-postgresql test:       at DrizzleConditionBuilder.findCorrespondingJunctionTable (src/utils/drizzle-conditions.ts:942:25)
packages/server-postgresql test:           at Array.map (<anonymous>)
packages/server-postgresql test:     console.debug
packages/server-postgresql test:       🔍 [buildRelationConditions] No junction table found, treating as inverse one-to-many with foreign key on target
packages/server-postgresql test:       at DrizzleConditionBuilder.buildRelationConditions (src/utils/drizzle-conditions.ts:177:25)
packages/server-postgresql test:           at Array.map (<anonymous>)
packages/server-postgresql test:     console.debug
packages/server-postgresql test:       🔍 [buildRelationConditions] Final result: { joinConditionsCount: 0, whereConditionsCount: 1 }
packages/server-postgresql test:       at DrizzleConditionBuilder.buildRelationConditions (src/utils/drizzle-conditions.ts:202:17)
packages/server-postgresql test:           at Array.map (<anonymous>)
packages/server-postgresql test:     console.debug
packages/server-postgresql test:       🔍 [buildRelationConditions] Building conditions for relation: {
packages/server-postgresql test:         relationName: 'tags',
packages/server-postgresql test:         cardinality: 'many',
packages/server-postgresql test:         direction: 'owning',
packages/server-postgresql test:         hasThrough: true,
packages/server-postgresql test:         hasForeignKeyOnTarget: false,
packages/server-postgresql test:         inverseRelationName: undefined,
packages/server-postgresql test:         parentEntityId: '1'
packages/server-postgresql test:       }
packages/server-postgresql test:       at DrizzleConditionBuilder.buildRelationConditions (src/utils/drizzle-conditions.ts:107:17)
packages/server-postgresql test:           at Array.map (<anonymous>)
packages/server-postgresql test:     console.debug
packages/server-postgresql test:       🔍 [buildRelationConditions] Using owning many-to-many with explicit through
packages/server-postgresql test:       at DrizzleConditionBuilder.buildRelationConditions (src/utils/drizzle-conditions.ts:138:21)
packages/server-postgresql test:           at Array.map (<anonymous>)
packages/server-postgresql test:     console.debug
packages/server-postgresql test:       🔍 [buildRelationConditions] Final result: { joinConditionsCount: 1, whereConditionsCount: 1 }
packages/server-postgresql test:       at DrizzleConditionBuilder.buildRelationConditions (src/utils/drizzle-conditions.ts:202:17)
packages/server-postgresql test:           at Array.map (<anonymous>)
packages/server-postgresql test: PASS test/batch-many-to-many-regression.test.ts
packages/server-postgresql test:   ● Console
packages/server-postgresql test:     console.debug
packages/server-postgresql test:       🔍 [buildRelationConditions] Building conditions for relation: {
packages/server-postgresql test:         relationName: 'posts',
packages/server-postgresql test:         cardinality: 'many',
packages/server-postgresql test:         direction: 'inverse',
packages/server-postgresql test:         hasThrough: true,
packages/server-postgresql test:         hasForeignKeyOnTarget: false,
packages/server-postgresql test:         inverseRelationName: undefined,
packages/server-postgresql test:         parentEntityId: [ 1, 2 ]
packages/server-postgresql test:       }
packages/server-postgresql test:       at DrizzleConditionBuilder.buildRelationConditions (src/utils/drizzle-conditions.ts:107:17)
packages/server-postgresql test:     console.debug
packages/server-postgresql test:       🔍 [buildRelationConditions] Using inverse many-to-many with explicit through
packages/server-postgresql test:       at DrizzleConditionBuilder.buildRelationConditions (src/utils/drizzle-conditions.ts:150:21)
packages/server-postgresql test:     console.debug
packages/server-postgresql test:       🔍 [buildRelationConditions] Final result: { joinConditionsCount: 1, whereConditionsCount: 1 }
packages/server-postgresql test:       at DrizzleConditionBuilder.buildRelationConditions (src/utils/drizzle-conditions.ts:202:17)
packages/server-postgresql test:     console.debug
packages/server-postgresql test:       🔍 [buildRelationConditions] Building conditions for relation: {
packages/server-postgresql test:         relationName: 'posts',
packages/server-postgresql test:         cardinality: 'many',
packages/server-postgresql test:         direction: 'inverse',
packages/server-postgresql test:         hasThrough: true,
packages/server-postgresql test:         hasForeignKeyOnTarget: false,
packages/server-postgresql test:         inverseRelationName: undefined,
packages/server-postgresql test:         parentEntityId: [ 1, 2 ]
packages/server-postgresql test:       }
packages/server-postgresql test:       at DrizzleConditionBuilder.buildRelationConditions (src/utils/drizzle-conditions.ts:107:17)
packages/server-postgresql test:     console.debug
packages/server-postgresql test:       🔍 [buildRelationConditions] Using inverse many-to-many with explicit through
packages/server-postgresql test:       at DrizzleConditionBuilder.buildRelationConditions (src/utils/drizzle-conditions.ts:150:21)
packages/server-postgresql test:     console.debug
packages/server-postgresql test:       🔍 [buildRelationConditions] Final result: { joinConditionsCount: 1, whereConditionsCount: 1 }
packages/server-postgresql test:       at DrizzleConditionBuilder.buildRelationConditions (src/utils/drizzle-conditions.ts:202:17)
packages/server-postgresql test:     console.debug
packages/server-postgresql test:       🔍 [buildRelationConditions] Building conditions for relation: {
packages/server-postgresql test:         relationName: 'posts',
packages/server-postgresql test:         cardinality: 'many',
packages/server-postgresql test:         direction: 'inverse',
packages/server-postgresql test:         hasThrough: true,
packages/server-postgresql test:         hasForeignKeyOnTarget: false,
packages/server-postgresql test:         inverseRelationName: undefined,
packages/server-postgresql test:         parentEntityId: [ 1, 2 ]
packages/server-postgresql test:       }
packages/server-postgresql test:       at DrizzleConditionBuilder.buildRelationConditions (src/utils/drizzle-conditions.ts:107:17)
packages/server-postgresql test:     console.debug
packages/server-postgresql test:       🔍 [buildRelationConditions] Using inverse many-to-many with explicit through
packages/server-postgresql test:       at DrizzleConditionBuilder.buildRelationConditions (src/utils/drizzle-conditions.ts:150:21)
packages/server-postgresql test:     console.debug
packages/server-postgresql test:       🔍 [buildRelationConditions] Final result: { joinConditionsCount: 1, whereConditionsCount: 1 }
packages/server-postgresql test:       at DrizzleConditionBuilder.buildRelationConditions (src/utils/drizzle-conditions.ts:202:17)
packages/server-postgresql test: PASS test/auth-services.test.ts
packages/server-postgresql test: PASS test/n-plus-one-regression.test.ts
packages/server-postgresql test:   ● Console
packages/server-postgresql test:     console.log
packages/server-postgresql test:       [N+1 Regression] 50 posts: batchFetchRelatedEntities used 2 queries
packages/server-postgresql test:       at Object.<anonymous> (test/n-plus-one-regression.test.ts:205:17)
packages/server-postgresql test: PASS test/data-transformer.test.ts
packages/server-postgresql test: PASS test/generate-drizzle-schema.test.ts
packages/server-postgresql test: PASS test/relations.test.ts
packages/admin test: PASS test/hooks/useBuildNavigationStateController.test.tsx
packages/admin test:   ● Console
packages/admin test:     console.debug
packages/admin test:       Collections have changed []
packages/admin test:       at src/hooks/navigation/useResolvedCollections.ts:93:29
packages/admin test:     console.debug
packages/admin test:       Collections have changed []
packages/admin test:       at src/hooks/navigation/useResolvedCollections.ts:93:29
packages/admin test:     console.debug
packages/admin test:       Collections have changed []
packages/admin test:       at src/hooks/navigation/useResolvedCollections.ts:93:29
packages/admin test:     console.debug
packages/admin test:       Collections have changed []
packages/admin test:       at src/hooks/navigation/useResolvedCollections.ts:93:29
packages/admin test:     console.debug
packages/admin test:       Collections have changed []
packages/admin test:       at src/hooks/navigation/useResolvedCollections.ts:93:29
packages/admin test:     console.error
packages/admin test:       An update to TestComponent inside a test was not wrapped in act(...).
packages/admin test:       
packages/admin test:       When testing, code that causes React state updates should be wrapped into act(...):
packages/admin test:       
packages/admin test:       act(() => {
packages/admin test:         /* fire events that update state */
packages/admin test:       });
packages/admin test:       /* assert on the output */
packages/admin test:       
packages/admin test:       This ensures that you're testing the behavior the user would see in the browser. Learn more at https://react.dev/link/wrap-tests-with-act
packages/admin test:       100 |                 }
packages/admin test:       101 |
packages/admin test:     > 102 |                 setError(undefined);
packages/admin test:           |                 ^
packages/admin test:       103 |             } catch (e) {
packages/admin test:       104 |                 if (!cancelled) {
packages/admin test:       105 |                     console.error(e);
packages/admin test:       at ../../node_modules/react-dom/cjs/react-dom-client.development.js:18758:19
packages/admin test:       at runWithFiberInDEV (../../node_modules/react-dom/cjs/react-dom-client.development.js:874:13)
packages/admin test:       at warnIfUpdatesNotWrappedWithActDEV (../../node_modules/react-dom/cjs/react-dom-client.development.js:18757:9)
packages/admin test:       at scheduleUpdateOnFiber (../../node_modules/react-dom/cjs/react-dom-client.development.js:16409:11)
packages/admin test:       at dispatchSetStateInternal (../../node_modules/react-dom/cjs/react-dom-client.development.js:9170:13)
packages/admin test:       at dispatchSetState (../../node_modules/react-dom/cjs/react-dom-client.development.js:9127:7)
packages/admin test:       at src/hooks/navigation/useResolvedCollections.ts:102:17
packages/admin test:     console.error
packages/admin test:       An update to TestComponent inside a test was not wrapped in act(...).
packages/admin test:       
packages/admin test:       When testing, code that causes React state updates should be wrapped into act(...):
packages/admin test:       
packages/admin test:       act(() => {
packages/admin test:         /* fire events that update state */
packages/admin test:       });
packages/admin test:       /* assert on the output */
packages/admin test:       
packages/admin test:       This ensures that you're testing the behavior the user would see in the browser. Learn more at https://react.dev/link/wrap-tests-with-act
packages/admin test:       108 |             } finally {
packages/admin test:       109 |                 if (!cancelled) {
packages/admin test:     > 110 |                     setLoading(false);
packages/admin test:           |                     ^
packages/admin test:       111 |                 }
packages/admin test:       112 |             }
packages/admin test:       113 |         })();
packages/admin test:       at ../../node_modules/react-dom/cjs/react-dom-client.development.js:18758:19
packages/admin test:       at runWithFiberInDEV (../../node_modules/react-dom/cjs/react-dom-client.development.js:874:13)
packages/admin test:       at warnIfUpdatesNotWrappedWithActDEV (../../node_modules/react-dom/cjs/react-dom-client.development.js:18757:9)
packages/admin test:       at scheduleUpdateOnFiber (../../node_modules/react-dom/cjs/react-dom-client.development.js:16409:11)
packages/admin test:       at dispatchSetStateInternal (../../node_modules/react-dom/cjs/react-dom-client.development.js:9170:13)
packages/admin test:       at dispatchSetState (../../node_modules/react-dom/cjs/react-dom-client.development.js:9127:7)
packages/admin test:       at src/hooks/navigation/useResolvedCollections.ts:110:21
packages/admin test:     console.error
packages/admin test:       An update to TestComponent inside a test was not wrapped in act(...).
packages/admin test:       
packages/admin test:       When testing, code that causes React state updates should be wrapped into act(...):
packages/admin test:       
packages/admin test:       act(() => {
packages/admin test:         /* fire events that update state */
packages/admin test:       });
packages/admin test:       /* assert on the output */
packages/admin test:       
packages/admin test:       This ensures that you're testing the behavior the user would see in the browser. Learn more at https://react.dev/link/wrap-tests-with-act
packages/admin test:       182 |                 }
packages/admin test:       183 |
packages/admin test:     > 184 |                 setError(undefined);
packages/admin test:           |                 ^
packages/admin test:       185 |             } catch (e) {
packages/admin test:       186 |                 if (!cancelled) {
packages/admin test:       187 |                     console.error("Error resolving views:", e);
packages/admin test:       at ../../node_modules/react-dom/cjs/react-dom-client.development.js:18758:19
packages/admin test:       at runWithFiberInDEV (../../node_modules/react-dom/cjs/react-dom-client.development.js:874:13)
packages/admin test:       at warnIfUpdatesNotWrappedWithActDEV (../../node_modules/react-dom/cjs/react-dom-client.development.js:18757:9)
packages/admin test:       at scheduleUpdateOnFiber (../../node_modules/react-dom/cjs/react-dom-client.development.js:16409:11)
packages/admin test:       at dispatchSetStateInternal (../../node_modules/react-dom/cjs/react-dom-client.development.js:9170:13)
packages/admin test:       at dispatchSetState (../../node_modules/react-dom/cjs/react-dom-client.development.js:9127:7)
packages/admin test:       at src/hooks/navigation/useResolvedViews.tsx:184:17
packages/admin test:     console.error
packages/admin test:       An update to TestComponent inside a test was not wrapped in act(...).
packages/admin test:       
packages/admin test:       When testing, code that causes React state updates should be wrapped into act(...):
packages/admin test:       
packages/admin test:       act(() => {
packages/admin test:         /* fire events that update state */
packages/admin test:       });
packages/admin test:       /* assert on the output */
packages/admin test:       
packages/admin test:       This ensures that you're testing the behavior the user would see in the browser. Learn more at https://react.dev/link/wrap-tests-with-act
packages/admin test:       190 |             } finally {
packages/admin test:       191 |                 if (!cancelled) {
packages/admin test:     > 192 |                     setLoading(false);
packages/admin test:           |                     ^
packages/admin test:       193 |                 }
packages/admin test:       194 |             }
packages/admin test:       195 |         })();
packages/admin test:       at ../../node_modules/react-dom/cjs/react-dom-client.development.js:18758:19
packages/admin test:       at runWithFiberInDEV (../../node_modules/react-dom/cjs/react-dom-client.development.js:874:13)
packages/admin test:       at warnIfUpdatesNotWrappedWithActDEV (../../node_modules/react-dom/cjs/react-dom-client.development.js:18757:9)
packages/admin test:       at scheduleUpdateOnFiber (../../node_modules/react-dom/cjs/react-dom-client.development.js:16409:11)
packages/admin test:       at dispatchSetStateInternal (../../node_modules/react-dom/cjs/react-dom-client.development.js:9170:13)
packages/admin test:       at dispatchSetState (../../node_modules/react-dom/cjs/react-dom-client.development.js:9127:7)
packages/admin test:       at src/hooks/navigation/useResolvedViews.tsx:192:21
packages/server-postgresql test: FAIL test/introspect-db-utils.test.ts
packages/server-postgresql test:   ● mapPgType › maps JSON types to json
packages/server-postgresql test:     expect(received).toBe(expected) // Object.is equality
packages/server-postgresql test:     Expected: "json"
packages/server-postgresql test:     Received: "map"
packages/server-postgresql test:       192 |     });
packages/server-postgresql test:       193 |     it("maps JSON types to json", () => {
packages/server-postgresql test:     > 194 |         expect(mapPgType("json")).toBe("json");
packages/server-postgresql test:           |                                   ^
packages/server-postgresql test:       195 |         expect(mapPgType("jsonb")).toBe("json");
packages/server-postgresql test:       196 |     });
packages/server-postgresql test:       197 |     it("maps ARRAY and underscore-prefixed types to json", () => {
packages/server-postgresql test:       at Object.<anonymous> (test/introspect-db-utils.test.ts:194:35)
packages/server-postgresql test:   ● mapPgType › maps ARRAY and underscore-prefixed types to json
packages/server-postgresql test:     expect(received).toBe(expected) // Object.is equality
packages/server-postgresql test:     Expected: "json"
packages/server-postgresql test:     Received: "array"
packages/server-postgresql test:       196 |     });
packages/server-postgresql test:       197 |     it("maps ARRAY and underscore-prefixed types to json", () => {
packages/server-postgresql test:     > 198 |         expect(mapPgType("ARRAY")).toBe("json");
packages/server-postgresql test:           |                                    ^
packages/server-postgresql test:       199 |         expect(mapPgType("_int4")).toBe("json");
packages/server-postgresql test:       200 |         expect(mapPgType("_text")).toBe("json");
packages/server-postgresql test:       201 |     });
packages/server-postgresql test:       at Object.<anonymous> (test/introspect-db-utils.test.ts:198:36)
packages/server-postgresql test:   ● generateIndexContent › each line is a default re-export
packages/server-postgresql test:     expect(received).toBe(expected) // Object.is equality
packages/server-postgresql test:     - Expected  - 1
packages/server-postgresql test:     + Received  + 5
packages/server-postgresql test:     - export { default as users } from "./users";
packages/server-postgresql test:     + import usersCollection from "./users";
packages/server-postgresql test:     +
packages/server-postgresql test:     + export const collections = [
packages/server-postgresql test:     +     usersCollection,
packages/server-postgresql test:     + ];
packages/server-postgresql test:       ↵
packages/server-postgresql test:       353 |     it("each line is a default re-export", () => {
packages/server-postgresql test:       354 |         const result = generateIndexContent(["users"]);
packages/server-postgresql test:     > 355 |         expect(result).toBe('export { default as users } from "./users";\n');
packages/server-postgresql test:           |                        ^
packages/server-postgresql test:       356 |     });
packages/server-postgresql test:       357 | });
packages/server-postgresql test:       358 |
packages/server-postgresql test:       at Object.<anonymous> (test/introspect-db-utils.test.ts:355:24)
packages/server-postgresql test:   ● mergeIndexContent › adds new exports without duplicating existing ones
packages/server-postgresql test:     expect(received).toBe(expected) // Object.is equality
packages/server-postgresql test:     Expected: 2
packages/server-postgresql test:     Received: 4
packages/server-postgresql test:       364 |         const existing = 'export { default as users } from "./users";\n';
packages/server-postgresql test:       365 |         const result = mergeIndexContent(existing, ["users", "posts"]);
packages/server-postgresql test:     > 366 |         expect(result.match(/users/g)!.length).toBe(2); // one in existing, one mention in "users" still just 1 export line
packages/server-postgresql test:           |                                                ^
packages/server-postgresql test:       367 |         expect(result).toContain('export { default as posts } from "./posts";');
packages/server-postgresql test:       368 |         // users should appear exactly once as an export statement
packages/server-postgresql test:       369 |         expect(result.match(/export.*users.*from/g)!.length).toBe(1);
packages/server-postgresql test:       at Object.<anonymous> (test/introspect-db-utils.test.ts:366:48)
packages/server-postgresql test:   ● mergeIndexContent › returns existing content trimmed + newline when no new files
packages/server-postgresql test:     expect(received).toBe(expected) // Object.is equality
packages/server-postgresql test:     - Expected  - 0
packages/server-postgresql test:     + Received  + 2
packages/server-postgresql test:     + import aCollection from "./a";
packages/server-postgresql test:     +
packages/server-postgresql test:       export { default as a } from "./a";
packages/server-postgresql test:       373 |         const existing = 'export { default as a } from "./a";\n';
packages/server-postgresql test:       374 |         const result = mergeIndexContent(existing, ["a"]);
packages/server-postgresql test:     > 375 |         expect(result.trim()).toBe(existing.trim());
packages/server-postgresql test:           |                               ^
packages/server-postgresql test:       376 |     });
packages/server-postgresql test:       377 | });
packages/server-postgresql test:       378 |
packages/server-postgresql test:       at Object.<anonymous> (test/introspect-db-utils.test.ts:375:31)
packages/server-postgresql test: PASS test/doctor.test.ts
packages/server-postgresql test: FAIL test/introspect-db-generation.test.ts
packages/server-postgresql test:   ● generateCollectionFile › basic property generation › generates correct property types from columns
packages/server-postgresql test:     expect(received).toContain(expected) // indexOf
packages/server-postgresql test:     Expected substring: "type: \"json\""
packages/server-postgresql test:     Received string:    "import { PostgresCollection } from \"@rebasepro/types\";·
packages/server-postgresql test:     const itemsCollection: PostgresCollection = {
packages/server-postgresql test:         name: \"Items\",
packages/server-postgresql test:         singularName: \"Item\",
packages/server-postgresql test:         slug: \"items\",
packages/server-postgresql test:         table: \"items\",
packages/server-postgresql test:         icon: \"Package\",
packages/server-postgresql test:         group: \"App\",
packages/server-postgresql test:         properties: {
packages/server-postgresql test:             id: {
packages/server-postgresql test:                 name: \"Id\",
packages/server-postgresql test:                 type: \"string\",
packages/server-postgresql test:                 isId: \"uuid\",
packages/server-postgresql test:             },
packages/server-postgresql test:             count: {
packages/server-postgresql test:                 name: \"Count\",
packages/server-postgresql test:                 type: \"number\",
packages/server-postgresql test:             },
packages/server-postgresql test:             active: {
packages/server-postgresql test:                 name: \"Active\",
packages/server-postgresql test:                 type: \"boolean\",
packages/server-postgresql test:             },
packages/server-postgresql test:             created_at: {
packages/server-postgresql test:                 name: \"Created At\",
packages/server-postgresql test:                 type: \"date\",
packages/server-postgresql test:                 autoValue: \"on_create\",
packages/server-postgresql test:                 readOnly: true,
packages/server-postgresql test:                 hideFromCollection: true,
packages/server-postgresql test:             },
packages/server-postgresql test:             metadata: {
packages/server-postgresql test:                 name: \"Metadata\",
packages/server-postgresql test:                 type: \"map\",
packages/server-postgresql test:                 keyValue: true,
packages/server-postgresql test:             },
packages/server-postgresql test:         },
packages/server-postgresql test:         propertiesOrder: [
packages/server-postgresql test:             \"id\",
packages/server-postgresql test:             \"count\",
packages/server-postgresql test:             \"active\",
packages/server-postgresql test:             \"created_at\",
packages/server-postgresql test:             \"metadata\"
packages/server-postgresql test:         ]
packages/server-postgresql test:     };·
packages/server-postgresql test:     export default itemsCollection;
packages/server-postgresql test:     "
packages/server-postgresql test:       50 |             expect(result).toContain('type: "boolean"');
packages/server-postgresql test:       51 |             expect(result).toContain('type: "date"');
packages/server-postgresql test:     > 52 |             expect(result).toContain('type: "json"');
packages/server-postgresql test:          |                            ^
packages/server-postgresql test:       53 |         });
packages/server-postgresql test:       54 |
packages/server-postgresql test:       55 |         it("skips FK columns from properties (they become relations)", () => {
packages/server-postgresql test:       at Object.<anonymous> (test/introspect-db-generation.test.ts:52:28)
packages/server-postgresql test: PASS test/branchService.test.ts
packages/server-postgresql test: PASS test/historyService.test.ts
packages/server-postgresql test: PASS test/entityService.subcollection-search.test.ts
packages/server-postgresql test:   ● Console
packages/server-postgresql test:     console.warn
packages/server-postgresql test:       Unrecognized relation format for property 'posts' in collection 'tags'
packages/server-postgresql test:       235 |     const relation = ((sourceCollection as CollectionWithRelations).relations ?? []).find((rel: Relation) => rel.relationName === relProp.relationName)
packages/server-postgresql test:       236 |     if (!relation) {
packages/server-postgresql test:     > 237 |         console.warn(`Unrecognized relation format for property '${propertyKey}' in collection '${sourceCollection.slug}'`);
packages/server-postgresql test:           |                 ^
packages/server-postgresql test:       238 |         return undefined;
packages/server-postgresql test:       239 |     }
packages/server-postgresql test:       240 |
packages/server-postgresql test:       at resolvePropertyRelation (../common/src/util/relations.ts:237:17)
packages/server-postgresql test:       at ../common/src/util/relations.ts:175:30
packages/server-postgresql test:           at Array.forEach (<anonymous>)
packages/server-postgresql test:       at resolveCollectionRelations (../common/src/util/relations.ts:174:47)
packages/server-postgresql test:       at EntityFetchService.fetchCollectionFromPath (src/services/EntityFetchService.ts:971:65)
packages/server-postgresql test:       at EntityFetchService.fetchCollection (src/services/EntityFetchService.ts:918:25)
packages/server-postgresql test:       at EntityService.fetchCollection (src/services/entityService.ts:71:34)
packages/server-postgresql test:       at Object.<anonymous> (test/entityService.subcollection-search.test.ts:497:40)
packages/server-postgresql test: PASS test/realtimeService.test.ts
packages/server-postgresql test:   ● Console
packages/server-postgresql test:     console.debug
packages/server-postgresql test:       🔔 [RealtimeService] notifyEntityUpdate called for path: posts entityId: 1 isDelete: false
packages/server-postgresql test:       at RealtimeService.debugLog (src/services/realtimeService.ts:92:44)
packages/server-postgresql test:     console.debug
packages/server-postgresql test:       📡 [RealtimeService] Notifying path: posts (original: posts)
packages/server-postgresql test:       at RealtimeService.debugLog (src/services/realtimeService.ts:92:44)
packages/server-postgresql test:     console.debug
packages/server-postgresql test:       📡 [RealtimeService] Found 1 subscriptions for path: posts
packages/server-postgresql test:       at RealtimeService.debugLog (src/services/realtimeService.ts:92:44)
packages/server-postgresql test:     console.debug
packages/server-postgresql test:       🔔 [RealtimeService] notifyEntityUpdate completed for path: posts
packages/server-postgresql test:       at RealtimeService.debugLog (src/services/realtimeService.ts:92:44)
packages/server-postgresql test:     console.debug
packages/server-postgresql test:       🔔 [RealtimeService] notifyEntityUpdate called for path: posts entityId: 1 isDelete: false
packages/server-postgresql test:       at RealtimeService.debugLog (src/services/realtimeService.ts:92:44)
packages/server-postgresql test:     console.debug
packages/server-postgresql test:       📡 [RealtimeService] Notifying path: posts (original: posts)
packages/server-postgresql test:       at RealtimeService.debugLog (src/services/realtimeService.ts:92:44)
packages/server-postgresql test:     console.debug
packages/server-postgresql test:       📡 [RealtimeService] Found 1 subscriptions for path: posts
packages/server-postgresql test:       at RealtimeService.debugLog (src/services/realtimeService.ts:92:44)
packages/server-postgresql test:     console.debug
packages/server-postgresql test:       🔔 [RealtimeService] notifyEntityUpdate completed for path: posts
packages/server-postgresql test:       at RealtimeService.debugLog (src/services/realtimeService.ts:92:44)
packages/server-postgresql test:     console.debug
packages/server-postgresql test:       🔔 [RealtimeService] notifyEntityUpdate called for path: posts entityId: 1 isDelete: false
packages/server-postgresql test:       at RealtimeService.debugLog (src/services/realtimeService.ts:92:44)
packages/server-postgresql test:     console.debug
packages/server-postgresql test:       📡 [RealtimeService] Notifying path: posts (original: posts)
packages/server-postgresql test:       at RealtimeService.debugLog (src/services/realtimeService.ts:92:44)
packages/server-postgresql test:     console.debug
packages/server-postgresql test:       📡 [RealtimeService] Found 1 subscriptions for path: posts
packages/server-postgresql test:       at RealtimeService.debugLog (src/services/realtimeService.ts:92:44)
packages/server-postgresql test:     console.debug
packages/server-postgresql test:       🔔 [RealtimeService] notifyEntityUpdate completed for path: posts
packages/server-postgresql test:       at RealtimeService.debugLog (src/services/realtimeService.ts:92:44)
packages/server-postgresql test:     console.debug
packages/server-postgresql test:       🔔 [RealtimeService] notifyEntityUpdate called for path: posts entityId: 1 isDelete: false
packages/server-postgresql test:       at RealtimeService.debugLog (src/services/realtimeService.ts:92:44)
packages/server-postgresql test:     console.debug
packages/server-postgresql test:       📡 [RealtimeService] Notifying path: posts (original: posts)
packages/server-postgresql test:       at RealtimeService.debugLog (src/services/realtimeService.ts:92:44)
packages/server-postgresql test:     console.debug
packages/server-postgresql test:       📡 [RealtimeService] Found 1 subscriptions for path: posts
packages/server-postgresql test:       at RealtimeService.debugLog (src/services/realtimeService.ts:92:44)
packages/server-postgresql test:     console.debug
packages/server-postgresql test:       🔔 [RealtimeService] notifyEntityUpdate completed for path: posts
packages/server-postgresql test:       at RealtimeService.debugLog (src/services/realtimeService.ts:92:44)
packages/server-postgresql test:     console.debug
packages/server-postgresql test:       🔔 [RealtimeService] notifyEntityUpdate called for path: posts entityId: 1 isDelete: false
packages/server-postgresql test:       at RealtimeService.debugLog (src/services/realtimeService.ts:92:44)
packages/server-postgresql test:     console.debug
packages/server-postgresql test:       📡 [RealtimeService] Notifying path: posts (original: posts)
packages/server-postgresql test:       at RealtimeService.debugLog (src/services/realtimeService.ts:92:44)
packages/server-postgresql test:     console.debug
packages/server-postgresql test:       📡 [RealtimeService] Found 1 subscriptions for path: posts
packages/server-postgresql test:       at RealtimeService.debugLog (src/services/realtimeService.ts:92:44)
packages/server-postgresql test:     console.debug
packages/server-postgresql test:       🔔 [RealtimeService] notifyEntityUpdate completed for path: posts
packages/server-postgresql test:       at RealtimeService.debugLog (src/services/realtimeService.ts:92:44)
packages/server-postgresql test:     console.debug
packages/server-postgresql test:       🔔 [RealtimeService] notifyEntityUpdate called for path: posts entityId: 1 isDelete: false
packages/server-postgresql test:       at RealtimeService.debugLog (src/services/realtimeService.ts:92:44)
packages/server-postgresql test:     console.debug
packages/server-postgresql test:       📡 [RealtimeService] Notifying path: posts (original: posts)
packages/server-postgresql test:       at RealtimeService.debugLog (src/services/realtimeService.ts:92:44)
packages/server-postgresql test:     console.debug
packages/server-postgresql test:       📡 [RealtimeService] Found 1 subscriptions for path: posts
packages/server-postgresql test:       at RealtimeService.debugLog (src/services/realtimeService.ts:92:44)
packages/server-postgresql test:     console.debug
packages/server-postgresql test:       🔔 [RealtimeService] notifyEntityUpdate completed for path: posts
packages/server-postgresql test:       at RealtimeService.debugLog (src/services/realtimeService.ts:92:44)
packages/server-postgresql test: PASS test/postgresDataDriver.test.ts
packages/server-postgresql test:   ● Console
packages/server-postgresql test:     console.warn
packages/server-postgresql test:       [DataDriver] User roles are missing for authenticated delegate. Using empty array. User object: { uid: 'test-user', email: 'test@example.com' }
packages/server-postgresql test:       911 |             const userRoles = this.user?.roles ?? [];
packages/server-postgresql test:       912 |             if (!this.user?.roles) {
packages/server-postgresql test:     > 913 |                 console.warn("[DataDriver] User roles are missing for authenticated delegate. Using empty array. User object:", this.user);
packages/server-postgresql test:           |                         ^
packages/server-postgresql test:       914 |             }
packages/server-postgresql test:       915 |             const normalizedRoles = userRoles.map((r: unknown) =>
packages/server-postgresql test:       916 |                 typeof r === "string" ? r : (r as Record<string, unknown>)?.id ?? String(r)
packages/server-postgresql test:       at src/PostgresBackendDriver.ts:913:25
packages/server-postgresql test:       at Object.<anonymous> (test/postgresDataDriver.test.ts:63:30)
packages/server-postgresql test:       at AuthenticatedPostgresBackendDriver.withTransaction (src/PostgresBackendDriver.ts:904:47)
packages/server-postgresql test:       at AuthenticatedPostgresBackendDriver.fetchCollection (src/PostgresBackendDriver.ts:955:21)
packages/server-postgresql test:       at Object.<anonymous> (test/postgresDataDriver.test.ts:68:32)
packages/server-postgresql test:     console.warn
packages/server-postgresql test:       [DataDriver] User roles are missing for authenticated delegate. Using empty array. User object: { uid: 'test-user-123', email: 'test@example.com' }
packages/server-postgresql test:       911 |             const userRoles = this.user?.roles ?? [];
packages/server-postgresql test:       912 |             if (!this.user?.roles) {
packages/server-postgresql test:     > 913 |                 console.warn("[DataDriver] User roles are missing for authenticated delegate. Using empty array. User object:", this.user);
packages/server-postgresql test:           |                         ^
packages/server-postgresql test:       914 |             }
packages/server-postgresql test:       915 |             const normalizedRoles = userRoles.map((r: unknown) =>
packages/server-postgresql test:       916 |                 typeof r === "string" ? r : (r as Record<string, unknown>)?.id ?? String(r)
packages/server-postgresql test:       at src/PostgresBackendDriver.ts:913:25
packages/server-postgresql test:       at Object.<anonymous> (test/postgresDataDriver.test.ts:82:30)
packages/server-postgresql test:       at AuthenticatedPostgresBackendDriver.withTransaction (src/PostgresBackendDriver.ts:904:47)
packages/server-postgresql test:       at AuthenticatedPostgresBackendDriver.fetchCollection (src/PostgresBackendDriver.ts:955:21)
packages/server-postgresql test:       at Object.<anonymous> (test/postgresDataDriver.test.ts:87:32)
packages/server-postgresql test:     console.warn
packages/server-postgresql test:       [DataDriver] User ID (uid) is missing for authenticated delegate. Using 'anonymous'. User object: {}
packages/server-postgresql test:       905 |             let userId = this.user?.uid;
packages/server-postgresql test:       906 |             if (!userId) {
packages/server-postgresql test:     > 907 |                 console.warn("[DataDriver] User ID (uid) is missing for authenticated delegate. Using 'anonymous'. User object:", this.user);
packages/server-postgresql test:           |                         ^
packages/server-postgresql test:       908 |                 userId = "anonymous";
packages/server-postgresql test:       909 |             }
packages/server-postgresql test:       910 |
packages/server-postgresql test:       at src/PostgresBackendDriver.ts:907:25
packages/server-postgresql test:       at Object.<anonymous> (test/postgresDataDriver.test.ts:153:24)
packages/server-postgresql test:       at AuthenticatedPostgresBackendDriver.withTransaction (src/PostgresBackendDriver.ts:904:47)
packages/server-postgresql test:       at AuthenticatedPostgresBackendDriver.fetchCollection (src/PostgresBackendDriver.ts:955:21)
packages/server-postgresql test:       at Object.<anonymous> (test/postgresDataDriver.test.ts:159:32)
packages/server-postgresql test:     console.warn
packages/server-postgresql test:       [DataDriver] User roles are missing for authenticated delegate. Using empty array. User object: {}
packages/server-postgresql test:       911 |             const userRoles = this.user?.roles ?? [];
packages/server-postgresql test:       912 |             if (!this.user?.roles) {
packages/server-postgresql test:     > 913 |                 console.warn("[DataDriver] User roles are missing for authenticated delegate. Using empty array. User object:", this.user);
packages/server-postgresql test:           |                         ^
packages/server-postgresql test:       914 |             }
packages/server-postgresql test:       915 |             const normalizedRoles = userRoles.map((r: unknown) =>
packages/server-postgresql test:       916 |                 typeof r === "string" ? r : (r as Record<string, unknown>)?.id ?? String(r)
packages/server-postgresql test:       at src/PostgresBackendDriver.ts:913:25
packages/server-postgresql test:       at Object.<anonymous> (test/postgresDataDriver.test.ts:153:24)
packages/server-postgresql test:       at AuthenticatedPostgresBackendDriver.withTransaction (src/PostgresBackendDriver.ts:904:47)
packages/server-postgresql test:       at AuthenticatedPostgresBackendDriver.fetchCollection (src/PostgresBackendDriver.ts:955:21)
packages/server-postgresql test:       at Object.<anonymous> (test/postgresDataDriver.test.ts:159:32)
packages/server-postgresql test:     console.warn
packages/server-postgresql test:       [DataDriver] User ID (uid) is missing for authenticated delegate. Using 'anonymous'. User object: {}
packages/server-postgresql test:       905 |             let userId = this.user?.uid;
packages/server-postgresql test:       906 |             if (!userId) {
packages/server-postgresql test:     > 907 |                 console.warn("[DataDriver] User ID (uid) is missing for authenticated delegate. Using 'anonymous'. User object:", this.user);
packages/server-postgresql test:           |                         ^
packages/server-postgresql test:       908 |                 userId = "anonymous";
packages/server-postgresql test:       909 |             }
packages/server-postgresql test:       910 |
packages/server-postgresql test:       at src/PostgresBackendDriver.ts:907:25
packages/server-postgresql test:       at Object.<anonymous> (test/postgresDataDriver.test.ts:167:19)
packages/server-postgresql test:     console.warn
packages/server-postgresql test:       [DataDriver] User roles are missing for authenticated delegate. Using empty array. User object: {}
packages/server-postgresql test:       911 |             const userRoles = this.user?.roles ?? [];
packages/server-postgresql test:       912 |             if (!this.user?.roles) {
packages/server-postgresql test:     > 913 |                 console.warn("[DataDriver] User roles are missing for authenticated delegate. Using empty array. User object:", this.user);
packages/server-postgresql test:           |                         ^
packages/server-postgresql test:       914 |             }
packages/server-postgresql test:       915 |             const normalizedRoles = userRoles.map((r: unknown) =>
packages/server-postgresql test:       916 |                 typeof r === "string" ? r : (r as Record<string, unknown>)?.id ?? String(r)
packages/server-postgresql test:       at src/PostgresBackendDriver.ts:913:25
packages/server-postgresql test:       at Object.<anonymous> (test/postgresDataDriver.test.ts:167:19)
packages/server-postgresql test:     console.warn
packages/server-postgresql test:       [DataDriver] User ID (uid) is missing for authenticated delegate. Using 'anonymous'. User object: null
packages/server-postgresql test:       905 |             let userId = this.user?.uid;
packages/server-postgresql test:       906 |             if (!userId) {
packages/server-postgresql test:     > 907 |                 console.warn("[DataDriver] User ID (uid) is missing for authenticated delegate. Using 'anonymous'. User object:", this.user);
packages/server-postgresql test:           |                         ^
packages/server-postgresql test:       908 |                 userId = "anonymous";
packages/server-postgresql test:       909 |             }
packages/server-postgresql test:       910 |
packages/server-postgresql test:       at src/PostgresBackendDriver.ts:907:25
packages/server-postgresql test:       at Object.<anonymous> (test/postgresDataDriver.test.ts:180:24)
packages/server-postgresql test:       at AuthenticatedPostgresBackendDriver.withTransaction (src/PostgresBackendDriver.ts:904:47)
packages/server-postgresql test:       at AuthenticatedPostgresBackendDriver.fetchCollection (src/PostgresBackendDriver.ts:955:21)
packages/server-postgresql test:       at Object.<anonymous> (test/postgresDataDriver.test.ts:185:32)
packages/server-postgresql test:     console.warn
packages/server-postgresql test:       [DataDriver] User roles are missing for authenticated delegate. Using empty array. User object: null
packages/server-postgresql test:       911 |             const userRoles = this.user?.roles ?? [];
packages/server-postgresql test:       912 |             if (!this.user?.roles) {
packages/server-postgresql test:     > 913 |                 console.warn("[DataDriver] User roles are missing for authenticated delegate. Using empty array. User object:", this.user);
packages/server-postgresql test:           |                         ^
packages/server-postgresql test:       914 |             }
packages/server-postgresql test:       915 |             const normalizedRoles = userRoles.map((r: unknown) =>
packages/server-postgresql test:       916 |                 typeof r === "string" ? r : (r as Record<string, unknown>)?.id ?? String(r)
packages/server-postgresql test:       at src/PostgresBackendDriver.ts:913:25
packages/server-postgresql test:       at Object.<anonymous> (test/postgresDataDriver.test.ts:180:24)
packages/server-postgresql test:       at AuthenticatedPostgresBackendDriver.withTransaction (src/PostgresBackendDriver.ts:904:47)
packages/server-postgresql test:       at AuthenticatedPostgresBackendDriver.fetchCollection (src/PostgresBackendDriver.ts:955:21)
packages/server-postgresql test:       at Object.<anonymous> (test/postgresDataDriver.test.ts:185:32)
packages/server-postgresql test:     console.warn
packages/server-postgresql test:       [DataDriver] User ID (uid) is missing for authenticated delegate. Using 'anonymous'. User object: null
packages/server-postgresql test:       905 |             let userId = this.user?.uid;
packages/server-postgresql test:       906 |             if (!userId) {
packages/server-postgresql test:     > 907 |                 console.warn("[DataDriver] User ID (uid) is missing for authenticated delegate. Using 'anonymous'. User object:", this.user);
packages/server-postgresql test:           |                         ^
packages/server-postgresql test:       908 |                 userId = "anonymous";
packages/server-postgresql test:       909 |             }
packages/server-postgresql test:       910 |
packages/server-postgresql test:       at src/PostgresBackendDriver.ts:907:25
packages/server-postgresql test:       at Object.<anonymous> (test/postgresDataDriver.test.ts:191:19)
packages/server-postgresql test:     console.warn
packages/server-postgresql test:       [DataDriver] User roles are missing for authenticated delegate. Using empty array. User object: null
packages/server-postgresql test:       911 |             const userRoles = this.user?.roles ?? [];
packages/server-postgresql test:       912 |             if (!this.user?.roles) {
packages/server-postgresql test:     > 913 |                 console.warn("[DataDriver] User roles are missing for authenticated delegate. Using empty array. User object:", this.user);
packages/server-postgresql test:           |                         ^
packages/server-postgresql test:       914 |             }
packages/server-postgresql test:       915 |             const normalizedRoles = userRoles.map((r: unknown) =>
packages/server-postgresql test:       916 |                 typeof r === "string" ? r : (r as Record<string, unknown>)?.id ?? String(r)
packages/server-postgresql test:       at src/PostgresBackendDriver.ts:913:25
packages/server-postgresql test:       at Object.<anonymous> (test/postgresDataDriver.test.ts:191:19)
packages/server-postgresql test:     console.warn
packages/server-postgresql test:       [DataDriver] User roles are missing for authenticated delegate. Using empty array. User object: { uid: 'test-user', email: 'test@example.com' }
packages/server-postgresql test:       911 |             const userRoles = this.user?.roles ?? [];
packages/server-postgresql test:       912 |             if (!this.user?.roles) {
packages/server-postgresql test:     > 913 |                 console.warn("[DataDriver] User roles are missing for authenticated delegate. Using empty array. User object:", this.user);
packages/server-postgresql test:           |                         ^
packages/server-postgresql test:       914 |             }
packages/server-postgresql test:       915 |             const normalizedRoles = userRoles.map((r: unknown) =>
packages/server-postgresql test:       916 |                 typeof r === "string" ? r : (r as Record<string, unknown>)?.id ?? String(r)
packages/server-postgresql test:       at src/PostgresBackendDriver.ts:913:25
packages/server-postgresql test:       at Object.<anonymous> (test/postgresDataDriver.test.ts:214:30)
packages/server-postgresql test:       at AuthenticatedPostgresBackendDriver.withTransaction (src/PostgresBackendDriver.ts:904:47)
packages/server-postgresql test:       at AuthenticatedPostgresBackendDriver.saveEntity (src/PostgresBackendDriver.ts:987:21)
packages/server-postgresql test:       at Object.<anonymous> (test/postgresDataDriver.test.ts:227:32)
packages/server-postgresql test:     console.warn
packages/server-postgresql test:       [DataDriver] User roles are missing for authenticated delegate. Using empty array. User object: { uid: 'test-user', email: 'test@example.com' }
packages/server-postgresql test:       911 |             const userRoles = this.user?.roles ?? [];
packages/server-postgresql test:       912 |             if (!this.user?.roles) {
packages/server-postgresql test:     > 913 |                 console.warn("[DataDriver] User roles are missing for authenticated delegate. Using empty array. User object:", this.user);
packages/server-postgresql test:           |                         ^
packages/server-postgresql test:       914 |             }
packages/server-postgresql test:       915 |             const normalizedRoles = userRoles.map((r: unknown) =>
packages/server-postgresql test:       916 |                 typeof r === "string" ? r : (r as Record<string, unknown>)?.id ?? String(r)
packages/server-postgresql test:       at src/PostgresBackendDriver.ts:913:25
packages/server-postgresql test:       at Object.<anonymous> (test/postgresDataDriver.test.ts:246:30)
packages/server-postgresql test:       at AuthenticatedPostgresBackendDriver.withTransaction (src/PostgresBackendDriver.ts:904:47)
packages/server-postgresql test:       at AuthenticatedPostgresBackendDriver.saveEntity (src/PostgresBackendDriver.ts:987:21)
packages/server-postgresql test:       at Object.<anonymous> (test/postgresDataDriver.test.ts:258:39)
packages/server-postgresql test:     console.warn
packages/server-postgresql test:       [DataDriver] User roles are missing for authenticated delegate. Using empty array. User object: { uid: 'test-user', email: 'test@example.com' }
packages/server-postgresql test:       911 |             const userRoles = this.user?.roles ?? [];
packages/server-postgresql test:       912 |             if (!this.user?.roles) {
packages/server-postgresql test:     > 913 |                 console.warn("[DataDriver] User roles are missing for authenticated delegate. Using empty array. User object:", this.user);
packages/server-postgresql test:           |                         ^
packages/server-postgresql test:       914 |             }
packages/server-postgresql test:       915 |             const normalizedRoles = userRoles.map((r: unknown) =>
packages/server-postgresql test:       916 |                 typeof r === "string" ? r : (r as Record<string, unknown>)?.id ?? String(r)
packages/server-postgresql test:       at src/PostgresBackendDriver.ts:913:25
packages/server-postgresql test:       at Object.<anonymous> (test/postgresDataDriver.test.ts:274:30)
packages/server-postgresql test:       at AuthenticatedPostgresBackendDriver.withTransaction (src/PostgresBackendDriver.ts:904:47)
packages/server-postgresql test:       at AuthenticatedPostgresBackendDriver.saveEntity (src/PostgresBackendDriver.ts:987:21)
packages/server-postgresql test:       at Object.<anonymous> (test/postgresDataDriver.test.ts:291:47)
packages/server-postgresql test:     console.error
packages/server-postgresql test:       [DataDriver] Error flushing deferred notification: Error: Network Failure on Notification
packages/server-postgresql test:           at Object.<anonymous> (/Users/francesco/rebase/packages/server-postgresql/test/postgresDataDriver.test.ts:288:45)
packages/server-postgresql test:           at Promise.then.completed (/Users/francesco/rebase/node_modules/jest-circus/build/utils.js:298:28)
packages/server-postgresql test:           at new Promise (<anonymous>)
packages/server-postgresql test:           at callAsyncCircusFn (/Users/francesco/rebase/node_modules/jest-circus/build/utils.js:231:10)
packages/server-postgresql test:           at _callCircusTest (/Users/francesco/rebase/node_modules/jest-circus/build/run.js:316:40)
packages/server-postgresql test:           at processTicksAndRejections (node:internal/process/task_queues:104:5)
packages/server-postgresql test:           at _runTest (/Users/francesco/rebase/node_modules/jest-circus/build/run.js:252:3)
packages/server-postgresql test:           at _runTestsForDescribeBlock (/Users/francesco/rebase/node_modules/jest-circus/build/run.js:126:9)
packages/server-postgresql test:           at _runTestsForDescribeBlock (/Users/francesco/rebase/node_modules/jest-circus/build/run.js:121:9)
packages/server-postgresql test:           at _runTestsForDescribeBlock (/Users/francesco/rebase/node_modules/jest-circus/build/run.js:121:9)
packages/server-postgresql test:           at run (/Users/francesco/rebase/node_modules/jest-circus/build/run.js:71:3)
packages/server-postgresql test:           at runAndTransformResultsToJestFormat (/Users/francesco/rebase/node_modules/jest-circus/build/legacy-code-todo-rewrite/jestAdapterInit.js:122:21)
packages/server-postgresql test:           at jestAdapter (/Users/francesco/rebase/node_modules/jest-circus/build/legacy-code-todo-rewrite/jestAdapter.js:79:19)
packages/server-postgresql test:           at runTestInternal (/Users/francesco/rebase/node_modules/jest-runner/build/runTest.js:367:16)
packages/server-postgresql test:           at runTest (/Users/francesco/rebase/node_modules/jest-runner/build/runTest.js:444:34)
packages/server-postgresql test:           at Object.worker (/Users/francesco/rebase/node_modules/jest-runner/build/testWorker.js:106:12)
packages/server-postgresql test:       945 |                 );
packages/server-postgresql test:       946 |             } catch (e) {
packages/server-postgresql test:     > 947 |                 console.error("[DataDriver] Error flushing deferred notification:", e);
packages/server-postgresql test:           |                         ^
packages/server-postgresql test:       948 |             }
packages/server-postgresql test:       949 |         }
packages/server-postgresql test:       950 |
packages/server-postgresql test:       at AuthenticatedPostgresBackendDriver.withTransaction (src/PostgresBackendDriver.ts:947:25)
packages/server-postgresql test:       at Object.<anonymous> (test/postgresDataDriver.test.ts:291:28)
packages/server-postgresql test:     console.warn
packages/server-postgresql test:       [DataDriver] User roles are missing for authenticated delegate. Using empty array. User object: { uid: 'test-user', email: 'test@example.com' }
packages/server-postgresql test:       911 |             const userRoles = this.user?.roles ?? [];
packages/server-postgresql test:       912 |             if (!this.user?.roles) {
packages/server-postgresql test:     > 913 |                 console.warn("[DataDriver] User roles are missing for authenticated delegate. Using empty array. User object:", this.user);
packages/server-postgresql test:           |                         ^
packages/server-postgresql test:       914 |             }
packages/server-postgresql test:       915 |             const normalizedRoles = userRoles.map((r: unknown) =>
packages/server-postgresql test:       916 |                 typeof r === "string" ? r : (r as Record<string, unknown>)?.id ?? String(r)
packages/server-postgresql test:       at src/PostgresBackendDriver.ts:913:25
packages/server-postgresql test:       at Object.<anonymous> (test/postgresDataDriver.test.ts:309:30)
packages/server-postgresql test:       at AuthenticatedPostgresBackendDriver.withTransaction (src/PostgresBackendDriver.ts:904:24)
packages/server-postgresql test:           at async Promise.all (index 0)
packages/server-postgresql test:       at Object.<anonymous> (test/postgresDataDriver.test.ts:329:13)
packages/server-postgresql test:     console.warn
packages/server-postgresql test:       [DataDriver] User roles are missing for authenticated delegate. Using empty array. User object: { uid: 'test-user', email: 'test@example.com' }
packages/server-postgresql test:       911 |             const userRoles = this.user?.roles ?? [];
packages/server-postgresql test:       912 |             if (!this.user?.roles) {
packages/server-postgresql test:     > 913 |                 console.warn("[DataDriver] User roles are missing for authenticated delegate. Using empty array. User object:", this.user);
packages/server-postgresql test:           |                         ^
packages/server-postgresql test:       914 |             }
packages/server-postgresql test:       915 |             const normalizedRoles = userRoles.map((r: unknown) =>
packages/server-postgresql test:       916 |                 typeof r === "string" ? r : (r as Record<string, unknown>)?.id ?? String(r)
packages/server-postgresql test:       at src/PostgresBackendDriver.ts:913:25
packages/server-postgresql test:       at Object.<anonymous> (test/postgresDataDriver.test.ts:309:30)
packages/server-postgresql test:       at AuthenticatedPostgresBackendDriver.withTransaction (src/PostgresBackendDriver.ts:904:24)
packages/server-postgresql test:           at async Promise.all (index 1)
packages/server-postgresql test:       at Object.<anonymous> (test/postgresDataDriver.test.ts:329:13)
packages/server-postgresql test:     console.warn
packages/server-postgresql test:       [DataDriver] User roles are missing for authenticated delegate. Using empty array. User object: { uid: "admin'; DROP TABLE users; --", email: 'hacker@evil.com' }
packages/server-postgresql test:       911 |             const userRoles = this.user?.roles ?? [];
packages/server-postgresql test:       912 |             if (!this.user?.roles) {
packages/server-postgresql test:     > 913 |                 console.warn("[DataDriver] User roles are missing for authenticated delegate. Using empty array. User object:", this.user);
packages/server-postgresql test:           |                         ^
packages/server-postgresql test:       914 |             }
packages/server-postgresql test:       915 |             const normalizedRoles = userRoles.map((r: unknown) =>
packages/server-postgresql test:       916 |                 typeof r === "string" ? r : (r as Record<string, unknown>)?.id ?? String(r)
packages/server-postgresql test:       at src/PostgresBackendDriver.ts:913:25
packages/server-postgresql test:       at Object.<anonymous> (test/postgresDataDriver.test.ts:484:30)
packages/server-postgresql test:       at AuthenticatedPostgresBackendDriver.withTransaction (src/PostgresBackendDriver.ts:904:47)
packages/server-postgresql test:       at AuthenticatedPostgresBackendDriver.fetchCollection (src/PostgresBackendDriver.ts:955:21)
packages/server-postgresql test:       at Object.<anonymous> (test/postgresDataDriver.test.ts:489:32)
packages/server-postgresql test:     console.warn
packages/server-postgresql test:       [DataDriver] User roles are missing for authenticated delegate. Using empty array. User object: { uid: 'deleter', email: 'del@test.com' }
packages/server-postgresql test:       911 |             const userRoles = this.user?.roles ?? [];
packages/server-postgresql test:       912 |             if (!this.user?.roles) {
packages/server-postgresql test:     > 913 |                 console.warn("[DataDriver] User roles are missing for authenticated delegate. Using empty array. User object:", this.user);
packages/server-postgresql test:           |                         ^
packages/server-postgresql test:       914 |             }
packages/server-postgresql test:       915 |             const normalizedRoles = userRoles.map((r: unknown) =>
packages/server-postgresql test:       916 |                 typeof r === "string" ? r : (r as Record<string, unknown>)?.id ?? String(r)
packages/server-postgresql test:       at src/PostgresBackendDriver.ts:913:25
packages/server-postgresql test:       at Object.<anonymous> (test/postgresDataDriver.test.ts:548:30)
packages/server-postgresql test:       at AuthenticatedPostgresBackendDriver.withTransaction (src/PostgresBackendDriver.ts:904:47)
packages/server-postgresql test:       at AuthenticatedPostgresBackendDriver.deleteEntity (src/PostgresBackendDriver.ts:991:21)
packages/server-postgresql test:       at Object.<anonymous> (test/postgresDataDriver.test.ts:554:32)
packages/server-postgresql test:     console.warn
packages/server-postgresql test:       [DataDriver] User roles are missing for authenticated delegate. Using empty array. User object: { uid: 'checker', email: 'c@test.com' }
packages/server-postgresql test:       911 |             const userRoles = this.user?.roles ?? [];
packages/server-postgresql test:       912 |             if (!this.user?.roles) {
packages/server-postgresql test:     > 913 |                 console.warn("[DataDriver] User roles are missing for authenticated delegate. Using empty array. User object:", this.user);
packages/server-postgresql test:           |                         ^
packages/server-postgresql test:       914 |             }
packages/server-postgresql test:       915 |             const normalizedRoles = userRoles.map((r: unknown) =>
packages/server-postgresql test:       916 |                 typeof r === "string" ? r : (r as Record<string, unknown>)?.id ?? String(r)
packages/server-postgresql test:       at src/PostgresBackendDriver.ts:913:25
packages/server-postgresql test:       at Object.<anonymous> (test/postgresDataDriver.test.ts:563:30)
packages/server-postgresql test:       at AuthenticatedPostgresBackendDriver.withTransaction (src/PostgresBackendDriver.ts:904:47)
packages/server-postgresql test:       at AuthenticatedPostgresBackendDriver.checkUniqueField (src/PostgresBackendDriver.ts:1001:21)
packages/server-postgresql test:       at Object.<anonymous> (test/postgresDataDriver.test.ts:569:47)
packages/server-postgresql test:     console.warn
packages/server-postgresql test:       [DataDriver] User roles are missing for authenticated delegate. Using empty array. User object: { uid: 'counter', email: 'c@test.com' }
packages/server-postgresql test:       911 |             const userRoles = this.user?.roles ?? [];
packages/server-postgresql test:       912 |             if (!this.user?.roles) {
packages/server-postgresql test:     > 913 |                 console.warn("[DataDriver] User roles are missing for authenticated delegate. Using empty array. User object:", this.user);
packages/server-postgresql test:           |                         ^
packages/server-postgresql test:       914 |             }
packages/server-postgresql test:       915 |             const normalizedRoles = userRoles.map((r: unknown) =>
packages/server-postgresql test:       916 |                 typeof r === "string" ? r : (r as Record<string, unknown>)?.id ?? String(r)
packages/server-postgresql test:       at src/PostgresBackendDriver.ts:913:25
packages/server-postgresql test:       at Object.<anonymous> (test/postgresDataDriver.test.ts:577:30)
packages/server-postgresql test:       at AuthenticatedPostgresBackendDriver.withTransaction (src/PostgresBackendDriver.ts:904:47)
packages/server-postgresql test:       at AuthenticatedPostgresBackendDriver.countEntities (src/PostgresBackendDriver.ts:1005:21)
packages/server-postgresql test:       at Object.<anonymous> (test/postgresDataDriver.test.ts:583:47)
packages/server-postgresql test:     console.warn
packages/server-postgresql test:       [DataDriver] User roles are missing for authenticated delegate. Using empty array. User object: { uid: 'u1', email: 'u@t.com' }
packages/server-postgresql test:       911 |             const userRoles = this.user?.roles ?? [];
packages/server-postgresql test:       912 |             if (!this.user?.roles) {
packages/server-postgresql test:     > 913 |                 console.warn("[DataDriver] User roles are missing for authenticated delegate. Using empty array. User object:", this.user);
packages/server-postgresql test:           |                         ^
packages/server-postgresql test:       914 |             }
packages/server-postgresql test:       915 |             const normalizedRoles = userRoles.map((r: unknown) =>
packages/server-postgresql test:       916 |                 typeof r === "string" ? r : (r as Record<string, unknown>)?.id ?? String(r)
packages/server-postgresql test:       at src/PostgresBackendDriver.ts:913:25
packages/server-postgresql test:       at Object.<anonymous> (test/postgresDataDriver.test.ts:614:86)
packages/server-postgresql test:       at AuthenticatedPostgresBackendDriver.withTransaction (src/PostgresBackendDriver.ts:904:47)
packages/server-postgresql test:       at AuthenticatedPostgresBackendDriver.saveEntity (src/PostgresBackendDriver.ts:987:21)
packages/server-postgresql test:       at Object.<anonymous> (test/postgresDataDriver.test.ts:630:32)
packages/server-postgresql test:     console.warn
packages/server-postgresql test:       [DataDriver] User roles are missing for authenticated delegate. Using empty array. User object: { uid: 'u1', email: 'u@t.com' }
packages/server-postgresql test:       911 |             const userRoles = this.user?.roles ?? [];
packages/server-postgresql test:       912 |             if (!this.user?.roles) {
packages/server-postgresql test:     > 913 |                 console.warn("[DataDriver] User roles are missing for authenticated delegate. Using empty array. User object:", this.user);
packages/server-postgresql test:           |                         ^
packages/server-postgresql test:       914 |             }
packages/server-postgresql test:       915 |             const normalizedRoles = userRoles.map((r: unknown) =>
packages/server-postgresql test:       916 |                 typeof r === "string" ? r : (r as Record<string, unknown>)?.id ?? String(r)
packages/server-postgresql test:       at src/PostgresBackendDriver.ts:913:25
packages/server-postgresql test:       at Object.<anonymous> (test/postgresDataDriver.test.ts:614:86)
packages/server-postgresql test:       at AuthenticatedPostgresBackendDriver.withTransaction (src/PostgresBackendDriver.ts:904:47)
packages/server-postgresql test:       at AuthenticatedPostgresBackendDriver.saveEntity (src/PostgresBackendDriver.ts:987:21)
packages/server-postgresql test:       at Object.<anonymous> (test/postgresDataDriver.test.ts:635:32)
packages/server-postgresql test: PASS test/entityService.errors.test.ts
packages/server-postgresql test: PASS test/entityService.relations.test.ts
packages/server-postgresql test:   ● Console
packages/server-postgresql test:     console.debug
packages/server-postgresql test:       🔍 [buildRelationConditions] Building conditions for relation: {
packages/server-postgresql test:         relationName: 'orders',
packages/server-postgresql test:         cardinality: 'many',
packages/server-postgresql test:         direction: 'inverse',
packages/server-postgresql test:         hasThrough: false,
packages/server-postgresql test:         hasForeignKeyOnTarget: true,
packages/server-postgresql test:         inverseRelationName: undefined,
packages/server-postgresql test:         parentEntityId: '1'
packages/server-postgresql test:       }
packages/server-postgresql test:       at DrizzleConditionBuilder.buildRelationConditions (src/utils/drizzle-conditions.ts:107:17)
packages/server-postgresql test:     console.debug
packages/server-postgresql test:       🔍 [buildRelationConditions] Handling inverse many relationship without explicit through
packages/server-postgresql test:       at DrizzleConditionBuilder.buildRelationConditions (src/utils/drizzle-conditions.ts:162:21)
packages/server-postgresql test:     console.debug
packages/server-postgresql test:       🔍 [findCorrespondingJunctionTable] Looking for junction table for inverse relation 'orders' with inverseRelationName 'undefined'
packages/server-postgresql test:       at DrizzleConditionBuilder.findCorrespondingJunctionTable (src/utils/drizzle-conditions.ts:939:21)
packages/server-postgresql test:     console.debug
packages/server-postgresql test:       🔍 [findCorrespondingJunctionTable] No inverseRelationName specified
packages/server-postgresql test:       at DrizzleConditionBuilder.findCorrespondingJunctionTable (src/utils/drizzle-conditions.ts:942:25)
packages/server-postgresql test:     console.debug
packages/server-postgresql test:       🔍 [buildRelationConditions] No junction table found, treating as inverse one-to-many with foreign key on target
packages/server-postgresql test:       at DrizzleConditionBuilder.buildRelationConditions (src/utils/drizzle-conditions.ts:177:25)
packages/server-postgresql test:     console.debug
packages/server-postgresql test:       🔍 [buildRelationConditions] Final result: { joinConditionsCount: 0, whereConditionsCount: 1 }
packages/server-postgresql test:       at DrizzleConditionBuilder.buildRelationConditions (src/utils/drizzle-conditions.ts:202:17)
packages/server-postgresql test:     console.debug
packages/server-postgresql test:       🔍 [buildRelationConditions] Building conditions for relation: {
packages/server-postgresql test:         relationName: 'orders',
packages/server-postgresql test:         cardinality: 'many',
packages/server-postgresql test:         direction: 'inverse',
packages/server-postgresql test:         hasThrough: false,
packages/server-postgresql test:         hasForeignKeyOnTarget: true,
packages/server-postgresql test:         inverseRelationName: undefined,
packages/server-postgresql test:         parentEntityId: '999'
packages/server-postgresql test:       }
packages/server-postgresql test:       at DrizzleConditionBuilder.buildRelationConditions (src/utils/drizzle-conditions.ts:107:17)
packages/server-postgresql test:     console.debug
packages/server-postgresql test:       🔍 [buildRelationConditions] Handling inverse many relationship without explicit through
packages/server-postgresql test:       at DrizzleConditionBuilder.buildRelationConditions (src/utils/drizzle-conditions.ts:162:21)
packages/server-postgresql test:     console.debug
packages/server-postgresql test:       🔍 [findCorrespondingJunctionTable] Looking for junction table for inverse relation 'orders' with inverseRelationName 'undefined'
packages/server-postgresql test:       at DrizzleConditionBuilder.findCorrespondingJunctionTable (src/utils/drizzle-conditions.ts:939:21)
packages/server-postgresql test:     console.debug
packages/server-postgresql test:       🔍 [findCorrespondingJunctionTable] No inverseRelationName specified
packages/server-postgresql test:       at DrizzleConditionBuilder.findCorrespondingJunctionTable (src/utils/drizzle-conditions.ts:942:25)
packages/server-postgresql test:     console.debug
packages/server-postgresql test:       🔍 [buildRelationConditions] No junction table found, treating as inverse one-to-many with foreign key on target
packages/server-postgresql test:       at DrizzleConditionBuilder.buildRelationConditions (src/utils/drizzle-conditions.ts:177:25)
packages/server-postgresql test:     console.debug
packages/server-postgresql test:       🔍 [buildRelationConditions] Final result: { joinConditionsCount: 0, whereConditionsCount: 1 }
packages/server-postgresql test:       at DrizzleConditionBuilder.buildRelationConditions (src/utils/drizzle-conditions.ts:202:17)
packages/server-postgresql test:     console.debug
packages/server-postgresql test:       🔍 [buildRelationConditions] Building conditions for relation: {
packages/server-postgresql test:         relationName: 'products',
packages/server-postgresql test:         cardinality: 'many',
packages/server-postgresql test:         direction: 'owning',
packages/server-postgresql test:         hasThrough: true,
packages/server-postgresql test:         hasForeignKeyOnTarget: false,
packages/server-postgresql test:         inverseRelationName: undefined,
packages/server-postgresql test:         parentEntityId: '3'
packages/server-postgresql test:       }
packages/server-postgresql test:       at DrizzleConditionBuilder.buildRelationConditions (src/utils/drizzle-conditions.ts:107:17)
packages/server-postgresql test:           at Array.map (<anonymous>)
packages/server-postgresql test:     console.debug
packages/server-postgresql test:       🔍 [buildRelationConditions] Using owning many-to-many with explicit through
packages/server-postgresql test:       at DrizzleConditionBuilder.buildRelationConditions (src/utils/drizzle-conditions.ts:138:21)
packages/server-postgresql test:           at Array.map (<anonymous>)
packages/server-postgresql test:     console.debug
packages/server-postgresql test:       🔍 [buildRelationConditions] Final result: { joinConditionsCount: 1, whereConditionsCount: 1 }
packages/server-postgresql test:       at DrizzleConditionBuilder.buildRelationConditions (src/utils/drizzle-conditions.ts:202:17)
packages/server-postgresql test:           at Array.map (<anonymous>)
packages/server-postgresql test:     console.debug
packages/server-postgresql test:       🔍 [buildRelationConditions] Building conditions for relation: {
packages/server-postgresql test:         relationName: 'products',
packages/server-postgresql test:         cardinality: 'many',
packages/server-postgresql test:         direction: 'owning',
packages/server-postgresql test:         hasThrough: true,
packages/server-postgresql test:         hasForeignKeyOnTarget: false,
packages/server-postgresql test:         inverseRelationName: undefined,
packages/server-postgresql test:         parentEntityId: '1'
packages/server-postgresql test:       }
packages/server-postgresql test:       at DrizzleConditionBuilder.buildRelationConditions (src/utils/drizzle-conditions.ts:107:17)
packages/server-postgresql test:           at Array.map (<anonymous>)
packages/server-postgresql test:     console.debug
packages/server-postgresql test:       🔍 [buildRelationConditions] Using owning many-to-many with explicit through
packages/server-postgresql test:       at DrizzleConditionBuilder.buildRelationConditions (src/utils/drizzle-conditions.ts:138:21)
packages/server-postgresql test:           at Array.map (<anonymous>)
packages/server-postgresql test:     console.debug
packages/server-postgresql test:       🔍 [buildRelationConditions] Final result: { joinConditionsCount: 1, whereConditionsCount: 1 }
packages/server-postgresql test:       at DrizzleConditionBuilder.buildRelationConditions (src/utils/drizzle-conditions.ts:202:17)
packages/server-postgresql test:           at Array.map (<anonymous>)
packages/server-postgresql test:     console.debug
packages/server-postgresql test:       🔍 [buildRelationConditions] Building conditions for relation: {
packages/server-postgresql test:         relationName: 'products',
packages/server-postgresql test:         cardinality: 'many',
packages/server-postgresql test:         direction: 'owning',
packages/server-postgresql test:         hasThrough: true,
packages/server-postgresql test:         hasForeignKeyOnTarget: false,
packages/server-postgresql test:         inverseRelationName: undefined,
packages/server-postgresql test:         parentEntityId: '1'
packages/server-postgresql test:       }
packages/server-postgresql test:       at DrizzleConditionBuilder.buildRelationConditions (src/utils/drizzle-conditions.ts:107:17)
packages/server-postgresql test:     console.debug
packages/server-postgresql test:       🔍 [buildRelationConditions] Using owning many-to-many with explicit through
packages/server-postgresql test:       at DrizzleConditionBuilder.buildRelationConditions (src/utils/drizzle-conditions.ts:138:21)
packages/server-postgresql test:     console.debug
packages/server-postgresql test:       🔍 [buildRelationConditions] Final result: { joinConditionsCount: 1, whereConditionsCount: 1 }
packages/server-postgresql test:       at DrizzleConditionBuilder.buildRelationConditions (src/utils/drizzle-conditions.ts:202:17)
packages/server-postgresql test:     console.debug
packages/server-postgresql test:       🔍 [buildRelationConditions] Building conditions for relation: {
packages/server-postgresql test:         relationName: 'products',
packages/server-postgresql test:         cardinality: 'many',
packages/server-postgresql test:         direction: 'owning',
packages/server-postgresql test:         hasThrough: true,
packages/server-postgresql test:         hasForeignKeyOnTarget: false,
packages/server-postgresql test:         inverseRelationName: undefined,
packages/server-postgresql test:         parentEntityId: '4'
packages/server-postgresql test:       }
packages/server-postgresql test:       at DrizzleConditionBuilder.buildRelationConditions (src/utils/drizzle-conditions.ts:107:17)
packages/server-postgresql test:           at Array.map (<anonymous>)
packages/server-postgresql test:     console.debug
packages/server-postgresql test:       🔍 [buildRelationConditions] Using owning many-to-many with explicit through
packages/server-postgresql test:       at DrizzleConditionBuilder.buildRelationConditions (src/utils/drizzle-conditions.ts:138:21)
packages/server-postgresql test:           at Array.map (<anonymous>)
packages/server-postgresql test:     console.debug
packages/server-postgresql test:       🔍 [buildRelationConditions] Final result: { joinConditionsCount: 1, whereConditionsCount: 1 }
packages/server-postgresql test:       at DrizzleConditionBuilder.buildRelationConditions (src/utils/drizzle-conditions.ts:202:17)
packages/server-postgresql test:           at Array.map (<anonymous>)
packages/server-postgresql test:     console.debug
packages/server-postgresql test:       🔍 [buildRelationConditions] Building conditions for relation: {
packages/server-postgresql test:         relationName: 'profile',
packages/server-postgresql test:         cardinality: 'one',
packages/server-postgresql test:         direction: 'inverse',
packages/server-postgresql test:         hasThrough: false,
packages/server-postgresql test:         hasForeignKeyOnTarget: true,
packages/server-postgresql test:         inverseRelationName: undefined,
packages/server-postgresql test:         parentEntityId: '1'
packages/server-postgresql test:       }
packages/server-postgresql test:       at DrizzleConditionBuilder.buildRelationConditions (src/utils/drizzle-conditions.ts:107:17)
packages/server-postgresql test:     console.debug
packages/server-postgresql test:       🔍 [buildRelationConditions] Using simple relation logic - THIS IS WHERE THE ERROR MIGHT OCCUR
packages/server-postgresql test:       at DrizzleConditionBuilder.buildRelationConditions (src/utils/drizzle-conditions.ts:191:21)
packages/server-postgresql test:     console.debug
packages/server-postgresql test:       🔍 [buildRelationConditions] Final result: { joinConditionsCount: 0, whereConditionsCount: 1 }
packages/server-postgresql test:       at DrizzleConditionBuilder.buildRelationConditions (src/utils/drizzle-conditions.ts:202:17)
packages/server-postgresql test:     console.debug
packages/server-postgresql test:       🔍 [buildRelationConditions] Building conditions for relation: {
packages/server-postgresql test:         relationName: 'customer',
packages/server-postgresql test:         cardinality: 'one',
packages/server-postgresql test:         direction: 'owning',
packages/server-postgresql test:         hasThrough: false,
packages/server-postgresql test:         hasForeignKeyOnTarget: false,
packages/server-postgresql test:         inverseRelationName: undefined,
packages/server-postgresql test:         parentEntityId: '5'
packages/server-postgresql test:       }
packages/server-postgresql test:       at DrizzleConditionBuilder.buildRelationConditions (src/utils/drizzle-conditions.ts:107:17)
packages/server-postgresql test:           at Array.map (<anonymous>)
packages/server-postgresql test:     console.debug
packages/server-postgresql test:       🔍 [buildRelationConditions] Using simple relation logic - THIS IS WHERE THE ERROR MIGHT OCCUR
packages/server-postgresql test:       at DrizzleConditionBuilder.buildRelationConditions (src/utils/drizzle-conditions.ts:191:21)
packages/server-postgresql test:           at Array.map (<anonymous>)
packages/server-postgresql test:     console.debug
packages/server-postgresql test:       🔍 [buildRelationConditions] Final result: { joinConditionsCount: 0, whereConditionsCount: 1 }
packages/server-postgresql test:       at DrizzleConditionBuilder.buildRelationConditions (src/utils/drizzle-conditions.ts:202:17)
packages/server-postgresql test:           at Array.map (<anonymous>)
packages/server-postgresql test:     console.debug
packages/server-postgresql test:       🔍 [buildRelationConditions] Building conditions for relation: {
packages/server-postgresql test:         relationName: 'products',
packages/server-postgresql test:         cardinality: 'many',
packages/server-postgresql test:         direction: 'owning',
packages/server-postgresql test:         hasThrough: true,
packages/server-postgresql test:         hasForeignKeyOnTarget: false,
packages/server-postgresql test:         inverseRelationName: undefined,
packages/server-postgresql test:         parentEntityId: '5'
packages/server-postgresql test:       }
packages/server-postgresql test:       at DrizzleConditionBuilder.buildRelationConditions (src/utils/drizzle-conditions.ts:107:17)
packages/server-postgresql test:           at Array.map (<anonymous>)
packages/server-postgresql test:     console.debug
packages/server-postgresql test:       🔍 [buildRelationConditions] Using owning many-to-many with explicit through
packages/server-postgresql test:       at DrizzleConditionBuilder.buildRelationConditions (src/utils/drizzle-conditions.ts:138:21)
packages/server-postgresql test:           at Array.map (<anonymous>)
packages/server-postgresql test:     console.debug
packages/server-postgresql test:       🔍 [buildRelationConditions] Final result: { joinConditionsCount: 1, whereConditionsCount: 1 }
packages/server-postgresql test:       at DrizzleConditionBuilder.buildRelationConditions (src/utils/drizzle-conditions.ts:202:17)
packages/server-postgresql test:           at Array.map (<anonymous>)
packages/server-postgresql test:     console.debug
packages/server-postgresql test:       🔍 [buildRelationConditions] Building conditions for relation: {
packages/server-postgresql test:         relationName: 'products',
packages/server-postgresql test:         cardinality: 'many',
packages/server-postgresql test:         direction: 'owning',
packages/server-postgresql test:         hasThrough: true,
packages/server-postgresql test:         hasForeignKeyOnTarget: false,
packages/server-postgresql test:         inverseRelationName: undefined,
packages/server-postgresql test:         parentEntityId: '1'
packages/server-postgresql test:       }
packages/server-postgresql test:       at DrizzleConditionBuilder.buildRelationConditions (src/utils/drizzle-conditions.ts:107:17)
packages/server-postgresql test:     console.debug
packages/server-postgresql test:       🔍 [buildRelationConditions] Using owning many-to-many with explicit through
packages/server-postgresql test:       at DrizzleConditionBuilder.buildRelationConditions (src/utils/drizzle-conditions.ts:138:21)
packages/server-postgresql test:     console.debug
packages/server-postgresql test:       🔍 [buildRelationConditions] Final result: { joinConditionsCount: 1, whereConditionsCount: 1 }
packages/server-postgresql test:       at DrizzleConditionBuilder.buildRelationConditions (src/utils/drizzle-conditions.ts:202:17)
packages/server-postgresql test:     console.debug
packages/server-postgresql test:       🔍 [buildRelationConditions] Building conditions for relation: {
packages/server-postgresql test:         relationName: 'orders',
packages/server-postgresql test:         cardinality: 'many',
packages/server-postgresql test:         direction: 'inverse',
packages/server-postgresql test:         hasThrough: false,
packages/server-postgresql test:         hasForeignKeyOnTarget: true,
packages/server-postgresql test:         inverseRelationName: undefined,
packages/server-postgresql test:         parentEntityId: '1'
packages/server-postgresql test:       }
packages/server-postgresql test:       at DrizzleConditionBuilder.buildRelationConditions (src/utils/drizzle-conditions.ts:107:17)
packages/server-postgresql test:     console.debug
packages/server-postgresql test:       🔍 [buildRelationConditions] Handling inverse many relationship without explicit through
packages/server-postgresql test:       at DrizzleConditionBuilder.buildRelationConditions (src/utils/drizzle-conditions.ts:162:21)
packages/server-postgresql test:     console.debug
packages/server-postgresql test:       🔍 [findCorrespondingJunctionTable] Looking for junction table for inverse relation 'orders' with inverseRelationName 'undefined'
packages/server-postgresql test:       at DrizzleConditionBuilder.findCorrespondingJunctionTable (src/utils/drizzle-conditions.ts:939:21)
packages/server-postgresql test:     console.debug
packages/server-postgresql test:       🔍 [findCorrespondingJunctionTable] No inverseRelationName specified
packages/server-postgresql test:       at DrizzleConditionBuilder.findCorrespondingJunctionTable (src/utils/drizzle-conditions.ts:942:25)
packages/server-postgresql test:     console.debug
packages/server-postgresql test:       🔍 [buildRelationConditions] No junction table found, treating as inverse one-to-many with foreign key on target
packages/server-postgresql test:       at DrizzleConditionBuilder.buildRelationConditions (src/utils/drizzle-conditions.ts:177:25)
packages/server-postgresql test:     console.debug
packages/server-postgresql test:       🔍 [buildRelationConditions] Final result: { joinConditionsCount: 0, whereConditionsCount: 1 }
packages/server-postgresql test:       at DrizzleConditionBuilder.buildRelationConditions (src/utils/drizzle-conditions.ts:202:17)
packages/server-postgresql test:     console.debug
packages/server-postgresql test:       🔍 [buildRelationConditions] Building conditions for relation: {
packages/server-postgresql test:         relationName: 'orders',
packages/server-postgresql test:         cardinality: 'many',
packages/server-postgresql test:         direction: 'inverse',
packages/server-postgresql test:         hasThrough: false,
packages/server-postgresql test:         hasForeignKeyOnTarget: true,
packages/server-postgresql test:         inverseRelationName: undefined,
packages/server-postgresql test:         parentEntityId: '1'
packages/server-postgresql test:       }
packages/server-postgresql test:       at DrizzleConditionBuilder.buildRelationConditions (src/utils/drizzle-conditions.ts:107:17)
packages/server-postgresql test:     console.debug
packages/server-postgresql test:       🔍 [buildRelationConditions] Handling inverse many relationship without explicit through
packages/server-postgresql test:       at DrizzleConditionBuilder.buildRelationConditions (src/utils/drizzle-conditions.ts:162:21)
packages/server-postgresql test:     console.debug
packages/server-postgresql test:       🔍 [findCorrespondingJunctionTable] Looking for junction table for inverse relation 'orders' with inverseRelationName 'undefined'
packages/server-postgresql test:       at DrizzleConditionBuilder.findCorrespondingJunctionTable (src/utils/drizzle-conditions.ts:939:21)
packages/server-postgresql test:     console.debug
packages/server-postgresql test:       🔍 [findCorrespondingJunctionTable] No inverseRelationName specified
packages/server-postgresql test:       at DrizzleConditionBuilder.findCorrespondingJunctionTable (src/utils/drizzle-conditions.ts:942:25)
packages/server-postgresql test:     console.debug
packages/server-postgresql test:       🔍 [buildRelationConditions] No junction table found, treating as inverse one-to-many with foreign key on target
packages/server-postgresql test:       at DrizzleConditionBuilder.buildRelationConditions (src/utils/drizzle-conditions.ts:177:25)
packages/server-postgresql test:     console.debug
packages/server-postgresql test:       🔍 [buildRelationConditions] Final result: { joinConditionsCount: 0, whereConditionsCount: 1 }
packages/server-postgresql test:       at DrizzleConditionBuilder.buildRelationConditions (src/utils/drizzle-conditions.ts:202:17)
packages/server-postgresql test:     console.debug
packages/server-postgresql test:       🔍 [buildRelationConditions] Building conditions for relation: {
packages/server-postgresql test:         relationName: 'products',
packages/server-postgresql test:         cardinality: 'many',
packages/server-postgresql test:         direction: 'owning',
packages/server-postgresql test:         hasThrough: true,
packages/server-postgresql test:         hasForeignKeyOnTarget: false,
packages/server-postgresql test:         inverseRelationName: undefined,
packages/server-postgresql test:         parentEntityId: '1'
packages/server-postgresql test:       }
packages/server-postgresql test:       at DrizzleConditionBuilder.buildRelationConditions (src/utils/drizzle-conditions.ts:107:17)
packages/server-postgresql test:           at Array.map (<anonymous>)
packages/server-postgresql test:     console.debug
packages/server-postgresql test:       🔍 [buildRelationConditions] Using owning many-to-many with explicit through
packages/server-postgresql test:       at DrizzleConditionBuilder.buildRelationConditions (src/utils/drizzle-conditions.ts:138:21)
packages/server-postgresql test:           at Array.map (<anonymous>)
packages/server-postgresql test:     console.debug
packages/server-postgresql test:       🔍 [buildRelationConditions] Final result: { joinConditionsCount: 1, whereConditionsCount: 1 }
packages/server-postgresql test:       at DrizzleConditionBuilder.buildRelationConditions (src/utils/drizzle-conditions.ts:202:17)
packages/server-postgresql test:           at Array.map (<anonymous>)
packages/server-postgresql test:     console.debug
packages/server-postgresql test:       🔍 [buildRelationConditions] Building conditions for relation: {
packages/server-postgresql test:         relationName: 'customer',
packages/server-postgresql test:         cardinality: 'one',
packages/server-postgresql test:         direction: 'owning',
packages/server-postgresql test:         hasThrough: false,
packages/server-postgresql test:         hasForeignKeyOnTarget: false,
packages/server-postgresql test:         inverseRelationName: undefined,
packages/server-postgresql test:         parentEntityId: '1'
packages/server-postgresql test:       }
packages/server-postgresql test:       at DrizzleConditionBuilder.buildRelationConditions (src/utils/drizzle-conditions.ts:107:17)
packages/server-postgresql test:           at Array.map (<anonymous>)
packages/server-postgresql test:     console.debug
packages/server-postgresql test:       🔍 [buildRelationConditions] Using simple relation logic - THIS IS WHERE THE ERROR MIGHT OCCUR
packages/server-postgresql test:       at DrizzleConditionBuilder.buildRelationConditions (src/utils/drizzle-conditions.ts:191:21)
packages/server-postgresql test:           at Array.map (<anonymous>)
packages/server-postgresql test:     console.debug
packages/server-postgresql test:       🔍 [buildRelationConditions] Final result: { joinConditionsCount: 0, whereConditionsCount: 1 }
packages/server-postgresql test:       at DrizzleConditionBuilder.buildRelationConditions (src/utils/drizzle-conditions.ts:202:17)
packages/server-postgresql test:           at Array.map (<anonymous>)
packages/server-postgresql test:     console.debug
packages/server-postgresql test:       🔍 [buildRelationConditions] Building conditions for relation: {
packages/server-postgresql test:         relationName: 'products',
packages/server-postgresql test:         cardinality: 'many',
packages/server-postgresql test:         direction: 'owning',
packages/server-postgresql test:         hasThrough: true,
packages/server-postgresql test:         hasForeignKeyOnTarget: false,
packages/server-postgresql test:         inverseRelationName: undefined,
packages/server-postgresql test:         parentEntityId: '1'
packages/server-postgresql test:       }
packages/server-postgresql test:       at DrizzleConditionBuilder.buildRelationConditions (src/utils/drizzle-conditions.ts:107:17)
packages/server-postgresql test:           at Array.map (<anonymous>)
packages/server-postgresql test:     console.debug
packages/server-postgresql test:       🔍 [buildRelationConditions] Using owning many-to-many with explicit through
packages/server-postgresql test:       at DrizzleConditionBuilder.buildRelationConditions (src/utils/drizzle-conditions.ts:138:21)
packages/server-postgresql test:           at Array.map (<anonymous>)
packages/server-postgresql test:     console.debug
packages/server-postgresql test:       🔍 [buildRelationConditions] Final result: { joinConditionsCount: 1, whereConditionsCount: 1 }
packages/server-postgresql test:       at DrizzleConditionBuilder.buildRelationConditions (src/utils/drizzle-conditions.ts:202:17)
packages/server-postgresql test:           at Array.map (<anonymous>)
packages/server-postgresql test:     console.warn
packages/server-postgresql test:       Cannot set joinPath relation 'authorProfile' because parent FK value is null/undefined
packages/server-postgresql test:       1175 |                     .where(eq(targetFKCol, parentFKValue as unknown as string));
packages/server-postgresql test:       1176 |             } else {
packages/server-postgresql test:     > 1177 |                 console.warn(`Cannot set joinPath relation '${relation.relationName}' because parent FK value is null/undefined`);
packages/server-postgresql test:            |                         ^
packages/server-postgresql test:       1178 |                 continue;
packages/server-postgresql test:       1179 |             }
packages/server-postgresql test:       1180 |
packages/server-postgresql test:       at RelationService.updateJoinPathOneToOneRelations (src/services/RelationService.ts:1177:25)
packages/server-postgresql test:       at src/services/EntityPersistService.ts:241:25
packages/server-postgresql test:       at EntityPersistService.saveEntity (src/services/EntityPersistService.ts:189:23)
packages/server-postgresql test:       at Object.<anonymous> (test/entityService.relations.test.ts:602:32)
packages/server-postgresql test:     console.debug
packages/server-postgresql test:       🔍 [buildRelationConditions] Building conditions for relation: {
packages/server-postgresql test:         relationName: 'orders',
packages/server-postgresql test:         cardinality: 'many',
packages/server-postgresql test:         direction: 'inverse',
packages/server-postgresql test:         hasThrough: false,
packages/server-postgresql test:         hasForeignKeyOnTarget: true,
packages/server-postgresql test:         inverseRelationName: undefined,
packages/server-postgresql test:         parentEntityId: '1'
packages/server-postgresql test:       }
packages/server-postgresql test:       at DrizzleConditionBuilder.buildRelationConditions (src/utils/drizzle-conditions.ts:107:17)
packages/server-postgresql test:           at Array.map (<anonymous>)
packages/server-postgresql test:     console.debug
packages/server-postgresql test:       🔍 [buildRelationConditions] Handling inverse many relationship without explicit through
packages/server-postgresql test:       at DrizzleConditionBuilder.buildRelationConditions (src/utils/drizzle-conditions.ts:162:21)
packages/server-postgresql test:           at Array.map (<anonymous>)
packages/server-postgresql test:     console.debug
packages/server-postgresql test:       🔍 [findCorrespondingJunctionTable] Looking for junction table for inverse relation 'orders' with inverseRelationName 'undefined'
packages/server-postgresql test:       at DrizzleConditionBuilder.findCorrespondingJunctionTable (src/utils/drizzle-conditions.ts:939:21)
packages/server-postgresql test:           at Array.map (<anonymous>)
packages/server-postgresql test:     console.debug
packages/server-postgresql test:       🔍 [findCorrespondingJunctionTable] No inverseRelationName specified
packages/server-postgresql test:       at DrizzleConditionBuilder.findCorrespondingJunctionTable (src/utils/drizzle-conditions.ts:942:25)
packages/server-postgresql test:           at Array.map (<anonymous>)
packages/server-postgresql test:     console.debug
packages/server-postgresql test:       🔍 [buildRelationConditions] No junction table found, treating as inverse one-to-many with foreign key on target
packages/server-postgresql test:       at DrizzleConditionBuilder.buildRelationConditions (src/utils/drizzle-conditions.ts:177:25)
packages/server-postgresql test:           at Array.map (<anonymous>)
packages/server-postgresql test:     console.debug
packages/server-postgresql test:       🔍 [buildRelationConditions] Final result: { joinConditionsCount: 0, whereConditionsCount: 1 }
packages/server-postgresql test:       at DrizzleConditionBuilder.buildRelationConditions (src/utils/drizzle-conditions.ts:202:17)
packages/server-postgresql test:           at Array.map (<anonymous>)
packages/server-postgresql test:     console.warn
packages/server-postgresql test:       Cannot set joinPath relation 'profile' because parent FK value is null/undefined
packages/server-postgresql test:       1175 |                     .where(eq(targetFKCol, parentFKValue as unknown as string));
packages/server-postgresql test:       1176 |             } else {
packages/server-postgresql test:     > 1177 |                 console.warn(`Cannot set joinPath relation '${relation.relationName}' because parent FK value is null/undefined`);
packages/server-postgresql test:            |                         ^
packages/server-postgresql test:       1178 |                 continue;
packages/server-postgresql test:       1179 |             }
packages/server-postgresql test:       1180 |
packages/server-postgresql test:       at RelationService.updateJoinPathOneToOneRelations (src/services/RelationService.ts:1177:25)
packages/server-postgresql test:       at src/services/EntityPersistService.ts:241:25
packages/server-postgresql test:       at EntityPersistService.saveEntity (src/services/EntityPersistService.ts:189:23)
packages/server-postgresql test:       at Object.<anonymous> (test/entityService.relations.test.ts:726:32)
packages/server-postgresql test:     console.debug
packages/server-postgresql test:       🔍 [buildRelationConditions] Building conditions for relation: {
packages/server-postgresql test:         relationName: 'customer',
packages/server-postgresql test:         cardinality: 'one',
packages/server-postgresql test:         direction: 'owning',
packages/server-postgresql test:         hasThrough: false,
packages/server-postgresql test:         hasForeignKeyOnTarget: false,
packages/server-postgresql test:         inverseRelationName: undefined,
packages/server-postgresql test:         parentEntityId: '1'
packages/server-postgresql test:       }
packages/server-postgresql test:       at DrizzleConditionBuilder.buildRelationConditions (src/utils/drizzle-conditions.ts:107:17)
packages/server-postgresql test:           at Array.map (<anonymous>)
packages/server-postgresql test:     console.debug
packages/server-postgresql test:       🔍 [buildRelationConditions] Using simple relation logic - THIS IS WHERE THE ERROR MIGHT OCCUR
packages/server-postgresql test:       at DrizzleConditionBuilder.buildRelationConditions (src/utils/drizzle-conditions.ts:191:21)
packages/server-postgresql test:           at Array.map (<anonymous>)
packages/server-postgresql test:     console.debug
packages/server-postgresql test:       🔍 [buildRelationConditions] Final result: { joinConditionsCount: 0, whereConditionsCount: 1 }
packages/server-postgresql test:       at DrizzleConditionBuilder.buildRelationConditions (src/utils/drizzle-conditions.ts:202:17)
packages/server-postgresql test:           at Array.map (<anonymous>)
packages/server-postgresql test:     console.debug
packages/server-postgresql test:       🔍 [buildRelationConditions] Building conditions for relation: {
packages/server-postgresql test:         relationName: 'products',
packages/server-postgresql test:         cardinality: 'many',
packages/server-postgresql test:         direction: 'owning',
packages/server-postgresql test:         hasThrough: true,
packages/server-postgresql test:         hasForeignKeyOnTarget: false,
packages/server-postgresql test:         inverseRelationName: undefined,
packages/server-postgresql test:         parentEntityId: '1'
packages/server-postgresql test:       }
packages/server-postgresql test:       at DrizzleConditionBuilder.buildRelationConditions (src/utils/drizzle-conditions.ts:107:17)
packages/server-postgresql test:           at Array.map (<anonymous>)
packages/server-postgresql test:     console.debug
packages/server-postgresql test:       🔍 [buildRelationConditions] Using owning many-to-many with explicit through
packages/server-postgresql test:       at DrizzleConditionBuilder.buildRelationConditions (src/utils/drizzle-conditions.ts:138:21)
packages/server-postgresql test:           at Array.map (<anonymous>)
packages/server-postgresql test:     console.debug
packages/server-postgresql test:       🔍 [buildRelationConditions] Final result: { joinConditionsCount: 1, whereConditionsCount: 1 }
packages/server-postgresql test:       at DrizzleConditionBuilder.buildRelationConditions (src/utils/drizzle-conditions.ts:202:17)
packages/server-postgresql test:           at Array.map (<anonymous>)
packages/server-postgresql test:     console.debug
packages/server-postgresql test:       🔍 [buildRelationConditions] Building conditions for relation: {
packages/server-postgresql test:         relationName: 'orders',
packages/server-postgresql test:         cardinality: 'many',
packages/server-postgresql test:         direction: 'inverse',
packages/server-postgresql test:         hasThrough: false,
packages/server-postgresql test:         hasForeignKeyOnTarget: true,
packages/server-postgresql test:         inverseRelationName: undefined,
packages/server-postgresql test:         parentEntityId: '1'
packages/server-postgresql test:       }
packages/server-postgresql test:       at DrizzleConditionBuilder.buildRelationConditions (src/utils/drizzle-conditions.ts:107:17)
packages/server-postgresql test:           at Array.map (<anonymous>)
packages/server-postgresql test:     console.debug
packages/server-postgresql test:       🔍 [buildRelationConditions] Handling inverse many relationship without explicit through
packages/server-postgresql test:       at DrizzleConditionBuilder.buildRelationConditions (src/utils/drizzle-conditions.ts:162:21)
packages/server-postgresql test:           at Array.map (<anonymous>)
packages/server-postgresql test:     console.debug
packages/server-postgresql test:       🔍 [findCorrespondingJunctionTable] Looking for junction table for inverse relation 'orders' with inverseRelationName 'undefined'
packages/server-postgresql test:       at DrizzleConditionBuilder.findCorrespondingJunctionTable (src/utils/drizzle-conditions.ts:939:21)
packages/server-postgresql test:           at Array.map (<anonymous>)
packages/server-postgresql test:     console.debug
packages/server-postgresql test:       🔍 [findCorrespondingJunctionTable] No inverseRelationName specified
packages/server-postgresql test:       at DrizzleConditionBuilder.findCorrespondingJunctionTable (src/utils/drizzle-conditions.ts:942:25)
packages/server-postgresql test:           at Array.map (<anonymous>)
packages/server-postgresql test:     console.debug
packages/server-postgresql test:       🔍 [buildRelationConditions] No junction table found, treating as inverse one-to-many with foreign key on target
packages/server-postgresql test:       at DrizzleConditionBuilder.buildRelationConditions (src/utils/drizzle-conditions.ts:177:25)
packages/server-postgresql test:           at Array.map (<anonymous>)
packages/server-postgresql test:     console.debug
packages/server-postgresql test:       🔍 [buildRelationConditions] Final result: { joinConditionsCount: 0, whereConditionsCount: 1 }
packages/server-postgresql test:       at DrizzleConditionBuilder.buildRelationConditions (src/utils/drizzle-conditions.ts:202:17)
packages/server-postgresql test:           at Array.map (<anonymous>)
packages/server-postgresql test: PASS test/drizzle-conditions.test.ts
packages/server-postgresql test:   ● Console
packages/server-postgresql test:     console.debug
packages/server-postgresql test:       🔍 [buildRelationConditions] Building conditions for relation: {
packages/server-postgresql test:         relationName: 'tags',
packages/server-postgresql test:         cardinality: 'many',
packages/server-postgresql test:         direction: 'owning',
packages/server-postgresql test:         hasThrough: true,
packages/server-postgresql test:         hasForeignKeyOnTarget: false,
packages/server-postgresql test:         inverseRelationName: undefined,
packages/server-postgresql test:         parentEntityId: 1
packages/server-postgresql test:       }
packages/server-postgresql test:       at DrizzleConditionBuilder.buildRelationConditions (src/utils/drizzle-conditions.ts:107:17)
packages/server-postgresql test:     console.debug
packages/server-postgresql test:       🔍 [buildRelationConditions] Using owning many-to-many with explicit through
packages/server-postgresql test:       at DrizzleConditionBuilder.buildRelationConditions (src/utils/drizzle-conditions.ts:138:21)
packages/server-postgresql test:     console.debug
packages/server-postgresql test:       🔍 [buildRelationConditions] Final result: { joinConditionsCount: 1, whereConditionsCount: 1 }
packages/server-postgresql test:       at DrizzleConditionBuilder.buildRelationConditions (src/utils/drizzle-conditions.ts:202:17)
packages/server-postgresql test:     console.debug
packages/server-postgresql test:       🔍 [buildRelationConditions] Building conditions for relation: {
packages/server-postgresql test:         relationName: 'tags',
packages/server-postgresql test:         cardinality: 'many',
packages/server-postgresql test:         direction: 'owning',
packages/server-postgresql test:         hasThrough: true,
packages/server-postgresql test:         hasForeignKeyOnTarget: false,
packages/server-postgresql test:         inverseRelationName: undefined,
packages/server-postgresql test:         parentEntityId: [ 1, 2, 3 ]
packages/server-postgresql test:       }
packages/server-postgresql test:       at DrizzleConditionBuilder.buildRelationConditions (src/utils/drizzle-conditions.ts:107:17)
packages/server-postgresql test:     console.debug
packages/server-postgresql test:       🔍 [buildRelationConditions] Using owning many-to-many with explicit through
packages/server-postgresql test:       at DrizzleConditionBuilder.buildRelationConditions (src/utils/drizzle-conditions.ts:138:21)
packages/server-postgresql test:     console.debug
packages/server-postgresql test:       🔍 [buildRelationConditions] Final result: { joinConditionsCount: 1, whereConditionsCount: 1 }
packages/server-postgresql test:       at DrizzleConditionBuilder.buildRelationConditions (src/utils/drizzle-conditions.ts:202:17)
packages/server-postgresql test:     console.debug
packages/server-postgresql test:       🔍 [buildRelationConditions] Building conditions for relation: {
packages/server-postgresql test:         relationName: 'posts',
packages/server-postgresql test:         cardinality: 'many',
packages/server-postgresql test:         direction: 'inverse',
packages/server-postgresql test:         hasThrough: true,
packages/server-postgresql test:         hasForeignKeyOnTarget: false,
packages/server-postgresql test:         inverseRelationName: undefined,
packages/server-postgresql test:         parentEntityId: 20
packages/server-postgresql test:       }
packages/server-postgresql test:       at DrizzleConditionBuilder.buildRelationConditions (src/utils/drizzle-conditions.ts:107:17)
packages/server-postgresql test:     console.debug
packages/server-postgresql test:       🔍 [buildRelationConditions] Using inverse many-to-many with explicit through
packages/server-postgresql test:       at DrizzleConditionBuilder.buildRelationConditions (src/utils/drizzle-conditions.ts:150:21)
packages/server-postgresql test:     console.debug
packages/server-postgresql test:       🔍 [buildRelationConditions] Final result: { joinConditionsCount: 1, whereConditionsCount: 1 }
packages/server-postgresql test:       at DrizzleConditionBuilder.buildRelationConditions (src/utils/drizzle-conditions.ts:202:17)
packages/server-postgresql test:     console.debug
packages/server-postgresql test:       🔍 [buildRelationConditions] Building conditions for relation: {
packages/server-postgresql test:         relationName: 'posts',
packages/server-postgresql test:         cardinality: 'many',
packages/server-postgresql test:         direction: 'inverse',
packages/server-postgresql test:         hasThrough: true,
packages/server-postgresql test:         hasForeignKeyOnTarget: false,
packages/server-postgresql test:         inverseRelationName: undefined,
packages/server-postgresql test:         parentEntityId: [ 20, 21, 22 ]
packages/server-postgresql test:       }
packages/server-postgresql test:       at DrizzleConditionBuilder.buildRelationConditions (src/utils/drizzle-conditions.ts:107:17)
packages/server-postgresql test:     console.debug
packages/server-postgresql test:       🔍 [buildRelationConditions] Using inverse many-to-many with explicit through
packages/server-postgresql test:       at DrizzleConditionBuilder.buildRelationConditions (src/utils/drizzle-conditions.ts:150:21)
packages/server-postgresql test:     console.debug
packages/server-postgresql test:       🔍 [buildRelationConditions] Final result: { joinConditionsCount: 1, whereConditionsCount: 1 }
packages/server-postgresql test:       at DrizzleConditionBuilder.buildRelationConditions (src/utils/drizzle-conditions.ts:202:17)
packages/server-postgresql test:     console.debug
packages/server-postgresql test:       🔍 [buildRelationConditions] Building conditions for relation: {
packages/server-postgresql test:         relationName: 'tags_via_join',
packages/server-postgresql test:         cardinality: 'many',
packages/server-postgresql test:         direction: 'inverse',
packages/server-postgresql test:         hasThrough: false,
packages/server-postgresql test:         hasForeignKeyOnTarget: false,
packages/server-postgresql test:         inverseRelationName: undefined,
packages/server-postgresql test:         parentEntityId: 1
packages/server-postgresql test:       }
packages/server-postgresql test:       at DrizzleConditionBuilder.buildRelationConditions (src/utils/drizzle-conditions.ts:107:17)
packages/server-postgresql test:     console.debug
packages/server-postgresql test:       🔍 [buildRelationConditions] Using joinPath logic
packages/server-postgresql test:       at DrizzleConditionBuilder.buildRelationConditions (src/utils/drizzle-conditions.ts:121:21)
packages/server-postgresql test:     console.debug
packages/server-postgresql test:       🔍 [buildRelationConditions] Final result: { joinConditionsCount: 2, whereConditionsCount: 1 }
packages/server-postgresql test:       at DrizzleConditionBuilder.buildRelationConditions (src/utils/drizzle-conditions.ts:202:17)
packages/server-postgresql test:     console.debug
packages/server-postgresql test:       🔍 [buildRelationConditions] Building conditions for relation: {
packages/server-postgresql test:         relationName: 'missing_relation',
packages/server-postgresql test:         cardinality: 'one',
packages/server-postgresql test:         direction: 'inverse',
packages/server-postgresql test:         hasThrough: false,
packages/server-postgresql test:         hasForeignKeyOnTarget: false,
packages/server-postgresql test:         inverseRelationName: undefined,
packages/server-postgresql test:         parentEntityId: 1
packages/server-postgresql test:       }
packages/server-postgresql test:       at DrizzleConditionBuilder.buildRelationConditions (src/utils/drizzle-conditions.ts:107:17)
packages/server-postgresql test:     console.debug
packages/server-postgresql test:       🔍 [buildRelationConditions] Using joinPath logic
packages/server-postgresql test:       at DrizzleConditionBuilder.buildRelationConditions (src/utils/drizzle-conditions.ts:121:21)
packages/server-postgresql test:     console.debug
packages/server-postgresql test:       🔍 [buildRelationConditions] Building conditions for relation: {
packages/server-postgresql test:         relationName: 'author_tags',
packages/server-postgresql test:         cardinality: 'many',
packages/server-postgresql test:         direction: 'inverse',
packages/server-postgresql test:         hasThrough: false,
packages/server-postgresql test:         hasForeignKeyOnTarget: false,
packages/server-postgresql test:         inverseRelationName: undefined,
packages/server-postgresql test:         parentEntityId: 1
packages/server-postgresql test:       }
packages/server-postgresql test:       at DrizzleConditionBuilder.buildRelationConditions (src/utils/drizzle-conditions.ts:107:17)
packages/server-postgresql test:     console.debug
packages/server-postgresql test:       🔍 [buildRelationConditions] Using joinPath logic
packages/server-postgresql test:       at DrizzleConditionBuilder.buildRelationConditions (src/utils/drizzle-conditions.ts:121:21)
packages/server-postgresql test:     console.debug
packages/server-postgresql test:       🔍 [buildRelationConditions] Final result: { joinConditionsCount: 2, whereConditionsCount: 1 }
packages/server-postgresql test:       at DrizzleConditionBuilder.buildRelationConditions (src/utils/drizzle-conditions.ts:202:17)
packages/server-postgresql test:     console.debug
packages/server-postgresql test:       🔍 [buildRelationConditions] Building conditions for relation: {
packages/server-postgresql test:         relationName: 'test_junction',
packages/server-postgresql test:         cardinality: 'many',
packages/server-postgresql test:         direction: 'inverse',
packages/server-postgresql test:         hasThrough: false,
packages/server-postgresql test:         hasForeignKeyOnTarget: false,
packages/server-postgresql test:         inverseRelationName: undefined,
packages/server-postgresql test:         parentEntityId: 1
packages/server-postgresql test:       }
packages/server-postgresql test:       at DrizzleConditionBuilder.buildRelationConditions (src/utils/drizzle-conditions.ts:107:17)
packages/server-postgresql test:     console.debug
packages/server-postgresql test:       🔍 [buildRelationConditions] Using joinPath logic
packages/server-postgresql test:       at DrizzleConditionBuilder.buildRelationConditions (src/utils/drizzle-conditions.ts:121:21)
packages/server-postgresql test:     console.debug
packages/server-postgresql test:       🔍 [buildRelationConditions] Final result: { joinConditionsCount: 1, whereConditionsCount: 1 }
packages/server-postgresql test:       at DrizzleConditionBuilder.buildRelationConditions (src/utils/drizzle-conditions.ts:202:17)
packages/server-postgresql test:     console.debug
packages/server-postgresql test:       🔍 [buildRelationConditions] Building conditions for relation: {
packages/server-postgresql test:         relationName: 'posts',
packages/server-postgresql test:         cardinality: 'many',
packages/server-postgresql test:         direction: 'inverse',
packages/server-postgresql test:         hasThrough: true,
packages/server-postgresql test:         hasForeignKeyOnTarget: false,
packages/server-postgresql test:         inverseRelationName: undefined,
packages/server-postgresql test:         parentEntityId: 20
packages/server-postgresql test:       }
packages/server-postgresql test:       at DrizzleConditionBuilder.buildRelationConditions (src/utils/drizzle-conditions.ts:107:17)
packages/server-postgresql test:     console.debug
packages/server-postgresql test:       🔍 [buildRelationConditions] Using inverse many-to-many with explicit through
packages/server-postgresql test:       at DrizzleConditionBuilder.buildRelationConditions (src/utils/drizzle-conditions.ts:150:21)
packages/server-postgresql test:     console.debug
packages/server-postgresql test:       🔍 [buildRelationConditions] Building conditions for relation: {
packages/server-postgresql test:         relationName: 'posts',
packages/server-postgresql test:         cardinality: 'many',
packages/server-postgresql test:         direction: 'inverse',
packages/server-postgresql test:         hasThrough: true,
packages/server-postgresql test:         hasForeignKeyOnTarget: false,
packages/server-postgresql test:         inverseRelationName: undefined,
packages/server-postgresql test:         parentEntityId: 20
packages/server-postgresql test:       }
packages/server-postgresql test:       at DrizzleConditionBuilder.buildRelationConditions (src/utils/drizzle-conditions.ts:107:17)
packages/server-postgresql test:     console.debug
packages/server-postgresql test:       🔍 [buildRelationConditions] Using inverse many-to-many with explicit through
packages/server-postgresql test:       at DrizzleConditionBuilder.buildRelationConditions (src/utils/drizzle-conditions.ts:150:21)
packages/server-postgresql test:     console.debug
packages/server-postgresql test:       🔍 [buildRelationConditions] Building conditions for relation: {
packages/server-postgresql test:         relationName: 'posts',
packages/server-postgresql test:         cardinality: 'many',
packages/server-postgresql test:         direction: 'inverse',
packages/server-postgresql test:         hasThrough: true,
packages/server-postgresql test:         hasForeignKeyOnTarget: false,
packages/server-postgresql test:         inverseRelationName: undefined,
packages/server-postgresql test:         parentEntityId: 20
packages/server-postgresql test:       }
packages/server-postgresql test:       at DrizzleConditionBuilder.buildRelationConditions (src/utils/drizzle-conditions.ts:107:17)
packages/server-postgresql test:     console.debug
packages/server-postgresql test:       🔍 [buildRelationConditions] Using inverse many-to-many with explicit through
packages/server-postgresql test:       at DrizzleConditionBuilder.buildRelationConditions (src/utils/drizzle-conditions.ts:150:21)
packages/server-postgresql test:     console.debug
packages/server-postgresql test:       🔍 [buildRelationConditions] Building conditions for relation: {
packages/server-postgresql test:         relationName: 'tags',
packages/server-postgresql test:         cardinality: 'many',
packages/server-postgresql test:         direction: 'owning',
packages/server-postgresql test:         hasThrough: true,
packages/server-postgresql test:         hasForeignKeyOnTarget: false,
packages/server-postgresql test:         inverseRelationName: undefined,
packages/server-postgresql test:         parentEntityId: 1
packages/server-postgresql test:       }
packages/server-postgresql test:       at DrizzleConditionBuilder.buildRelationConditions (src/utils/drizzle-conditions.ts:107:17)
packages/server-postgresql test:     console.debug
packages/server-postgresql test:       🔍 [buildRelationConditions] Using owning many-to-many with explicit through
packages/server-postgresql test:       at DrizzleConditionBuilder.buildRelationConditions (src/utils/drizzle-conditions.ts:138:21)
packages/server-postgresql test:     console.debug
packages/server-postgresql test:       🔍 [buildRelationConditions] Final result: { joinConditionsCount: 1, whereConditionsCount: 1 }
packages/server-postgresql test:       at DrizzleConditionBuilder.buildRelationConditions (src/utils/drizzle-conditions.ts:202:17)
packages/server-postgresql test:     console.debug
packages/server-postgresql test:       🔍 [buildRelationConditions] Building conditions for relation: {
packages/server-postgresql test:         relationName: 'posts',
packages/server-postgresql test:         cardinality: 'many',
packages/server-postgresql test:         direction: 'inverse',
packages/server-postgresql test:         hasThrough: true,
packages/server-postgresql test:         hasForeignKeyOnTarget: false,
packages/server-postgresql test:         inverseRelationName: undefined,
packages/server-postgresql test:         parentEntityId: 20
packages/server-postgresql test:       }
packages/server-postgresql test:       at DrizzleConditionBuilder.buildRelationConditions (src/utils/drizzle-conditions.ts:107:17)
packages/server-postgresql test:     console.debug
packages/server-postgresql test:       🔍 [buildRelationConditions] Using inverse many-to-many with explicit through
packages/server-postgresql test:       at DrizzleConditionBuilder.buildRelationConditions (src/utils/drizzle-conditions.ts:150:21)
packages/server-postgresql test:     console.debug
packages/server-postgresql test:       🔍 [buildRelationConditions] Final result: { joinConditionsCount: 1, whereConditionsCount: 1 }
packages/server-postgresql test:       at DrizzleConditionBuilder.buildRelationConditions (src/utils/drizzle-conditions.ts:202:17)
packages/server-postgresql test:     console.debug
packages/server-postgresql test:       🔍 [buildRelationConditions] Building conditions for relation: {
packages/server-postgresql test:         relationName: 'posts',
packages/server-postgresql test:         cardinality: 'many',
packages/server-postgresql test:         direction: 'inverse',
packages/server-postgresql test:         hasThrough: true,
packages/server-postgresql test:         hasForeignKeyOnTarget: false,
packages/server-postgresql test:         inverseRelationName: undefined,
packages/server-postgresql test:         parentEntityId: 20
packages/server-postgresql test:       }
packages/server-postgresql test:       at DrizzleConditionBuilder.buildRelationConditions (src/utils/drizzle-conditions.ts:107:17)
packages/server-postgresql test:     console.debug
packages/server-postgresql test:       🔍 [buildRelationConditions] Using inverse many-to-many with explicit through
packages/server-postgresql test:       at DrizzleConditionBuilder.buildRelationConditions (src/utils/drizzle-conditions.ts:150:21)
packages/server-postgresql test:     console.debug
packages/server-postgresql test:       🔍 [buildRelationConditions] Final result: { joinConditionsCount: 1, whereConditionsCount: 1 }
packages/server-postgresql test:       at DrizzleConditionBuilder.buildRelationConditions (src/utils/drizzle-conditions.ts:202:17)
packages/server-postgresql test:     console.debug
packages/server-postgresql test:       🔍 [buildRelationConditions] Building conditions for relation: {
packages/server-postgresql test:         relationName: 'posts',
packages/server-postgresql test:         cardinality: 'many',
packages/server-postgresql test:         direction: 'inverse',
packages/server-postgresql test:         hasThrough: false,
packages/server-postgresql test:         hasForeignKeyOnTarget: true,
packages/server-postgresql test:         inverseRelationName: 'tags',
packages/server-postgresql test:         parentEntityId: 23
packages/server-postgresql test:       }
packages/server-postgresql test:       at DrizzleConditionBuilder.buildRelationConditions (src/utils/drizzle-conditions.ts:107:17)
packages/server-postgresql test:     console.debug
packages/server-postgresql test:       🔍 [buildRelationConditions] Handling inverse many relationship without explicit through
packages/server-postgresql test:       at DrizzleConditionBuilder.buildRelationConditions (src/utils/drizzle-conditions.ts:162:21)
packages/server-postgresql test:     console.debug
packages/server-postgresql test:       🔍 [findCorrespondingJunctionTable] Looking for junction table for inverse relation 'posts' with inverseRelationName 'tags'
packages/server-postgresql test:       at DrizzleConditionBuilder.findCorrespondingJunctionTable (src/utils/drizzle-conditions.ts:939:21)
packages/server-postgresql test:     console.debug
packages/server-postgresql test:       🔍 [findCorrespondingJunctionTable] Target collection: posts
packages/server-postgresql test:       at DrizzleConditionBuilder.findCorrespondingJunctionTable (src/utils/drizzle-conditions.ts:948:21)
packages/server-postgresql test:     console.debug
packages/server-postgresql test:       🔍 [findCorrespondingJunctionTable] Target collection relations: [ 'tags' ]
packages/server-postgresql test:       at DrizzleConditionBuilder.findCorrespondingJunctionTable (src/utils/drizzle-conditions.ts:952:21)
packages/server-postgresql test:     console.debug
packages/server-postgresql test:       🔍 [findCorrespondingJunctionTable] Found relation: {
packages/server-postgresql test:         relationName: 'tags',
packages/server-postgresql test:         cardinality: 'many',
packages/server-postgresql test:         direction: 'owning',
packages/server-postgresql test:         hasThrough: true
packages/server-postgresql test:       }
packages/server-postgresql test:       at DrizzleConditionBuilder.findCorrespondingJunctionTable (src/utils/drizzle-conditions.ts:962:21)
packages/server-postgresql test:     console.debug
packages/server-postgresql test:       🔍 [findCorrespondingJunctionTable] Found matching owning relation with junction table!
packages/server-postgresql test:       at DrizzleConditionBuilder.findCorrespondingJunctionTable (src/utils/drizzle-conditions.ts:977:21)
packages/server-postgresql test:     console.debug
packages/server-postgresql test:       🔍 [findCorrespondingJunctionTable] Returning junction info: {
packages/server-postgresql test:         table: 'posts_tags',
packages/server-postgresql test:         sourceColumn: 'tag_id',
packages/server-postgresql test:         targetColumn: 'post_id'
packages/server-postgresql test:       }
packages/server-postgresql test:       at DrizzleConditionBuilder.findCorrespondingJunctionTable (src/utils/drizzle-conditions.ts:987:21)
packages/server-postgresql test:     console.debug
packages/server-postgresql test:       🔍 [buildRelationConditions] Found junction info for inverse many-to-many, building junction conditions
packages/server-postgresql test:       at DrizzleConditionBuilder.buildRelationConditions (src/utils/drizzle-conditions.ts:167:25)
packages/server-postgresql test:     console.debug
packages/server-postgresql test:       🔍 [buildRelationConditions] Final result: { joinConditionsCount: 1, whereConditionsCount: 1 }
packages/server-postgresql test:       at DrizzleConditionBuilder.buildRelationConditions (src/utils/drizzle-conditions.ts:202:17)
packages/server-postgresql test:     console.debug
packages/server-postgresql test:       🔍 [buildRelationConditions] Building conditions for relation: {
packages/server-postgresql test:         relationName: 'posts',
packages/server-postgresql test:         cardinality: 'many',
packages/server-postgresql test:         direction: 'inverse',
packages/server-postgresql test:         hasThrough: false,
packages/server-postgresql test:         hasForeignKeyOnTarget: false,
packages/server-postgresql test:         inverseRelationName: 'tags',
packages/server-postgresql test:         parentEntityId: 5
packages/server-postgresql test:       }
packages/server-postgresql test:       at DrizzleConditionBuilder.buildRelationConditions (src/utils/drizzle-conditions.ts:107:17)
packages/server-postgresql test:     console.debug
packages/server-postgresql test:       🔍 [buildRelationConditions] Handling inverse many relationship without explicit through
packages/server-postgresql test:       at DrizzleConditionBuilder.buildRelationConditions (src/utils/drizzle-conditions.ts:162:21)
packages/server-postgresql test:     console.debug
packages/server-postgresql test:       🔍 [findCorrespondingJunctionTable] Looking for junction table for inverse relation 'posts' with inverseRelationName 'tags'
packages/server-postgresql test:       at DrizzleConditionBuilder.findCorrespondingJunctionTable (src/utils/drizzle-conditions.ts:939:21)
packages/server-postgresql test:     console.debug
packages/server-postgresql test:       🔍 [findCorrespondingJunctionTable] Target collection: posts
packages/server-postgresql test:       at DrizzleConditionBuilder.findCorrespondingJunctionTable (src/utils/drizzle-conditions.ts:948:21)
packages/server-postgresql test:     console.debug
packages/server-postgresql test:       🔍 [findCorrespondingJunctionTable] Target collection relations: [ 'tags' ]
packages/server-postgresql test:       at DrizzleConditionBuilder.findCorrespondingJunctionTable (src/utils/drizzle-conditions.ts:952:21)
packages/server-postgresql test:     console.debug
packages/server-postgresql test:       🔍 [findCorrespondingJunctionTable] Found relation: {
packages/server-postgresql test:         relationName: 'tags',
packages/server-postgresql test:         cardinality: 'many',
packages/server-postgresql test:         direction: 'owning',
packages/server-postgresql test:         hasThrough: true
packages/server-postgresql test:       }
packages/server-postgresql test:       at DrizzleConditionBuilder.findCorrespondingJunctionTable (src/utils/drizzle-conditions.ts:962:21)
packages/server-postgresql test:     console.debug
packages/server-postgresql test:       🔍 [findCorrespondingJunctionTable] Found matching owning relation with junction table!
packages/server-postgresql test:       at DrizzleConditionBuilder.findCorrespondingJunctionTable (src/utils/drizzle-conditions.ts:977:21)
packages/server-postgresql test:     console.debug
packages/server-postgresql test:       🔍 [findCorrespondingJunctionTable] Returning junction info: {
packages/server-postgresql test:         table: 'posts_tags',
packages/server-postgresql test:         sourceColumn: 'tag_id',
packages/server-postgresql test:         targetColumn: 'post_id'
packages/server-postgresql test:       }
packages/server-postgresql test:       at DrizzleConditionBuilder.findCorrespondingJunctionTable (src/utils/drizzle-conditions.ts:987:21)
packages/server-postgresql test:     console.debug
packages/server-postgresql test:       🔍 [buildRelationConditions] Found junction info for inverse many-to-many, building junction conditions
packages/server-postgresql test:       at DrizzleConditionBuilder.buildRelationConditions (src/utils/drizzle-conditions.ts:167:25)
packages/server-postgresql test:     console.debug
packages/server-postgresql test:       🔍 [buildRelationConditions] Final result: { joinConditionsCount: 1, whereConditionsCount: 1 }
packages/server-postgresql test:       at DrizzleConditionBuilder.buildRelationConditions (src/utils/drizzle-conditions.ts:202:17)
packages/server-postgresql test:     console.debug
packages/server-postgresql test:       🔍 [buildRelationConditions] Building conditions for relation: {
packages/server-postgresql test:         relationName: 'posts',
packages/server-postgresql test:         cardinality: 'many',
packages/server-postgresql test:         direction: 'inverse',
packages/server-postgresql test:         hasThrough: false,
packages/server-postgresql test:         hasForeignKeyOnTarget: false,
packages/server-postgresql test:         inverseRelationName: 'tags',
packages/server-postgresql test:         parentEntityId: 42
packages/server-postgresql test:       }
packages/server-postgresql test:       at DrizzleConditionBuilder.buildRelationConditions (src/utils/drizzle-conditions.ts:107:17)
packages/server-postgresql test:     console.debug
packages/server-postgresql test:       🔍 [buildRelationConditions] Handling inverse many relationship without explicit through
packages/server-postgresql test:       at DrizzleConditionBuilder.buildRelationConditions (src/utils/drizzle-conditions.ts:162:21)
packages/server-postgresql test:     console.debug
packages/server-postgresql test:       🔍 [findCorrespondingJunctionTable] Looking for junction table for inverse relation 'posts' with inverseRelationName 'tags'
packages/server-postgresql test:       at DrizzleConditionBuilder.findCorrespondingJunctionTable (src/utils/drizzle-conditions.ts:939:21)
packages/server-postgresql test:     console.debug
packages/server-postgresql test:       🔍 [findCorrespondingJunctionTable] Target collection: posts
packages/server-postgresql test:       at DrizzleConditionBuilder.findCorrespondingJunctionTable (src/utils/drizzle-conditions.ts:948:21)
packages/server-postgresql test:     console.debug
packages/server-postgresql test:       🔍 [findCorrespondingJunctionTable] Target collection relations: [ 'tags' ]
packages/server-postgresql test:       at DrizzleConditionBuilder.findCorrespondingJunctionTable (src/utils/drizzle-conditions.ts:952:21)
packages/server-postgresql test:     console.debug
packages/server-postgresql test:       🔍 [findCorrespondingJunctionTable] Found relation: {
packages/server-postgresql test:         relationName: 'tags',
packages/server-postgresql test:         cardinality: 'many',
packages/server-postgresql test:         direction: 'owning',
packages/server-postgresql test:         hasThrough: true
packages/server-postgresql test:       }
packages/server-postgresql test:       at DrizzleConditionBuilder.findCorrespondingJunctionTable (src/utils/drizzle-conditions.ts:962:21)
packages/server-postgresql test:     console.debug
packages/server-postgresql test:       🔍 [findCorrespondingJunctionTable] Found matching owning relation with junction table!
packages/server-postgresql test:       at DrizzleConditionBuilder.findCorrespondingJunctionTable (src/utils/drizzle-conditions.ts:977:21)
packages/server-postgresql test:     console.debug
packages/server-postgresql test:       🔍 [findCorrespondingJunctionTable] Returning junction info: {
packages/server-postgresql test:         table: 'posts_tags',
packages/server-postgresql test:         sourceColumn: 'tag_id',
packages/server-postgresql test:         targetColumn: 'post_id'
packages/server-postgresql test:       }
packages/server-postgresql test:       at DrizzleConditionBuilder.findCorrespondingJunctionTable (src/utils/drizzle-conditions.ts:987:21)
packages/server-postgresql test:     console.debug
packages/server-postgresql test:       🔍 [buildRelationConditions] Found junction info for inverse many-to-many, building junction conditions
packages/server-postgresql test:       at DrizzleConditionBuilder.buildRelationConditions (src/utils/drizzle-conditions.ts:167:25)
packages/server-postgresql test:     console.debug
packages/server-postgresql test:       🔍 [buildRelationConditions] Final result: { joinConditionsCount: 1, whereConditionsCount: 1 }
packages/server-postgresql test:       at DrizzleConditionBuilder.buildRelationConditions (src/utils/drizzle-conditions.ts:202:17)
packages/server-postgresql test:     console.debug
packages/server-postgresql test:       🔍 [buildRelationConditions] Building conditions for relation: {
packages/server-postgresql test:         relationName: 'posts',
packages/server-postgresql test:         cardinality: 'many',
packages/server-postgresql test:         direction: 'inverse',
packages/server-postgresql test:         hasThrough: false,
packages/server-postgresql test:         hasForeignKeyOnTarget: false,
packages/server-postgresql test:         inverseRelationName: 'nonexistent',
packages/server-postgresql test:         parentEntityId: 5
packages/server-postgresql test:       }
packages/server-postgresql test:       at DrizzleConditionBuilder.buildRelationConditions (src/utils/drizzle-conditions.ts:107:17)
packages/server-postgresql test:     console.debug
packages/server-postgresql test:       🔍 [buildRelationConditions] Handling inverse many relationship without explicit through
packages/server-postgresql test:       at DrizzleConditionBuilder.buildRelationConditions (src/utils/drizzle-conditions.ts:162:21)
packages/server-postgresql test:     console.debug
packages/server-postgresql test:       🔍 [findCorrespondingJunctionTable] Looking for junction table for inverse relation 'posts' with inverseRelationName 'nonexistent'
packages/server-postgresql test:       at DrizzleConditionBuilder.findCorrespondingJunctionTable (src/utils/drizzle-conditions.ts:939:21)
packages/server-postgresql test:     console.debug
packages/server-postgresql test:       🔍 [findCorrespondingJunctionTable] Target collection: posts
packages/server-postgresql test:       at DrizzleConditionBuilder.findCorrespondingJunctionTable (src/utils/drizzle-conditions.ts:948:21)
packages/server-postgresql test:     console.debug
packages/server-postgresql test:       🔍 [findCorrespondingJunctionTable] Target collection relations: []
packages/server-postgresql test:       at DrizzleConditionBuilder.findCorrespondingJunctionTable (src/utils/drizzle-conditions.ts:952:21)
packages/server-postgresql test:     console.debug
packages/server-postgresql test:       🔍 [findCorrespondingJunctionTable] No relation found with key 'nonexistent' on target collection
packages/server-postgresql test:       at DrizzleConditionBuilder.findCorrespondingJunctionTable (src/utils/drizzle-conditions.ts:958:25)
packages/server-postgresql test:     console.error
packages/server-postgresql test:       🔍 [buildRelationConditions] Failed to find junction table info and no foreign key specified
packages/server-postgresql test:       185 |                 whereConditions.push(simpleCondition);
packages/server-postgresql test:       186 |             } else {
packages/server-postgresql test:     > 187 |                 console.error("🔍 [buildRelationConditions] Failed to find junction table info and no foreign key specified");
packages/server-postgresql test:           |                         ^
packages/server-postgresql test:       188 |                 throw new Error(`Cannot resolve inverse many relation '${relation.relationName}'. Either specify 'through' property, ensure corresponding owning relation exists with junction table configuration, or specify 'foreignKeyOnTarget' for one-to-many relationships.`);
packages/server-postgresql test:       189 |             }
packages/server-postgresql test:       190 |         } else {
packages/server-postgresql test:       at DrizzleConditionBuilder.buildRelationConditions (src/utils/drizzle-conditions.ts:187:25)
packages/server-postgresql test:       at test/drizzle-conditions.test.ts:805:41
packages/server-postgresql test:       at Object.<anonymous> (../../node_modules/expect/build/toThrowMatchers.js:74:11)
packages/server-postgresql test:       at Object.throwingMatcher [as toThrow] (../../node_modules/expect/build/index.js:320:21)
packages/server-postgresql test:       at Object.<anonymous> (test/drizzle-conditions.test.ts:814:16)
packages/server-postgresql test:     console.debug
packages/server-postgresql test:       🔍 [buildRelationConditions] Building conditions for relation: {
packages/server-postgresql test:         relationName: 'posts',
packages/server-postgresql test:         cardinality: 'many',
packages/server-postgresql test:         direction: 'inverse',
packages/server-postgresql test:         hasThrough: false,
packages/server-postgresql test:         hasForeignKeyOnTarget: false,
packages/server-postgresql test:         inverseRelationName: 'tags',
packages/server-postgresql test:         parentEntityId: 7
packages/server-postgresql test:       }
packages/server-postgresql test:       at DrizzleConditionBuilder.buildRelationConditions (src/utils/drizzle-conditions.ts:107:17)
packages/server-postgresql test:     console.debug
packages/server-postgresql test:       🔍 [buildRelationConditions] Handling inverse many relationship without explicit through
packages/server-postgresql test:       at DrizzleConditionBuilder.buildRelationConditions (src/utils/drizzle-conditions.ts:162:21)
packages/server-postgresql test:     console.debug
packages/server-postgresql test:       🔍 [findCorrespondingJunctionTable] Looking for junction table for inverse relation 'posts' with inverseRelationName 'tags'
packages/server-postgresql test:       at DrizzleConditionBuilder.findCorrespondingJunctionTable (src/utils/drizzle-conditions.ts:939:21)
packages/server-postgresql test:     console.debug
packages/server-postgresql test:       🔍 [findCorrespondingJunctionTable] Target collection: posts
packages/server-postgresql test:       at DrizzleConditionBuilder.findCorrespondingJunctionTable (src/utils/drizzle-conditions.ts:948:21)
packages/server-postgresql test:     console.debug
packages/server-postgresql test:       🔍 [findCorrespondingJunctionTable] Target collection relations: [ 'tags' ]
packages/server-postgresql test:       at DrizzleConditionBuilder.findCorrespondingJunctionTable (src/utils/drizzle-conditions.ts:952:21)
packages/server-postgresql test:     console.debug
packages/server-postgresql test:       🔍 [findCorrespondingJunctionTable] Found relation: {
packages/server-postgresql test:         relationName: 'tags',
packages/server-postgresql test:         cardinality: 'many',
packages/server-postgresql test:         direction: 'owning',
packages/server-postgresql test:         hasThrough: true
packages/server-postgresql test:       }
packages/server-postgresql test:       at DrizzleConditionBuilder.findCorrespondingJunctionTable (src/utils/drizzle-conditions.ts:962:21)
packages/server-postgresql test:     console.debug
packages/server-postgresql test:       🔍 [findCorrespondingJunctionTable] Found matching owning relation with junction table!
packages/server-postgresql test:       at DrizzleConditionBuilder.findCorrespondingJunctionTable (src/utils/drizzle-conditions.ts:977:21)
packages/server-postgresql test:     console.debug
packages/server-postgresql test:       🔍 [findCorrespondingJunctionTable] Returning junction info: {
packages/server-postgresql test:         table: 'posts_tags',
packages/server-postgresql test:         sourceColumn: 'tag_id',
packages/server-postgresql test:         targetColumn: 'post_id'
packages/server-postgresql test:       }
packages/server-postgresql test:       at DrizzleConditionBuilder.findCorrespondingJunctionTable (src/utils/drizzle-conditions.ts:987:21)
packages/server-postgresql test:     console.debug
packages/server-postgresql test:       🔍 [buildRelationConditions] Found junction info for inverse many-to-many, building junction conditions
packages/server-postgresql test:       at DrizzleConditionBuilder.buildRelationConditions (src/utils/drizzle-conditions.ts:167:25)
packages/server-postgresql test:     console.debug
packages/server-postgresql test:       🔍 [buildRelationConditions] Final result: { joinConditionsCount: 1, whereConditionsCount: 1 }
packages/server-postgresql test:       at DrizzleConditionBuilder.buildRelationConditions (src/utils/drizzle-conditions.ts:202:17)
packages/server-postgresql test:     console.debug
packages/server-postgresql test:       🔍 [buildRelationConditions] Building conditions for relation: {
packages/server-postgresql test:         relationName: 'posts',
packages/server-postgresql test:         cardinality: 'many',
packages/server-postgresql test:         direction: 'inverse',
packages/server-postgresql test:         hasThrough: false,
packages/server-postgresql test:         hasForeignKeyOnTarget: false,
packages/server-postgresql test:         inverseRelationName: undefined,
packages/server-postgresql test:         parentEntityId: 5
packages/server-postgresql test:       }
packages/server-postgresql test:       at DrizzleConditionBuilder.buildRelationConditions (src/utils/drizzle-conditions.ts:107:17)
packages/server-postgresql test:     console.debug
packages/server-postgresql test:       🔍 [buildRelationConditions] Handling inverse many relationship without explicit through
packages/server-postgresql test:       at DrizzleConditionBuilder.buildRelationConditions (src/utils/drizzle-conditions.ts:162:21)
packages/server-postgresql test:     console.debug
packages/server-postgresql test:       🔍 [findCorrespondingJunctionTable] Looking for junction table for inverse relation 'posts' with inverseRelationName 'undefined'
packages/server-postgresql test:       at DrizzleConditionBuilder.findCorrespondingJunctionTable (src/utils/drizzle-conditions.ts:939:21)
packages/server-postgresql test:     console.debug
packages/server-postgresql test:       🔍 [findCorrespondingJunctionTable] No inverseRelationName specified
packages/server-postgresql test:       at DrizzleConditionBuilder.findCorrespondingJunctionTable (src/utils/drizzle-conditions.ts:942:25)
packages/server-postgresql test:     console.error
packages/server-postgresql test:       🔍 [buildRelationConditions] Failed to find junction table info and no foreign key specified
packages/server-postgresql test:       185 |                 whereConditions.push(simpleCondition);
packages/server-postgresql test:       186 |             } else {
packages/server-postgresql test:     > 187 |                 console.error("🔍 [buildRelationConditions] Failed to find junction table info and no foreign key specified");
packages/server-postgresql test:           |                         ^
packages/server-postgresql test:       188 |                 throw new Error(`Cannot resolve inverse many relation '${relation.relationName}'. Either specify 'through' property, ensure corresponding owning relation exists with junction table configuration, or specify 'foreignKeyOnTarget' for one-to-many relationships.`);
packages/server-postgresql test:       189 |             }
packages/server-postgresql test:       190 |         } else {
packages/server-postgresql test:       at DrizzleConditionBuilder.buildRelationConditions (src/utils/drizzle-conditions.ts:187:25)
packages/server-postgresql test:       at test/drizzle-conditions.test.ts:883:41
packages/server-postgresql test:       at Object.<anonymous> (../../node_modules/expect/build/toThrowMatchers.js:74:11)
packages/server-postgresql test:       at Object.throwingMatcher [as toThrow] (../../node_modules/expect/build/index.js:320:21)
packages/server-postgresql test:       at Object.<anonymous> (test/drizzle-conditions.test.ts:892:16)
packages/server-postgresql test: PASS test/unmapped-tables-safety.test.ts
packages/admin test: PASS test/hooks/useResolvedViews.test.tsx
packages/admin test: PASS test/data_import/unflatten_objects.test.ts
packages/admin test: PASS test/hooks/useBuildCollectionRegistryController.test.tsx
packages/admin test:   ● Console
packages/admin test:     console.debug
packages/admin test:       Could not resolve path to collection: jobs Error: Unknown collection path or slug: jobs
packages/admin test:           at CollectionRegistry.resolvePathToCollections (/Users/francesco/rebase/packages/common/src/collections/CollectionRegistry.ts:429:19)
packages/admin test:           at Object.getCollection (/Users/francesco/rebase/packages/admin/src/hooks/navigation/useBuildCollectionRegistryController.tsx:38:35)
packages/admin test:           at /Users/francesco/rebase/packages/admin/test/hooks/useBuildCollectionRegistryController.test.tsx:30:47
packages/admin test:           at /Users/francesco/rebase/node_modules/@testing-library/react/dist/act-compat.js:47:24
packages/admin test:           at Object.<anonymous>.process.env.NODE_ENV.exports.act (/Users/francesco/rebase/node_modules/react/cjs/react.development.js:814:22)
packages/admin test:           at /Users/francesco/rebase/node_modules/@testing-library/react/dist/act-compat.js:46:25
packages/admin test:           at Object.<anonymous> (/Users/francesco/rebase/packages/admin/test/hooks/useBuildCollectionRegistryController.test.tsx:29:12)
packages/admin test:           at Promise.then.completed (/Users/francesco/rebase/node_modules/jest-circus/build/utils.js:298:28)
packages/admin test:           at new Promise (<anonymous>)
packages/admin test:           at callAsyncCircusFn (/Users/francesco/rebase/node_modules/jest-circus/build/utils.js:231:10)
packages/admin test:           at _callCircusTest (/Users/francesco/rebase/node_modules/jest-circus/build/run.js:316:40)
packages/admin test:           at _runTest (/Users/francesco/rebase/node_modules/jest-circus/build/run.js:252:3)
packages/admin test:           at _runTestsForDescribeBlock (/Users/francesco/rebase/node_modules/jest-circus/build/run.js:126:9)
packages/admin test:           at _runTestsForDescribeBlock (/Users/francesco/rebase/node_modules/jest-circus/build/run.js:121:9)
packages/admin test:           at run (/Users/francesco/rebase/node_modules/jest-circus/build/run.js:71:3)
packages/admin test:           at runAndTransformResultsToJestFormat (/Users/francesco/rebase/node_modules/jest-circus/build/legacy-code-todo-rewrite/jestAdapterInit.js:122:21)
packages/admin test:           at jestAdapter (/Users/francesco/rebase/node_modules/jest-circus/build/legacy-code-todo-rewrite/jestAdapter.js:79:19)
packages/admin test:           at runTestInternal (/Users/francesco/rebase/node_modules/jest-runner/build/runTest.js:367:16)
packages/admin test:           at runTest (/Users/francesco/rebase/node_modules/jest-runner/build/runTest.js:444:34)
packages/admin test:       at Object.getCollection (src/hooks/navigation/useBuildCollectionRegistryController.tsx:40:21)
packages/server-postgresql test: Summary of all failing tests
packages/server-postgresql test: FAIL test/introspect-db-utils.test.ts
packages/server-postgresql test:   ● mapPgType › maps JSON types to json
packages/server-postgresql test:     expect(received).toBe(expected) // Object.is equality
packages/server-postgresql test:     Expected: "json"
packages/server-postgresql test:     Received: "map"
packages/server-postgresql test:       192 |     });
packages/server-postgresql test:       193 |     it("maps JSON types to json", () => {
packages/server-postgresql test:     > 194 |         expect(mapPgType("json")).toBe("json");
packages/server-postgresql test:           |                                   ^
packages/server-postgresql test:       195 |         expect(mapPgType("jsonb")).toBe("json");
packages/server-postgresql test:       196 |     });
packages/server-postgresql test:       197 |     it("maps ARRAY and underscore-prefixed types to json", () => {
packages/server-postgresql test:       at Object.<anonymous> (test/introspect-db-utils.test.ts:194:35)
packages/server-postgresql test:   ● mapPgType › maps ARRAY and underscore-prefixed types to json
packages/server-postgresql test:     expect(received).toBe(expected) // Object.is equality
packages/server-postgresql test:     Expected: "json"
packages/server-postgresql test:     Received: "array"
packages/server-postgresql test:       196 |     });
packages/server-postgresql test:       197 |     it("maps ARRAY and underscore-prefixed types to json", () => {
packages/server-postgresql test:     > 198 |         expect(mapPgType("ARRAY")).toBe("json");
packages/server-postgresql test:           |                                    ^
packages/server-postgresql test:       199 |         expect(mapPgType("_int4")).toBe("json");
packages/server-postgresql test:       200 |         expect(mapPgType("_text")).toBe("json");
packages/server-postgresql test:       201 |     });
packages/server-postgresql test:       at Object.<anonymous> (test/introspect-db-utils.test.ts:198:36)
packages/server-postgresql test:   ● generateIndexContent › each line is a default re-export
packages/server-postgresql test:     expect(received).toBe(expected) // Object.is equality
packages/server-postgresql test:     - Expected  - 1
packages/server-postgresql test:     + Received  + 5
packages/server-postgresql test:     - export { default as users } from "./users";
packages/server-postgresql test:     + import usersCollection from "./users";
packages/server-postgresql test:     +
packages/server-postgresql test:     + export const collections = [
packages/server-postgresql test:     +     usersCollection,
packages/server-postgresql test:     + ];
packages/server-postgresql test:       ↵
packages/server-postgresql test:       353 |     it("each line is a default re-export", () => {
packages/server-postgresql test:       354 |         const result = generateIndexContent(["users"]);
packages/server-postgresql test:     > 355 |         expect(result).toBe('export { default as users } from "./users";\n');
packages/server-postgresql test:           |                        ^
packages/server-postgresql test:       356 |     });
packages/server-postgresql test:       357 | });
packages/server-postgresql test:       358 |
packages/server-postgresql test:       at Object.<anonymous> (test/introspect-db-utils.test.ts:355:24)
packages/server-postgresql test:   ● mergeIndexContent › adds new exports without duplicating existing ones
packages/server-postgresql test:     expect(received).toBe(expected) // Object.is equality
packages/server-postgresql test:     Expected: 2
packages/server-postgresql test:     Received: 4
packages/server-postgresql test:       364 |         const existing = 'export { default as users } from "./users";\n';
packages/server-postgresql test:       365 |         const result = mergeIndexContent(existing, ["users", "posts"]);
packages/server-postgresql test:     > 366 |         expect(result.match(/users/g)!.length).toBe(2); // one in existing, one mention in "users" still just 1 export line
packages/server-postgresql test:           |                                                ^
packages/server-postgresql test:       367 |         expect(result).toContain('export { default as posts } from "./posts";');
packages/server-postgresql test:       368 |         // users should appear exactly once as an export statement
packages/server-postgresql test:       369 |         expect(result.match(/export.*users.*from/g)!.length).toBe(1);
packages/server-postgresql test:       at Object.<anonymous> (test/introspect-db-utils.test.ts:366:48)
packages/server-postgresql test:   ● mergeIndexContent › returns existing content trimmed + newline when no new files
packages/server-postgresql test:     expect(received).toBe(expected) // Object.is equality
packages/server-postgresql test:     - Expected  - 0
packages/server-postgresql test:     + Received  + 2
packages/server-postgresql test:     + import aCollection from "./a";
packages/server-postgresql test:     +
packages/server-postgresql test:       export { default as a } from "./a";
packages/server-postgresql test:       373 |         const existing = 'export { default as a } from "./a";\n';
packages/server-postgresql test:       374 |         const result = mergeIndexContent(existing, ["a"]);
packages/server-postgresql test:     > 375 |         expect(result.trim()).toBe(existing.trim());
packages/server-postgresql test:           |                               ^
packages/server-postgresql test:       376 |     });
packages/server-postgresql test:       377 | });
packages/server-postgresql test:       378 |
packages/server-postgresql test:       at Object.<anonymous> (test/introspect-db-utils.test.ts:375:31)
packages/server-postgresql test: FAIL test/introspect-db-generation.test.ts
packages/server-postgresql test:   ● generateCollectionFile › basic property generation › generates correct property types from columns
packages/server-postgresql test:     expect(received).toContain(expected) // indexOf
packages/server-postgresql test:     Expected substring: "type: \"json\""
packages/server-postgresql test:     Received string:    "import { PostgresCollection } from \"@rebasepro/types\";·
packages/server-postgresql test:     const itemsCollection: PostgresCollection = {
packages/server-postgresql test:         name: \"Items\",
packages/server-postgresql test:         singularName: \"Item\",
packages/server-postgresql test:         slug: \"items\",
packages/server-postgresql test:         table: \"items\",
packages/server-postgresql test:         icon: \"Package\",
packages/server-postgresql test:         group: \"App\",
packages/server-postgresql test:         properties: {
packages/server-postgresql test:             id: {
packages/server-postgresql test:                 name: \"Id\",
packages/server-postgresql test:                 type: \"string\",
packages/server-postgresql test:                 isId: \"uuid\",
packages/server-postgresql test:             },
packages/server-postgresql test:             count: {
packages/server-postgresql test:                 name: \"Count\",
packages/server-postgresql test:                 type: \"number\",
packages/server-postgresql test:             },
packages/server-postgresql test:             active: {
packages/server-postgresql test:                 name: \"Active\",
packages/server-postgresql test:                 type: \"boolean\",
packages/server-postgresql test:             },
packages/server-postgresql test:             created_at: {
packages/server-postgresql test:                 name: \"Created At\",
packages/server-postgresql test:                 type: \"date\",
packages/server-postgresql test:                 autoValue: \"on_create\",
packages/server-postgresql test:                 readOnly: true,
packages/server-postgresql test:                 hideFromCollection: true,
packages/server-postgresql test:             },
packages/server-postgresql test:             metadata: {
packages/server-postgresql test:                 name: \"Metadata\",
packages/server-postgresql test:                 type: \"map\",
packages/server-postgresql test:                 keyValue: true,
packages/server-postgresql test:             },
packages/server-postgresql test:         },
packages/server-postgresql test:         propertiesOrder: [
packages/server-postgresql test:             \"id\",
packages/server-postgresql test:             \"count\",
packages/server-postgresql test:             \"active\",
packages/server-postgresql test:             \"created_at\",
packages/server-postgresql test:             \"metadata\"
packages/server-postgresql test:         ]
packages/server-postgresql test:     };·
packages/server-postgresql test:     export default itemsCollection;
packages/server-postgresql test:     "
packages/server-postgresql test:       50 |             expect(result).toContain('type: "boolean"');
packages/server-postgresql test:       51 |             expect(result).toContain('type: "date"');
packages/server-postgresql test:     > 52 |             expect(result).toContain('type: "json"');
packages/server-postgresql test:          |                            ^
packages/server-postgresql test:       53 |         });
packages/server-postgresql test:       54 |
packages/server-postgresql test:       55 |         it("skips FK columns from properties (they become relations)", () => {
packages/server-postgresql test:       at Object.<anonymous> (test/introspect-db-generation.test.ts:52:28)
packages/server-postgresql test: Test Suites: 2 failed, 19 passed, 21 total
packages/server-postgresql test: Tests:       6 failed, 510 passed, 516 total
packages/server-postgresql test: Snapshots:   0 total
packages/server-postgresql test: Time:        1.325 s, estimated 2 s
packages/server-postgresql test: Ran all test suites.
packages/admin test: PASS test/util/property_utils.test.ts
packages/server-postgresql test: Failed
/Users/francesco/rebase/packages/server-postgresql:
 ERR_PNPM_RECURSIVE_RUN_FIRST_FAIL  @rebasepro/server-postgresql@0.0.1-canary.09e5ec54d test: `jest --passWithNoTests`
Exit status 1
