
> @rebasepro/client@0.0.1 test /Users/francesco/rebase/packages/client
> jest --passWithNoTests --forceExit

FAIL test/websocket.test.ts
  ● Console

    console.log
      Connected to PostgreSQL backend

      at MockWebSocket.ws.onopen (src/websocket.ts:210:25)

    console.log
      Connected to PostgreSQL backend

      at MockWebSocket.ws.onopen (src/websocket.ts:210:25)

    console.log
      Disconnected from PostgreSQL backend

      at MockWebSocket.ws.onclose (src/websocket.ts:249:25)

    console.log
      Attempting to reconnect in 2000ms (attempt 1)

      at RebaseWebSocketClient.attemptReconnect (src/websocket.ts:299:17)

    console.log
      Connected to PostgreSQL backend

      at MockWebSocket.ws.onopen (src/websocket.ts:210:25)

    console.error
      WebSocket error: { type: 'error' }

      271 |
      272 |             this.ws!.onerror = (error) => {
    > 273 |                 console.error("WebSocket error:", error);
          |                         ^
      274 |                 this.isConnected = false;
      275 |                 this.emit("error", error);
      276 |             };

      at MockWebSocket.ws.onerror (src/websocket.ts:273:25)
      at Object.<anonymous> (test/websocket.test.ts:114:21)

    console.log
      Connected to PostgreSQL backend

      at MockWebSocket.ws.onopen (src/websocket.ts:210:25)

    console.log
      Connected to PostgreSQL backend

      at MockWebSocket.ws.onopen (src/websocket.ts:210:25)

    console.log
      Connected to PostgreSQL backend

      at MockWebSocket.ws.onopen (src/websocket.ts:210:25)

    console.log
      Connected to PostgreSQL backend

      at MockWebSocket.ws.onopen (src/websocket.ts:210:25)

    console.log
      Connected to PostgreSQL backend

      at MockWebSocket.ws.onopen (src/websocket.ts:210:25)

    console.log
      Disconnected from PostgreSQL backend

      at MockWebSocket.ws.onclose (src/websocket.ts:249:25)

    console.log
      Attempting to reconnect in 2000ms (attempt 1)

      at RebaseWebSocketClient.attemptReconnect (src/websocket.ts:299:17)

    console.error
      WebSocket error: ErrorEvent {
        type: 'error',
        defaultPrevented: false,
        cancelable: false,
        timeStamp: 386.321333
      }

      271 |
      272 |             this.ws!.onerror = (error) => {
    > 273 |                 console.error("WebSocket error:", error);
          |                         ^
      274 |                 this.isConnected = false;
      275 |                 this.emit("error", error);
      276 |             };

      at WebSocket.ws.onerror (src/websocket.ts:273:25)
      at RebaseWebSocketClient.disconnect (src/websocket.ts:196:21)
      at Object.<anonymous> (test/websocket.test.ts:210:20)

    console.log
      Connected to PostgreSQL backend

      at MockWebSocket.ws.onopen (src/websocket.ts:210:25)

    console.log
      Connected to PostgreSQL backend

      at MockWebSocket.ws.onopen (src/websocket.ts:210:25)

    console.log
      Connected to PostgreSQL backend

      at MockWebSocket.ws.onopen (src/websocket.ts:210:25)

    console.log
      Connected to PostgreSQL backend

      at MockWebSocket.ws.onopen (src/websocket.ts:210:25)

    console.log
      Connected to PostgreSQL backend

      at MockWebSocket.ws.onopen (src/websocket.ts:210:25)

    console.log
      Connected to PostgreSQL backend

      at MockWebSocket.ws.onopen (src/websocket.ts:210:25)

    console.log
      Connected to PostgreSQL backend

      at MockWebSocket.ws.onopen (src/websocket.ts:210:25)

    console.log
      Connected to PostgreSQL backend

      at MockWebSocket.ws.onopen (src/websocket.ts:210:25)

    console.log
      Connected to PostgreSQL backend

      at MockWebSocket.ws.onopen (src/websocket.ts:210:25)

    console.log
      Connected to PostgreSQL backend

      at MockWebSocket.ws.onopen (src/websocket.ts:210:25)

    console.log
      Connected to PostgreSQL backend

      at MockWebSocket.ws.onopen (src/websocket.ts:210:25)

    console.log
      Connected to PostgreSQL backend

      at MockWebSocket.ws.onopen (src/websocket.ts:210:25)

    console.log
      Connected to PostgreSQL backend

      at MockWebSocket.ws.onopen (src/websocket.ts:210:25)

    console.log
      Connected to PostgreSQL backend

      at MockWebSocket.ws.onopen (src/websocket.ts:210:25)

    console.log
      Connected to PostgreSQL backend

      at MockWebSocket.ws.onopen (src/websocket.ts:210:25)

    console.log
      Connected to PostgreSQL backend

      at MockWebSocket.ws.onopen (src/websocket.ts:210:25)

    console.log
      Connected to PostgreSQL backend

      at MockWebSocket.ws.onopen (src/websocket.ts:210:25)

    console.log
      Connected to PostgreSQL backend

      at MockWebSocket.ws.onopen (src/websocket.ts:210:25)

    console.log
      Connected to PostgreSQL backend

      at MockWebSocket.ws.onopen (src/websocket.ts:210:25)

    console.log
      Connected to PostgreSQL backend

      at MockWebSocket.ws.onopen (src/websocket.ts:210:25)

    console.log
      Connected to PostgreSQL backend

      at MockWebSocket.ws.onopen (src/websocket.ts:210:25)

    console.log
      Connected to PostgreSQL backend

      at MockWebSocket.ws.onopen (src/websocket.ts:210:25)

    console.log
      Connected to PostgreSQL backend

      at MockWebSocket.ws.onopen (src/websocket.ts:210:25)

    console.log
      Connected to PostgreSQL backend

      at MockWebSocket.ws.onopen (src/websocket.ts:210:25)

    console.log
      Connected to PostgreSQL backend

      at MockWebSocket.ws.onopen (src/websocket.ts:210:25)

    console.log
      Connected to PostgreSQL backend

      at MockWebSocket.ws.onopen (src/websocket.ts:210:25)

    console.log
      Connected to PostgreSQL backend

      at MockWebSocket.ws.onopen (src/websocket.ts:210:25)

    console.log
      Connected to PostgreSQL backend

      at MockWebSocket.ws.onopen (src/websocket.ts:210:25)

    console.log
      Connected to PostgreSQL backend

      at MockWebSocket.ws.onopen (src/websocket.ts:210:25)

    console.log
      Connected to PostgreSQL backend

      at MockWebSocket.ws.onopen (src/websocket.ts:210:25)

    console.log
      Connected to PostgreSQL backend

      at MockWebSocket.ws.onopen (src/websocket.ts:210:25)

    console.log
      Connected to PostgreSQL backend

      at MockWebSocket.ws.onopen (src/websocket.ts:210:25)

    console.log
      Connected to PostgreSQL backend

      at MockWebSocket.ws.onopen (src/websocket.ts:210:25)

    console.log
      Connected to PostgreSQL backend

      at MockWebSocket.ws.onopen (src/websocket.ts:210:25)

    console.log
      Connected to PostgreSQL backend

      at MockWebSocket.ws.onopen (src/websocket.ts:210:25)

    console.log
      Connected to PostgreSQL backend

      at MockWebSocket.ws.onopen (src/websocket.ts:210:25)

    console.log
      Connected to PostgreSQL backend

      at MockWebSocket.ws.onopen (src/websocket.ts:210:25)

    console.log
      Connected to PostgreSQL backend

      at MockWebSocket.ws.onopen (src/websocket.ts:210:25)

    console.error
      Error in collection subscription callback: Error: callback error
          at Object.<anonymous> (/Users/francesco/rebase/packages/client/test/websocket.test.ts:1096:70)
          at /Users/francesco/rebase/node_modules/jest-environment-node/node_modules/jest-mock/build/index.js:397:39
          at Object.<anonymous> (/Users/francesco/rebase/node_modules/jest-environment-node/node_modules/jest-mock/build/index.js:404:13)
          at Object.mockConstructor [as onUpdate] (/Users/francesco/rebase/node_modules/jest-environment-node/node_modules/jest-mock/build/index.js:148:19)
          at /Users/francesco/rebase/packages/client/src/websocket.ts:351:38
          at Map.forEach (<anonymous>)
          at RebaseWebSocketClient.handleWebSocketMessage (/Users/francesco/rebase/packages/client/src/websocket.ts:349:45)
          at MockWebSocket.ws.onmessage (/Users/francesco/rebase/packages/client/src/websocket.ts:242:26)
          at Object.<anonymous> (/Users/francesco/rebase/packages/client/test/websocket.test.ts:1101:16)
          at Promise.then.completed (/Users/francesco/rebase/node_modules/jest-circus/build/utils.js:298:28)
          at new Promise (<anonymous>)
          at callAsyncCircusFn (/Users/francesco/rebase/node_modules/jest-circus/build/utils.js:231:10)
          at _callCircusTest (/Users/francesco/rebase/node_modules/jest-circus/build/run.js:316:40)
          at _runTest (/Users/francesco/rebase/node_modules/jest-circus/build/run.js:252:3)
          at _runTestsForDescribeBlock (/Users/francesco/rebase/node_modules/jest-circus/build/run.js:126:9)
          at _runTestsForDescribeBlock (/Users/francesco/rebase/node_modules/jest-circus/build/run.js:121:9)
          at _runTestsForDescribeBlock (/Users/francesco/rebase/node_modules/jest-circus/build/run.js:121:9)
          at run (/Users/francesco/rebase/node_modules/jest-circus/build/run.js:71:3)
          at runAndTransformResultsToJestFormat (/Users/francesco/rebase/node_modules/jest-circus/build/legacy-code-todo-rewrite/jestAdapterInit.js:122:21)
          at jestAdapter (/Users/francesco/rebase/node_modules/jest-circus/build/legacy-code-todo-rewrite/jestAdapter.js:79:19)
          at runTestInternal (/Users/francesco/rebase/node_modules/jest-runner/build/runTest.js:367:16)
          at runTest (/Users/francesco/rebase/node_modules/jest-runner/build/runTest.js:444:34)

      351 |                             callback.onUpdate(entities);
      352 |                         } catch (error) {
    > 353 |                             console.error("Error in collection subscription callback:", error);
          |                                     ^
      354 |                             if (callback.onError) {
      355 |                                 callback.onError(error instanceof Error ? error : new Error(String(error)));
      356 |                             }

      at src/websocket.ts:353:37
          at Map.forEach (<anonymous>)
      at RebaseWebSocketClient.handleWebSocketMessage (src/websocket.ts:349:45)
      at MockWebSocket.ws.onmessage (src/websocket.ts:242:26)
      at Object.<anonymous> (test/websocket.test.ts:1101:16)

    console.log
      Connected to PostgreSQL backend

      at MockWebSocket.ws.onopen (src/websocket.ts:210:25)

    console.log
      Disconnected from PostgreSQL backend

      at MockWebSocket.ws.onclose (src/websocket.ts:249:25)

    console.log
      Attempting to reconnect in 2000ms (attempt 1)

      at RebaseWebSocketClient.attemptReconnect (src/websocket.ts:299:17)

    console.log
      Connected to PostgreSQL backend

      at MockWebSocket.ws.onopen (src/websocket.ts:210:25)

    console.log
      Disconnected from PostgreSQL backend

      at MockWebSocket.ws.onclose (src/websocket.ts:249:25)

    console.log
      Attempting to reconnect in 2000ms (attempt 1)

      at RebaseWebSocketClient.attemptReconnect (src/websocket.ts:299:17)

    console.log
      Connected to PostgreSQL backend

      at MockWebSocket.ws.onopen (src/websocket.ts:210:25)

    console.log
      [WS] Re-subscribing: 0 collection(s), 0 entity(ies)

      at RebaseWebSocketClient.resubscribeAll (src/websocket.ts:1009:17)

    console.log
      Connected to PostgreSQL backend

      at MockWebSocket.ws.onopen (src/websocket.ts:210:25)

    console.log
      Disconnected from PostgreSQL backend

      at MockWebSocket.ws.onclose (src/websocket.ts:249:25)

    console.log
      Attempting to reconnect in 2000ms (attempt 1)

      at RebaseWebSocketClient.attemptReconnect (src/websocket.ts:299:17)

    console.log
      Connected to PostgreSQL backend

      at MockWebSocket.ws.onopen (src/websocket.ts:210:25)

    console.log
      Disconnected from PostgreSQL backend

      at MockWebSocket.ws.onclose (src/websocket.ts:249:25)

    console.log
      Attempting to reconnect in 2000ms (attempt 1)

      at RebaseWebSocketClient.attemptReconnect (src/websocket.ts:299:17)

    console.log
      Connected to PostgreSQL backend

      at MockWebSocket.ws.onopen (src/websocket.ts:210:25)

    console.log
      [WS] Re-subscribing: 0 collection(s), 0 entity(ies)

      at RebaseWebSocketClient.resubscribeAll (src/websocket.ts:1009:17)

    console.log
      Disconnected from PostgreSQL backend

      at MockWebSocket.ws.onclose (src/websocket.ts:249:25)

    console.log
      Attempting to reconnect in 2000ms (attempt 1)

      at RebaseWebSocketClient.attemptReconnect (src/websocket.ts:299:17)

    console.log
      Connected to PostgreSQL backend

      at MockWebSocket.ws.onopen (src/websocket.ts:210:25)

    console.log
      [WS] Re-subscribing: 0 collection(s), 0 entity(ies)

      at RebaseWebSocketClient.resubscribeAll (src/websocket.ts:1009:17)

    console.log
      Disconnected from PostgreSQL backend

      at MockWebSocket.ws.onclose (src/websocket.ts:249:25)

    console.log
      Attempting to reconnect in 2000ms (attempt 1)

      at RebaseWebSocketClient.attemptReconnect (src/websocket.ts:299:17)

    console.log
      Connected to PostgreSQL backend

      at MockWebSocket.ws.onopen (src/websocket.ts:210:25)

    console.log
      [WS] Re-subscribing: 0 collection(s), 0 entity(ies)

      at RebaseWebSocketClient.resubscribeAll (src/websocket.ts:1009:17)

    console.log
      Disconnected from PostgreSQL backend

      at MockWebSocket.ws.onclose (src/websocket.ts:249:25)

    console.log
      Attempting to reconnect in 2000ms (attempt 1)

      at RebaseWebSocketClient.attemptReconnect (src/websocket.ts:299:17)

    console.log
      Connected to PostgreSQL backend

      at MockWebSocket.ws.onopen (src/websocket.ts:210:25)

    console.log
      [WS] Re-subscribing: 0 collection(s), 0 entity(ies)

      at RebaseWebSocketClient.resubscribeAll (src/websocket.ts:1009:17)

    console.log
      Disconnected from PostgreSQL backend

      at MockWebSocket.ws.onclose (src/websocket.ts:249:25)

    console.log
      Attempting to reconnect in 2000ms (attempt 1)

      at RebaseWebSocketClient.attemptReconnect (src/websocket.ts:299:17)

    console.log
      Connected to PostgreSQL backend

      at MockWebSocket.ws.onopen (src/websocket.ts:210:25)

    console.log
      [WS] Re-subscribing: 0 collection(s), 0 entity(ies)

      at RebaseWebSocketClient.resubscribeAll (src/websocket.ts:1009:17)

    console.log
      Disconnected from PostgreSQL backend

      at MockWebSocket.ws.onclose (src/websocket.ts:249:25)

    console.log
      Attempting to reconnect in 2000ms (attempt 1)

      at RebaseWebSocketClient.attemptReconnect (src/websocket.ts:299:17)

    console.log
      Connected to PostgreSQL backend

      at MockWebSocket.ws.onopen (src/websocket.ts:210:25)

    console.log
      [WS] Re-subscribing: 0 collection(s), 0 entity(ies)

      at RebaseWebSocketClient.resubscribeAll (src/websocket.ts:1009:17)

    console.log
      Disconnected from PostgreSQL backend

      at MockWebSocket.ws.onclose (src/websocket.ts:249:25)

    console.log
      Attempting to reconnect in 2000ms (attempt 1)

      at RebaseWebSocketClient.attemptReconnect (src/websocket.ts:299:17)

    console.log
      Connected to PostgreSQL backend

      at MockWebSocket.ws.onopen (src/websocket.ts:210:25)

    console.log
      [WS] Re-subscribing: 0 collection(s), 0 entity(ies)

      at RebaseWebSocketClient.resubscribeAll (src/websocket.ts:1009:17)

    console.log
      Disconnected from PostgreSQL backend

      at MockWebSocket.ws.onclose (src/websocket.ts:249:25)

    console.log
      Attempting to reconnect in 2000ms (attempt 1)

      at RebaseWebSocketClient.attemptReconnect (src/websocket.ts:299:17)

    console.log
      Connected to PostgreSQL backend

      at MockWebSocket.ws.onopen (src/websocket.ts:210:25)

    console.log
      [WS] Re-subscribing: 0 collection(s), 0 entity(ies)

      at RebaseWebSocketClient.resubscribeAll (src/websocket.ts:1009:17)

    console.log
      Disconnected from PostgreSQL backend

      at MockWebSocket.ws.onclose (src/websocket.ts:249:25)

    console.log
      Attempting to reconnect in 2000ms (attempt 1)

      at RebaseWebSocketClient.attemptReconnect (src/websocket.ts:299:17)

    console.log
      Connected to PostgreSQL backend

      at MockWebSocket.ws.onopen (src/websocket.ts:210:25)

    console.log
      [WS] Re-subscribing: 0 collection(s), 0 entity(ies)

      at RebaseWebSocketClient.resubscribeAll (src/websocket.ts:1009:17)

    console.log
      Disconnected from PostgreSQL backend

      at MockWebSocket.ws.onclose (src/websocket.ts:249:25)

    console.log
      Attempting to reconnect in 2000ms (attempt 1)

      at RebaseWebSocketClient.attemptReconnect (src/websocket.ts:299:17)

    console.log
      Connected to PostgreSQL backend

      at MockWebSocket.ws.onopen (src/websocket.ts:210:25)

    console.log
      [WS] Re-subscribing: 0 collection(s), 0 entity(ies)

      at RebaseWebSocketClient.resubscribeAll (src/websocket.ts:1009:17)

    console.log
      Disconnected from PostgreSQL backend

      at MockWebSocket.ws.onclose (src/websocket.ts:249:25)

    console.log
      Attempting to reconnect in 2000ms (attempt 1)

      at RebaseWebSocketClient.attemptReconnect (src/websocket.ts:299:17)

  ● RebaseWebSocketClient › mergeEntities structural equality and normalization › preserves relation identity inside array of relations

    expect(received).toBe(expected) // Object.is equality

    - Expected  - 0
    + Received  + 6

    @@ -3,15 +3,21 @@
        "path": "posts",
        "values": Object {
          "tags": Array [
            Object {
              "__type": "relation",
    +         "data": Object {
    +           "id": "10",
    +         },
              "id": "10",
              "path": "tags",
            },
            Object {
              "__type": "relation",
    +         "data": Object {
    +           "id": "11",
    +         },
              "id": "11",
              "path": "tags",
            },
          ],
        },

      912 |
      913 |             const secondInstance = (onUpdate.mock.calls[0][0] as any[])[0];
    > 914 |             expect(secondInstance).toBe(firstInstance);
          |                                    ^
      915 |         });
      916 |     });
      917 |

      at Object.<anonymous> (test/websocket.test.ts:914:36)

PASS test/relations.test.ts
PASS test/auth.test.ts

  ●  Cannot log after tests are done. Did you forget to wait for something async in your test?
    Attempted to log "WebSocket error: ErrorEvent {
      type: 'error',
      defaultPrevented: false,
      cancelable: false,
      timeStamp: 588.055458
    }".

      271 |
      272 |             this.ws!.onerror = (error) => {
    > 273 |                 console.error("WebSocket error:", error);
          |                         ^
      274 |                 this.isConnected = false;
      275 |                 this.emit("error", error);
      276 |             };

      at console.error (../../node_modules/@jest/console/build/BufferedConsole.js:127:10)
      at WebSocket.ws.onerror (src/websocket.ts:273:25)


  ●  Cannot log after tests are done. Did you forget to wait for something async in your test?
    Attempted to log "WebSocket error: ErrorEvent {
      type: 'error',
      defaultPrevented: false,
      cancelable: false,
      timeStamp: 589.464416
    }".

      271 |
      272 |             this.ws!.onerror = (error) => {
    > 273 |                 console.error("WebSocket error:", error);
          |                         ^
      274 |                 this.isConnected = false;
      275 |                 this.emit("error", error);
      276 |             };

      at console.error (../../node_modules/@jest/console/build/BufferedConsole.js:127:10)
      at WebSocket.ws.onerror (src/websocket.ts:273:25)


  ●  Cannot log after tests are done. Did you forget to wait for something async in your test?
    Attempted to log "WebSocket error: ErrorEvent {
      type: 'error',
      defaultPrevented: false,
      cancelable: false,
      timeStamp: 590.096583
    }".

      271 |
      272 |             this.ws!.onerror = (error) => {
    > 273 |                 console.error("WebSocket error:", error);
          |                         ^
      274 |                 this.isConnected = false;
      275 |                 this.emit("error", error);
      276 |             };

      at console.error (../../node_modules/@jest/console/build/BufferedConsole.js:127:10)
      at WebSocket.ws.onerror (src/websocket.ts:273:25)


  ●  Cannot log after tests are done. Did you forget to wait for something async in your test?
    Attempted to log "WebSocket error: ErrorEvent {
      type: 'error',
      defaultPrevented: false,
      cancelable: false,
      timeStamp: 590.7025
    }".

      271 |
      272 |             this.ws!.onerror = (error) => {
    > 273 |                 console.error("WebSocket error:", error);
          |                         ^
      274 |                 this.isConnected = false;
      275 |                 this.emit("error", error);
      276 |             };

      at console.error (../../node_modules/@jest/console/build/BufferedConsole.js:127:10)
      at WebSocket.ws.onerror (src/websocket.ts:273:25)


  ●  Cannot log after tests are done. Did you forget to wait for something async in your test?
    Attempted to log "WebSocket error: ErrorEvent {
      type: 'error',
      defaultPrevented: false,
      cancelable: false,
      timeStamp: 591.531875
    }".

      271 |
      272 |             this.ws!.onerror = (error) => {
    > 273 |                 console.error("WebSocket error:", error);
          |                         ^
      274 |                 this.isConnected = false;
      275 |                 this.emit("error", error);
      276 |             };

      at console.error (../../node_modules/@jest/console/build/BufferedConsole.js:127:10)
      at WebSocket.ws.onerror (src/websocket.ts:273:25)


  ●  Cannot log after tests are done. Did you forget to wait for something async in your test?
    Attempted to log "WebSocket error: ErrorEvent {
      type: 'error',
      defaultPrevented: false,
      cancelable: false,
      timeStamp: 592.588375
    }".

      271 |
      272 |             this.ws!.onerror = (error) => {
    > 273 |                 console.error("WebSocket error:", error);
          |                         ^
      274 |                 this.isConnected = false;
      275 |                 this.emit("error", error);
      276 |             };

      at console.error (../../node_modules/@jest/console/build/BufferedConsole.js:127:10)
      at WebSocket.ws.onerror (src/websocket.ts:273:25)


  ●  Cannot log after tests are done. Did you forget to wait for something async in your test?
    Attempted to log "WebSocket error: ErrorEvent {
      type: 'error',
      defaultPrevented: false,
      cancelable: false,
      timeStamp: 593.159833
    }".

      271 |
      272 |             this.ws!.onerror = (error) => {
    > 273 |                 console.error("WebSocket error:", error);
          |                         ^
      274 |                 this.isConnected = false;
      275 |                 this.emit("error", error);
      276 |             };

      at console.error (../../node_modules/@jest/console/build/BufferedConsole.js:127:10)
      at WebSocket.ws.onerror (src/websocket.ts:273:25)


  ●  Cannot log after tests are done. Did you forget to wait for something async in your test?
    Attempted to log "WebSocket error: ErrorEvent {
      type: 'error',
      defaultPrevented: false,
      cancelable: false,
      timeStamp: 593.598958
    }".

      271 |
      272 |             this.ws!.onerror = (error) => {
    > 273 |                 console.error("WebSocket error:", error);
          |                         ^
      274 |                 this.isConnected = false;
      275 |                 this.emit("error", error);
      276 |             };

      at console.error (../../node_modules/@jest/console/build/BufferedConsole.js:127:10)
      at WebSocket.ws.onerror (src/websocket.ts:273:25)


  ●  Cannot log after tests are done. Did you forget to wait for something async in your test?
    Attempted to log "WebSocket error: ErrorEvent {
      type: 'error',
      defaultPrevented: false,
      cancelable: false,
      timeStamp: 594.45975
    }".

      271 |
      272 |             this.ws!.onerror = (error) => {
    > 273 |                 console.error("WebSocket error:", error);
          |                         ^
      274 |                 this.isConnected = false;
      275 |                 this.emit("error", error);
      276 |             };

      at console.error (../../node_modules/@jest/console/build/BufferedConsole.js:127:10)
      at WebSocket.ws.onerror (src/websocket.ts:273:25)


  ●  Cannot log after tests are done. Did you forget to wait for something async in your test?
    Attempted to log "WebSocket error: ErrorEvent {
      type: 'error',
      defaultPrevented: false,
      cancelable: false,
      timeStamp: 595.017375
    }".

      271 |
      272 |             this.ws!.onerror = (error) => {
    > 273 |                 console.error("WebSocket error:", error);
          |                         ^
      274 |                 this.isConnected = false;
      275 |                 this.emit("error", error);
      276 |             };

      at console.error (../../node_modules/@jest/console/build/BufferedConsole.js:127:10)
      at WebSocket.ws.onerror (src/websocket.ts:273:25)


  ●  Cannot log after tests are done. Did you forget to wait for something async in your test?
    Attempted to log "WebSocket error: ErrorEvent {
      type: 'error',
      defaultPrevented: false,
      cancelable: false,
      timeStamp: 596.675833
    }".

      271 |
      272 |             this.ws!.onerror = (error) => {
    > 273 |                 console.error("WebSocket error:", error);
          |                         ^
      274 |                 this.isConnected = false;
      275 |                 this.emit("error", error);
      276 |             };

      at console.error (../../node_modules/@jest/console/build/BufferedConsole.js:127:10)
      at WebSocket.ws.onerror (src/websocket.ts:273:25)


  ●  Cannot log after tests are done. Did you forget to wait for something async in your test?
    Attempted to log "WebSocket error: ErrorEvent {
      type: 'error',
      defaultPrevented: false,
      cancelable: false,
      timeStamp: 597.259291
    }".

      271 |
      272 |             this.ws!.onerror = (error) => {
    > 273 |                 console.error("WebSocket error:", error);
          |                         ^
      274 |                 this.isConnected = false;
      275 |                 this.emit("error", error);
      276 |             };

      at console.error (../../node_modules/@jest/console/build/BufferedConsole.js:127:10)
      at WebSocket.ws.onerror (src/websocket.ts:273:25)


  ●  Cannot log after tests are done. Did you forget to wait for something async in your test?
    Attempted to log "WebSocket error: ErrorEvent {
      type: 'error',
      defaultPrevented: false,
      cancelable: false,
      timeStamp: 597.734625
    }".

      271 |
      272 |             this.ws!.onerror = (error) => {
    > 273 |                 console.error("WebSocket error:", error);
          |                         ^
      274 |                 this.isConnected = false;
      275 |                 this.emit("error", error);
      276 |             };

      at console.error (../../node_modules/@jest/console/build/BufferedConsole.js:127:10)
      at WebSocket.ws.onerror (src/websocket.ts:273:25)


  ●  Cannot log after tests are done. Did you forget to wait for something async in your test?
    Attempted to log "WebSocket error: ErrorEvent {
      type: 'error',
      defaultPrevented: false,
      cancelable: false,
      timeStamp: 598.113
    }".

      271 |
      272 |             this.ws!.onerror = (error) => {
    > 273 |                 console.error("WebSocket error:", error);
          |                         ^
      274 |                 this.isConnected = false;
      275 |                 this.emit("error", error);
      276 |             };

      at console.error (../../node_modules/@jest/console/build/BufferedConsole.js:127:10)
      at WebSocket.ws.onerror (src/websocket.ts:273:25)


  ●  Cannot log after tests are done. Did you forget to wait for something async in your test?
    Attempted to log "WebSocket error: ErrorEvent {
      type: 'error',
      defaultPrevented: false,
      cancelable: false,
      timeStamp: 598.480708
    }".

      271 |
      272 |             this.ws!.onerror = (error) => {
    > 273 |                 console.error("WebSocket error:", error);
          |                         ^
      274 |                 this.isConnected = false;
      275 |                 this.emit("error", error);
      276 |             };

      at console.error (../../node_modules/@jest/console/build/BufferedConsole.js:127:10)
      at WebSocket.ws.onerror (src/websocket.ts:273:25)


  ●  Cannot log after tests are done. Did you forget to wait for something async in your test?
    Attempted to log "WebSocket error: ErrorEvent {
      type: 'error',
      defaultPrevented: false,
      cancelable: false,
      timeStamp: 598.844666
    }".

      271 |
      272 |             this.ws!.onerror = (error) => {
    > 273 |                 console.error("WebSocket error:", error);
          |                         ^
      274 |                 this.isConnected = false;
      275 |                 this.emit("error", error);
      276 |             };

      at console.error (../../node_modules/@jest/console/build/BufferedConsole.js:127:10)
      at WebSocket.ws.onerror (src/websocket.ts:273:25)


  ●  Cannot log after tests are done. Did you forget to wait for something async in your test?
    Attempted to log "WebSocket error: ErrorEvent {
      type: 'error',
      defaultPrevented: false,
      cancelable: false,
      timeStamp: 599.2115
    }".

      271 |
      272 |             this.ws!.onerror = (error) => {
    > 273 |                 console.error("WebSocket error:", error);
          |                         ^
      274 |                 this.isConnected = false;
      275 |                 this.emit("error", error);
      276 |             };

      at console.error (../../node_modules/@jest/console/build/BufferedConsole.js:127:10)
      at WebSocket.ws.onerror (src/websocket.ts:273:25)


  ●  Cannot log after tests are done. Did you forget to wait for something async in your test?
    Attempted to log "WebSocket error: ErrorEvent {
      type: 'error',
      defaultPrevented: false,
      cancelable: false,
      timeStamp: 599.593583
    }".

      271 |
      272 |             this.ws!.onerror = (error) => {
    > 273 |                 console.error("WebSocket error:", error);
          |                         ^
      274 |                 this.isConnected = false;
      275 |                 this.emit("error", error);
      276 |             };

      at console.error (../../node_modules/@jest/console/build/BufferedConsole.js:127:10)
      at WebSocket.ws.onerror (src/websocket.ts:273:25)


  ●  Cannot log after tests are done. Did you forget to wait for something async in your test?
    Attempted to log "WebSocket error: ErrorEvent {
      type: 'error',
      defaultPrevented: false,
      cancelable: false,
      timeStamp: 599.968041
    }".

      271 |
      272 |             this.ws!.onerror = (error) => {
    > 273 |                 console.error("WebSocket error:", error);
          |                         ^
      274 |                 this.isConnected = false;
      275 |                 this.emit("error", error);
      276 |             };

      at console.error (../../node_modules/@jest/console/build/BufferedConsole.js:127:10)
      at WebSocket.ws.onerror (src/websocket.ts:273:25)


  ●  Cannot log after tests are done. Did you forget to wait for something async in your test?
    Attempted to log "WebSocket error: ErrorEvent {
      type: 'error',
      defaultPrevented: false,
      cancelable: false,
      timeStamp: 600.347958
    }".

      271 |
      272 |             this.ws!.onerror = (error) => {
    > 273 |                 console.error("WebSocket error:", error);
          |                         ^
      274 |                 this.isConnected = false;
      275 |                 this.emit("error", error);
      276 |             };

      at console.error (../../node_modules/@jest/console/build/BufferedConsole.js:127:10)
      at WebSocket.ws.onerror (src/websocket.ts:273:25)

PASS test/index.test.ts

  ●  Cannot log after tests are done. Did you forget to wait for something async in your test?
    Attempted to log "WebSocket error: ErrorEvent {
      type: 'error',
      defaultPrevented: false,
      cancelable: false,
      timeStamp: 629.85525
    }".

      271 |
      272 |             this.ws!.onerror = (error) => {
    > 273 |                 console.error("WebSocket error:", error);
          |                         ^
      274 |                 this.isConnected = false;
      275 |                 this.emit("error", error);
      276 |             };

      at console.error (../../node_modules/@jest/console/build/BufferedConsole.js:127:10)
      at WebSocket.ws.onerror (src/websocket.ts:273:25)


  ●  Cannot log after tests are done. Did you forget to wait for something async in your test?
    Attempted to log "WebSocket error: ErrorEvent {
      type: 'error',
      defaultPrevented: false,
      cancelable: false,
      timeStamp: 630.457583
    }".

      271 |
      272 |             this.ws!.onerror = (error) => {
    > 273 |                 console.error("WebSocket error:", error);
          |                         ^
      274 |                 this.isConnected = false;
      275 |                 this.emit("error", error);
      276 |             };

      at console.error (../../node_modules/@jest/console/build/BufferedConsole.js:127:10)
      at WebSocket.ws.onerror (src/websocket.ts:273:25)


  ●  Cannot log after tests are done. Did you forget to wait for something async in your test?
    Attempted to log "WebSocket error: ErrorEvent {
      type: 'error',
      defaultPrevented: false,
      cancelable: false,
      timeStamp: 630.852583
    }".

      271 |
      272 |             this.ws!.onerror = (error) => {
    > 273 |                 console.error("WebSocket error:", error);
          |                         ^
      274 |                 this.isConnected = false;
      275 |                 this.emit("error", error);
      276 |             };

      at console.error (../../node_modules/@jest/console/build/BufferedConsole.js:127:10)
      at WebSocket.ws.onerror (src/websocket.ts:273:25)


  ●  Cannot log after tests are done. Did you forget to wait for something async in your test?
    Attempted to log "WebSocket error: ErrorEvent {
      type: 'error',
      defaultPrevented: false,
      cancelable: false,
      timeStamp: 631.228625
    }".

      271 |
      272 |             this.ws!.onerror = (error) => {
    > 273 |                 console.error("WebSocket error:", error);
          |                         ^
      274 |                 this.isConnected = false;
      275 |                 this.emit("error", error);
      276 |             };

      at console.error (../../node_modules/@jest/console/build/BufferedConsole.js:127:10)
      at WebSocket.ws.onerror (src/websocket.ts:273:25)


  ●  Cannot log after tests are done. Did you forget to wait for something async in your test?
    Attempted to log "WebSocket error: ErrorEvent {
      type: 'error',
      defaultPrevented: false,
      cancelable: false,
      timeStamp: 631.5785
    }".

      271 |
      272 |             this.ws!.onerror = (error) => {
    > 273 |                 console.error("WebSocket error:", error);
          |                         ^
      274 |                 this.isConnected = false;
      275 |                 this.emit("error", error);
      276 |             };

      at console.error (../../node_modules/@jest/console/build/BufferedConsole.js:127:10)
      at WebSocket.ws.onerror (src/websocket.ts:273:25)


  ●  Cannot log after tests are done. Did you forget to wait for something async in your test?
    Attempted to log "WebSocket error: ErrorEvent {
      type: 'error',
      defaultPrevented: false,
      cancelable: false,
      timeStamp: 631.941
    }".

      271 |
      272 |             this.ws!.onerror = (error) => {
    > 273 |                 console.error("WebSocket error:", error);
          |                         ^
      274 |                 this.isConnected = false;
      275 |                 this.emit("error", error);
      276 |             };

      at console.error (../../node_modules/@jest/console/build/BufferedConsole.js:127:10)
      at WebSocket.ws.onerror (src/websocket.ts:273:25)


  ●  Cannot log after tests are done. Did you forget to wait for something async in your test?
    Attempted to log "WebSocket error: ErrorEvent {
      type: 'error',
      defaultPrevented: false,
      cancelable: false,
      timeStamp: 632.299958
    }".

      271 |
      272 |             this.ws!.onerror = (error) => {
    > 273 |                 console.error("WebSocket error:", error);
          |                         ^
      274 |                 this.isConnected = false;
      275 |                 this.emit("error", error);
      276 |             };

      at console.error (../../node_modules/@jest/console/build/BufferedConsole.js:127:10)
      at WebSocket.ws.onerror (src/websocket.ts:273:25)


  ●  Cannot log after tests are done. Did you forget to wait for something async in your test?
    Attempted to log "WebSocket error: ErrorEvent {
      type: 'error',
      defaultPrevented: false,
      cancelable: false,
      timeStamp: 632.648958
    }".

      271 |
      272 |             this.ws!.onerror = (error) => {
    > 273 |                 console.error("WebSocket error:", error);
          |                         ^
      274 |                 this.isConnected = false;
      275 |                 this.emit("error", error);
      276 |             };

      at console.error (../../node_modules/@jest/console/build/BufferedConsole.js:127:10)
      at WebSocket.ws.onerror (src/websocket.ts:273:25)


  ●  Cannot log after tests are done. Did you forget to wait for something async in your test?
    Attempted to log "WebSocket error: ErrorEvent {
      type: 'error',
      defaultPrevented: false,
      cancelable: false,
      timeStamp: 632.981083
    }".

      271 |
      272 |             this.ws!.onerror = (error) => {
    > 273 |                 console.error("WebSocket error:", error);
          |                         ^
      274 |                 this.isConnected = false;
      275 |                 this.emit("error", error);
      276 |             };

      at console.error (../../node_modules/@jest/console/build/BufferedConsole.js:127:10)
      at WebSocket.ws.onerror (src/websocket.ts:273:25)


  ●  Cannot log after tests are done. Did you forget to wait for something async in your test?
    Attempted to log "WebSocket error: ErrorEvent {
      type: 'error',
      defaultPrevented: false,
      cancelable: false,
      timeStamp: 633.457
    }".

      271 |
      272 |             this.ws!.onerror = (error) => {
    > 273 |                 console.error("WebSocket error:", error);
          |                         ^
      274 |                 this.isConnected = false;
      275 |                 this.emit("error", error);
      276 |             };

      at console.error (../../node_modules/@jest/console/build/BufferedConsole.js:127:10)
      at WebSocket.ws.onerror (src/websocket.ts:273:25)


  ●  Cannot log after tests are done. Did you forget to wait for something async in your test?
    Attempted to log "WebSocket error: ErrorEvent {
      type: 'error',
      defaultPrevented: false,
      cancelable: false,
      timeStamp: 633.9305
    }".

      271 |
      272 |             this.ws!.onerror = (error) => {
    > 273 |                 console.error("WebSocket error:", error);
          |                         ^
      274 |                 this.isConnected = false;
      275 |                 this.emit("error", error);
      276 |             };

      at console.error (../../node_modules/@jest/console/build/BufferedConsole.js:127:10)
      at WebSocket.ws.onerror (src/websocket.ts:273:25)

PASS test/transport.test.ts
PASS test/storage.test.ts
PASS test/query_builder.test.ts
PASS test/collection.test.ts
PASS test/admin.test.ts

Test Suites: 1 failed, 8 passed, 9 total
Tests:       1 failed, 446 passed, 447 total
Snapshots:   0 total
Time:        0.583 s, estimated 1 s
Ran all test suites.
Force exiting Jest: Have you considered using `--detectOpenHandles` to detect async operations that kept running after all tests finished?
/Users/francesco/rebase/packages/client:
 ERR_PNPM_RECURSIVE_RUN_FIRST_FAIL  @rebasepro/client@0.0.1 test: `jest --passWithNoTests --forceExit`
Exit status 1
