
> @rebasepro/common@0.0.1 test /Users/francesco/rebase/packages/common
> jest --passWithNoTests

FAIL test/navigation_from_path.test.ts
  ● getNavigationEntriesFromPath › resolves nested subcollection path

    expect(received).toHaveLength(expected)

    Expected length: 3
    Received length: 2
    Received array:  [{"collection": {"driver": "firestore", "name": "Products", "properties": {}, "slug": "products", "subcollections": [Function subcollections], "table": "products"}, "id": "products", "path": "products", "slug": "products", "type": "collection"}, {"entityId": "123", "parentCollection": {"driver": "firestore", "name": "Products", "properties": {}, "slug": "products", "subcollections": [Function subcollections], "table": "products"}, "path": "products/123", "slug": "products", "type": "entity"}]

      56 |             collections,
      57 |         });
    > 58 |         expect(result).toHaveLength(3);
         |                        ^
      59 |         expect(result[0].type).toBe("collection");
      60 |         expect(result[1].type).toBe("entity");
      61 |         expect(result[2].type).toBe("collection");

      at Object.<anonymous> (test/navigation_from_path.test.ts:58:24)

FAIL test/resolutions.test.ts
  ● getSubcollections › returns subcollections from subcollections function

    expect(received).toHaveLength(expected)

    Expected length: 1
    Received length: 0
    Received array:  []

      119 |         } as any;
      120 |         const result = getSubcollections(collection);
    > 121 |         expect(result).toHaveLength(1);
          |                        ^
      122 |         expect(result[0].name).toBe("Comments");
      123 |     });
      124 |

      at Object.<anonymous> (test/resolutions.test.ts:121:24)

  ● getSubcollections › includes many-cardinality relations as subcollections

    expect(received).toHaveLength(expected)

    Expected length: 1
    Received length: 0
    Received array:  []

      156 |         };
      157 |         const result = getSubcollections(collection);
    > 158 |         expect(result).toHaveLength(1);
          |                        ^
      159 |         expect(result[0].name).toBe("Tags");
      160 |     });
      161 | });

      at Object.<anonymous> (test/resolutions.test.ts:158:24)

PASS test/collection_registry.test.ts
PASS src/util/permissions.test.ts
PASS test/entities.test.ts
PASS test/permissions.test.ts
PASS test/relations.test.ts
PASS test/storage.test.ts
  ● Console

    console.warn
      Storage callback returned empty result. Using default name value

      37 |         });
      38 |         if (!result)
    > 39 |             console.warn("Storage callback returned empty result. Using default name value")
         |                     ^
      40 |     } else {
      41 |         result = replacePlaceholders({
      42 |             file,

      at resolveStorageFilenameString (src/util/storage.ts:39:21)
      at Object.<anonymous> (test/storage.test.ts:136:28)

PASS test/conditions.test.ts
PASS test/buildRebaseData.test.ts
PASS test/navigation_utils.test.ts
PASS test/enums.test.ts
PASS test/paths.test.ts

Test Suites: 2 failed, 11 passed, 13 total
Tests:       3 failed, 242 passed, 245 total
Snapshots:   0 total
Time:        0.465 s, estimated 1 s
Ran all test suites.
 ELIFECYCLE  Test failed. See above for more details.
