
> rebase-app-backend@0.0.1-canary.4d4fb3e build
> tsc

../../packages/common/src/collections/CollectionRegistry.ts(18,44): error TS7016: Could not find a declaration file for module '@rebasepro/utils'. '/Users/francesco/rebase/packages/utils/dist/index.umd.js' implicitly has an 'any' type.
  Try `npm i --save-dev @types/rebasepro__utils` if it exists or add a new declaration (.d.ts) file containing `declare module '@rebasepro/utils';`
../../packages/common/src/data/buildRebaseData.ts(13,29): error TS7016: Could not find a declaration file for module '@rebasepro/utils'. '/Users/francesco/rebase/packages/utils/dist/index.umd.js' implicitly has an 'any' type.
  Try `npm i --save-dev @types/rebasepro__utils` if it exists or add a new declaration (.d.ts) file containing `declare module '@rebasepro/utils';`
../../packages/common/src/util/entities.ts(12,27): error TS7016: Could not find a declaration file for module '@rebasepro/utils'. '/Users/francesco/rebase/packages/utils/dist/index.umd.js' implicitly has an 'any' type.
  Try `npm i --save-dev @types/rebasepro__utils` if it exists or add a new declaration (.d.ts) file containing `declare module '@rebasepro/utils';`
../../packages/common/src/util/relations.ts(2,29): error TS7016: Could not find a declaration file for module '@rebasepro/utils'. '/Users/francesco/rebase/packages/utils/dist/index.umd.js' implicitly has an 'any' type.
  Try `npm i --save-dev @types/rebasepro__utils` if it exists or add a new declaration (.d.ts) file containing `declare module '@rebasepro/utils';`
../../packages/common/src/util/relations.ts(3,40): error TS7016: Could not find a declaration file for module '@rebasepro/utils'. '/Users/francesco/rebase/packages/utils/dist/index.umd.js' implicitly has an 'any' type.
  Try `npm i --save-dev @types/rebasepro__utils` if it exists or add a new declaration (.d.ts) file containing `declare module '@rebasepro/utils';`
../../packages/common/src/util/resolutions.ts(21,40): error TS7016: Could not find a declaration file for module '@rebasepro/utils'. '/Users/francesco/rebase/packages/utils/dist/index.umd.js' implicitly has an 'any' type.
  Try `npm i --save-dev @types/rebasepro__utils` if it exists or add a new declaration (.d.ts) file containing `declare module '@rebasepro/utils';`
../../packages/common/src/util/resolutions.ts(22,34): error TS7016: Could not find a declaration file for module '@rebasepro/utils'. '/Users/francesco/rebase/packages/utils/dist/index.umd.js' implicitly has an 'any' type.
  Try `npm i --save-dev @types/rebasepro__utils` if it exists or add a new declaration (.d.ts) file containing `declare module '@rebasepro/utils';`
../../packages/common/src/util/storage.ts(2,30): error TS7016: Could not find a declaration file for module '@rebasepro/utils'. '/Users/francesco/rebase/packages/utils/dist/index.umd.js' implicitly has an 'any' type.
  Try `npm i --save-dev @types/rebasepro__utils` if it exists or add a new declaration (.d.ts) file containing `declare module '@rebasepro/utils';`
../../packages/server-postgresql/src/PostgresBackendDriver.ts(35,27): error TS7016: Could not find a declaration file for module '@rebasepro/utils'. '/Users/francesco/rebase/packages/utils/dist/index.umd.js' implicitly has an 'any' type.
  Try `npm i --save-dev @types/rebasepro__utils` if it exists or add a new declaration (.d.ts) file containing `declare module '@rebasepro/utils';`
../../packages/server-postgresql/src/schema/generate-drizzle-schema-logic.ts(4,29): error TS7016: Could not find a declaration file for module '@rebasepro/utils'. '/Users/francesco/rebase/packages/utils/dist/index.umd.js' implicitly has an 'any' type.
  Try `npm i --save-dev @types/rebasepro__utils` if it exists or add a new declaration (.d.ts) file containing `declare module '@rebasepro/utils';`
npm error Lifecycle script `build` failed with error:
npm error code 2
npm error path /Users/francesco/rebase/app/backend
npm error workspace rebase-app-backend@0.0.1-canary.4d4fb3e
npm error location /Users/francesco/rebase/app/backend
npm error command failed
npm error command sh -c tsc
