src/App.tsx(6,10): error TS2305: Module '"@rebasepro/core"' has no exported member 'Authenticator'.
src/App.tsx(25,88): error TS7031: Binding element 'user' implicitly has an 'any' type.
src/App.tsx(26,88): error TS7031: Binding element 'authController' implicitly has an 'any' type.
src/collections/demo.tsx(1,48): error TS2307: Cannot find module '@firecms/core' or its corresponding type declarations.
src/collections/demo.tsx(27,19): error TS7031: Binding element 'values' implicitly has an 'any' type.
vite.config.ts(21,9): error TS2769: No overload matches this call.
  The last overload gave the following error.
    Type 'Plugin<any>[]' is not assignable to type 'PluginOption'.
      Type 'Plugin<any>[]' is not assignable to type 'PluginOption[]'.
        Type 'Plugin<any>' is not assignable to type 'PluginOption'.
          Type 'import("/Users/francesco/rebase/node_modules/@vitejs/plugin-react/node_modules/vite/dist/node/index").Plugin<any>' is not assignable to type 'import("/Users/francesco/rebase/node_modules/vite/dist/node/index").Plugin<any>'.
            Types of property 'apply' are incompatible.
              Type '"build" | "serve" | ((this: void, config: import("/Users/francesco/rebase/node_modules/@vitejs/plugin-react/node_modules/vite/dist/node/index").UserConfig, env: import("/Users/francesco/rebase/node_modules/@vitejs/plugin-react/node_modules/vite/dist/node/index").ConfigEnv) => boolean) | undefined' is not assignable to type '"build" | "serve" | ((this: void, config: import("/Users/francesco/rebase/node_modules/vite/dist/node/index").UserConfig, env: import("/Users/francesco/rebase/node_modules/vite/dist/node/index").ConfigEnv) => boolean) | undefined'.
                Type '(this: void, config: UserConfig, env: ConfigEnv) => boolean' is not assignable to type '"build" | "serve" | ((this: void, config: UserConfig, env: ConfigEnv) => boolean) | undefined'.
                  Type '(this: void, config: import("/Users/francesco/rebase/node_modules/@vitejs/plugin-react/node_modules/vite/dist/node/index").UserConfig, env: import("/Users/francesco/rebase/node_modules/@vitejs/plugin-react/node_modules/vite/dist/node/index").ConfigEnv) => boolean' is not assignable to type '(this: void, config: import("/Users/francesco/rebase/node_modules/vite/dist/node/index").UserConfig, env: import("/Users/francesco/rebase/node_modules/vite/dist/node/index").ConfigEnv) => boolean'.
                    Types of parameters 'config' and 'config' are incompatible.
                      Type 'import("/Users/francesco/rebase/node_modules/vite/dist/node/index").UserConfig' is not assignable to type 'import("/Users/francesco/rebase/node_modules/@vitejs/plugin-react/node_modules/vite/dist/node/index").UserConfig'.
                        Types of property 'plugins' are incompatible.
                          Type 'import("/Users/francesco/rebase/node_modules/vite/dist/node/index").PluginOption[] | undefined' is not assignable to type 'import("/Users/francesco/rebase/node_modules/@vitejs/plugin-react/node_modules/vite/dist/node/index").PluginOption[] | undefined'.
                            Type 'import("/Users/francesco/rebase/node_modules/vite/dist/node/index").PluginOption[]' is not assignable to type 'import("/Users/francesco/rebase/node_modules/@vitejs/plugin-react/node_modules/vite/dist/node/index").PluginOption[]'.
                              Type 'import("/Users/francesco/rebase/node_modules/vite/dist/node/index").PluginOption' is not assignable to type 'import("/Users/francesco/rebase/node_modules/@vitejs/plugin-react/node_modules/vite/dist/node/index").PluginOption'.
                                Type 'Plugin<any>' is not assignable to type 'PluginOption'.
                                  Type 'import("/Users/francesco/rebase/node_modules/vite/dist/node/index").Plugin<any>' is not assignable to type 'import("/Users/francesco/rebase/node_modules/@vitejs/plugin-react/node_modules/vite/dist/node/index").Plugin<any>'.
                                    Types of property 'apply' are incompatible.
                                      Type '"build" | "serve" | ((this: void, config: import("/Users/francesco/rebase/node_modules/vite/dist/node/index").UserConfig, env: import("/Users/francesco/rebase/node_modules/vite/dist/node/index").ConfigEnv) => boolean) | undefined' is not assignable to type '"build" | "serve" | ((this: void, config: import("/Users/francesco/rebase/node_modules/@vitejs/plugin-react/node_modules/vite/dist/node/index").UserConfig, env: import("/Users/francesco/rebase/node_modules/@vitejs/plugin-react/node_modules/vite/dist/node/index").ConfigEnv) => boolean) | undefined'.
                                        Type '(this: void, config: UserConfig, env: ConfigEnv) => boolean' is not assignable to type '"build" | "serve" | ((this: void, config: UserConfig, env: ConfigEnv) => boolean) | undefined'.
                                          Type '(this: void, config: import("/Users/francesco/rebase/node_modules/vite/dist/node/index").UserConfig, env: import("/Users/francesco/rebase/node_modules/vite/dist/node/index").ConfigEnv) => boolean' is not assignable to type '(this: void, config: import("/Users/francesco/rebase/node_modules/@vitejs/plugin-react/node_modules/vite/dist/node/index").UserConfig, env: import("/Users/francesco/rebase/node_modules/@vitejs/plugin-react/node_modules/vite/dist/node/index").ConfigEnv) => boolean'.
                                            Types of parameters 'config' and 'config' are incompatible.
                                              Type 'import("/Users/francesco/rebase/node_modules/@vitejs/plugin-react/node_modules/vite/dist/node/index").UserConfig' is not assignable to type 'import("/Users/francesco/rebase/node_modules/vite/dist/node/index").UserConfig'.
                                                Types of property 'plugins' are incompatible.
                                                  Type 'import("/Users/francesco/rebase/node_modules/@vitejs/plugin-react/node_modules/vite/dist/node/index").PluginOption[] | undefined' is not assignable to type 'import("/Users/francesco/rebase/node_modules/vite/dist/node/index").PluginOption[] | undefined'.
                                                    Type 'import("/Users/francesco/rebase/node_modules/@vitejs/plugin-react/node_modules/vite/dist/node/index").PluginOption[]' is not assignable to type 'import("/Users/francesco/rebase/node_modules/vite/dist/node/index").PluginOption[]'.
                                                      Type 'import("/Users/francesco/rebase/node_modules/@vitejs/plugin-react/node_modules/vite/dist/node/index").PluginOption' is not assignable to type 'import("/Users/francesco/rebase/node_modules/vite/dist/node/index").PluginOption'.
                                                        Type 'Promise<false | Plugin<any> | PluginOption[] | null | undefined>' is not assignable to type 'PluginOption'.
                                                          Type 'Promise<false | Plugin<any> | PluginOption[] | null | undefined>' is not assignable to type 'Promise<Plugin<any> | FalsyPlugin | PluginOption[]>'.
                                                            Type 'false | Plugin<any> | PluginOption[] | null | undefined' is not assignable to type 'Plugin<any> | FalsyPlugin | PluginOption[]'.
                                                              Type 'Plugin<any>' is not assignable to type 'Plugin<any> | FalsyPlugin | PluginOption[]'.
                                                                Type 'Plugin<any>[]' is not assignable to type 'PluginOption'.
                                                                  Type 'Plugin<any>[]' is not assignable to type 'PluginOption[]'.
                                                                    Type 'Plugin<any>' is not assignable to type 'PluginOption'.
                                                                      Type 'import("/Users/francesco/rebase/node_modules/@vitejs/plugin-react/node_modules/vite/dist/node/index").Plugin<any>' is not assignable to type 'import("/Users/francesco/rebase/node_modules/vite/dist/node/index").Plugin<any>'.
                                                                        Types of property 'apply' are incompatible.
                                                                          Type '"build" | "serve" | ((this: void, config: import("/Users/francesco/rebase/node_modules/@vitejs/plugin-react/node_modules/vite/dist/node/index").UserConfig, env: import("/Users/francesco/rebase/node_modules/@vitejs/plugin-react/node_modules/vite/dist/node/index").ConfigEnv) => boolean) | undefined' is not assignable to type '"build" | "serve" | ((this: void, config: import("/Users/francesco/rebase/node_modules/vite/dist/node/index").UserConfig, env: import("/Users/francesco/rebase/node_modules/vite/dist/node/index").ConfigEnv) => boolean) | undefined'.
                                                                            Type '(this: void, config: UserConfig, env: ConfigEnv) => boolean' is not assignable to type '"build" | "serve" | ((this: void, config: UserConfig, env: ConfigEnv) => boolean) | undefined'.
                                                                              Type '(this: void, config: import("/Users/francesco/rebase/node_modules/@vitejs/plugin-react/node_modules/vite/dist/node/index").UserConfig, env: import("/Users/francesco/rebase/node_modules/@vitejs/plugin-react/node_modules/vite/dist/node/index").ConfigEnv) => boolean' is not assignable to type '(this: void, config: import("/Users/francesco/rebase/node_modules/vite/dist/node/index").UserConfig, env: import("/Users/francesco/rebase/node_modules/vite/dist/node/index").ConfigEnv) => boolean'.
                                                                                Types of parameters 'config' and 'config' are incompatible.
                                                                                  Type 'import("/Users/francesco/rebase/node_modules/vite/dist/node/index").UserConfig' is not assignable to type 'import("/Users/francesco/rebase/node_modules/@vitejs/plugin-react/node_modules/vite/dist/node/index").UserConfig'.
                                                                                    Types of property 'plugins' are incompatible.
                                                                                      Type 'import("/Users/francesco/rebase/node_modules/vite/dist/node/index").PluginOption[] | undefined' is not assignable to type 'import("/Users/francesco/rebase/node_modules/@vitejs/plugin-react/node_modules/vite/dist/node/index").PluginOption[] | undefined'.
                                                                                        Type 'import("/Users/francesco/rebase/node_modules/vite/dist/node/index").PluginOption[]' is not assignable to type 'import("/Users/francesco/rebase/node_modules/@vitejs/plugin-react/node_modules/vite/dist/node/index").PluginOption[]'.
                                                                                          Type 'import("/Users/francesco/rebase/node_modules/vite/dist/node/index").PluginOption' is not assignable to type 'import("/Users/francesco/rebase/node_modules/@vitejs/plugin-react/node_modules/vite/dist/node/index").PluginOption'.
                                                                                            Type 'Plugin<any>' is not assignable to type 'PluginOption'.
                                                                                              Type 'import("/Users/francesco/rebase/node_modules/vite/dist/node/index").Plugin<any>' is not assignable to type 'import("/Users/francesco/rebase/node_modules/@vitejs/plugin-react/node_modules/vite/dist/node/index").Plugin<any>'.
                                                                                                Types of property 'apply' are incompatible.
                                                                                                  Type '"build" | "serve" | ((this: void, config: import("/Users/francesco/rebase/node_modules/vite/dist/node/index").UserConfig, env: import("/Users/francesco/rebase/node_modules/vite/dist/node/index").ConfigEnv) => boolean) | undefined' is not assignable to type '"build" | "serve" | ((this: void, config: import("/Users/francesco/rebase/node_modules/@vitejs/plugin-react/node_modules/vite/dist/node/index").UserConfig, env: import("/Users/francesco/rebase/node_modules/@vitejs/plugin-react/node_modules/vite/dist/node/index").ConfigEnv) => boolean) | undefined'.
                                                                                                    Type '(this: void, config: UserConfig, env: ConfigEnv) => boolean' is not assignable to type '"build" | "serve" | ((this: void, config: UserConfig, env: ConfigEnv) => boolean) | undefined'.
                                                                                                      Type '(this: void, config: import("/Users/francesco/rebase/node_modules/vite/dist/node/index").UserConfig, env: import("/Users/francesco/rebase/node_modules/vite/dist/node/index").ConfigEnv) => boolean' is not assignable to type '(this: void, config: import("/Users/francesco/rebase/node_modules/@vitejs/plugin-react/node_modules/vite/dist/node/index").UserConfig, env: import("/Users/francesco/rebase/node_modules/@vitejs/plugin-react/node_modules/vite/dist/node/index").ConfigEnv) => boolean'.
                                                                                                        Types of parameters 'config' and 'config' are incompatible.
                                                                                                          Type 'import("/Users/francesco/rebase/node_modules/@vitejs/plugin-react/node_modules/vite/dist/node/index").UserConfig' is not assignable to type 'import("/Users/francesco/rebase/node_modules/vite/dist/node/index").UserConfig'.
                                                                                                            Types of property 'plugins' are incompatible.
                                                                                                              Type 'import("/Users/francesco/rebase/node_modules/@vitejs/plugin-react/node_modules/vite/dist/node/index").PluginOption[] | undefined' is not assignable to type 'import("/Users/francesco/rebase/node_modules/vite/dist/node/index").PluginOption[] | undefined'.
                                                                                                                Type 'import("/Users/francesco/rebase/node_modules/@vitejs/plugin-react/node_modules/vite/dist/node/index").PluginOption[]' is not assignable to type 'import("/Users/francesco/rebase/node_modules/vite/dist/node/index").PluginOption[]'.
                                                                                                                  Type 'import("/Users/francesco/rebase/node_modules/@vitejs/plugin-react/node_modules/vite/dist/node/index").PluginOption' is not assignable to type 'import("/Users/francesco/rebase/node_modules/vite/dist/node/index").PluginOption'.
                                                                                                                    Type 'Promise<false | Plugin<any> | PluginOption[] | null | undefined>' is not assignable to type 'PluginOption'.
                                                                                                                      Type 'Promise<false | Plugin<any> | PluginOption[] | null | undefined>' is not assignable to type 'Promise<Plugin<any> | FalsyPlugin | PluginOption[]>'.
                                                                                                                        Type 'false | Plugin<any> | PluginOption[] | null | undefined' is not assignable to type 'Plugin<any> | FalsyPlugin | PluginOption[]'.
                                                                                                                          Type 'Plugin<any>' is not assignable to type 'Plugin<any> | FalsyPlugin | PluginOption[]'.
vite.config.ts(22,9): error TS2769: No overload matches this call.
  The last overload gave the following error.
    Type 'Plugin<any>[]' is not assignable to type 'PluginOption'.
      Type 'Plugin<any>[]' is not assignable to type 'PluginOption[]'.
        Type 'Plugin<any>' is not assignable to type 'PluginOption'.
          Type 'import("/Users/francesco/rebase/node_modules/@vitejs/plugin-react/node_modules/vite/dist/node/index").Plugin<any>' is not assignable to type 'import("/Users/francesco/rebase/node_modules/vite/dist/node/index").Plugin<any>'.
            Types of property 'apply' are incompatible.
              Type '"build" | "serve" | ((this: void, config: import("/Users/francesco/rebase/node_modules/@vitejs/plugin-react/node_modules/vite/dist/node/index").UserConfig, env: import("/Users/francesco/rebase/node_modules/@vitejs/plugin-react/node_modules/vite/dist/node/index").ConfigEnv) => boolean) | undefined' is not assignable to type '"build" | "serve" | ((this: void, config: import("/Users/francesco/rebase/node_modules/vite/dist/node/index").UserConfig, env: import("/Users/francesco/rebase/node_modules/vite/dist/node/index").ConfigEnv) => boolean) | undefined'.
                Type '(this: void, config: UserConfig, env: ConfigEnv) => boolean' is not assignable to type '"build" | "serve" | ((this: void, config: UserConfig, env: ConfigEnv) => boolean) | undefined'.
                  Type '(this: void, config: import("/Users/francesco/rebase/node_modules/@vitejs/plugin-react/node_modules/vite/dist/node/index").UserConfig, env: import("/Users/francesco/rebase/node_modules/@vitejs/plugin-react/node_modules/vite/dist/node/index").ConfigEnv) => boolean' is not assignable to type '(this: void, config: import("/Users/francesco/rebase/node_modules/vite/dist/node/index").UserConfig, env: import("/Users/francesco/rebase/node_modules/vite/dist/node/index").ConfigEnv) => boolean'.
                    Types of parameters 'config' and 'config' are incompatible.
                      Type 'import("/Users/francesco/rebase/node_modules/vite/dist/node/index").UserConfig' is not assignable to type 'import("/Users/francesco/rebase/node_modules/@vitejs/plugin-react/node_modules/vite/dist/node/index").UserConfig'.
                        Types of property 'plugins' are incompatible.
                          Type 'import("/Users/francesco/rebase/node_modules/vite/dist/node/index").PluginOption[] | undefined' is not assignable to type 'import("/Users/francesco/rebase/node_modules/@vitejs/plugin-react/node_modules/vite/dist/node/index").PluginOption[] | undefined'.
                            Type 'import("/Users/francesco/rebase/node_modules/vite/dist/node/index").PluginOption[]' is not assignable to type 'import("/Users/francesco/rebase/node_modules/@vitejs/plugin-react/node_modules/vite/dist/node/index").PluginOption[]'.
                              Type 'import("/Users/francesco/rebase/node_modules/vite/dist/node/index").PluginOption' is not assignable to type 'import("/Users/francesco/rebase/node_modules/@vitejs/plugin-react/node_modules/vite/dist/node/index").PluginOption'.
                                Type 'Plugin<any>' is not assignable to type 'PluginOption'.
                                  Type 'import("/Users/francesco/rebase/node_modules/vite/dist/node/index").Plugin<any>' is not assignable to type 'import("/Users/francesco/rebase/node_modules/@vitejs/plugin-react/node_modules/vite/dist/node/index").Plugin<any>'.
                                    Types of property 'apply' are incompatible.
                                      Type '"build" | "serve" | ((this: void, config: import("/Users/francesco/rebase/node_modules/vite/dist/node/index").UserConfig, env: import("/Users/francesco/rebase/node_modules/vite/dist/node/index").ConfigEnv) => boolean) | undefined' is not assignable to type '"build" | "serve" | ((this: void, config: import("/Users/francesco/rebase/node_modules/@vitejs/plugin-react/node_modules/vite/dist/node/index").UserConfig, env: import("/Users/francesco/rebase/node_modules/@vitejs/plugin-react/node_modules/vite/dist/node/index").ConfigEnv) => boolean) | undefined'.
                                        Type '(this: void, config: UserConfig, env: ConfigEnv) => boolean' is not assignable to type '"build" | "serve" | ((this: void, config: UserConfig, env: ConfigEnv) => boolean) | undefined'.
                                          Type '(this: void, config: import("/Users/francesco/rebase/node_modules/vite/dist/node/index").UserConfig, env: import("/Users/francesco/rebase/node_modules/vite/dist/node/index").ConfigEnv) => boolean' is not assignable to type '(this: void, config: import("/Users/francesco/rebase/node_modules/@vitejs/plugin-react/node_modules/vite/dist/node/index").UserConfig, env: import("/Users/francesco/rebase/node_modules/@vitejs/plugin-react/node_modules/vite/dist/node/index").ConfigEnv) => boolean'.
                                            Types of parameters 'config' and 'config' are incompatible.
                                              Type 'import("/Users/francesco/rebase/node_modules/@vitejs/plugin-react/node_modules/vite/dist/node/index").UserConfig' is not assignable to type 'import("/Users/francesco/rebase/node_modules/vite/dist/node/index").UserConfig'.
                                                Types of property 'plugins' are incompatible.
                                                  Type 'import("/Users/francesco/rebase/node_modules/@vitejs/plugin-react/node_modules/vite/dist/node/index").PluginOption[] | undefined' is not assignable to type 'import("/Users/francesco/rebase/node_modules/vite/dist/node/index").PluginOption[] | undefined'.
                                                    Type 'import("/Users/francesco/rebase/node_modules/@vitejs/plugin-react/node_modules/vite/dist/node/index").PluginOption[]' is not assignable to type 'import("/Users/francesco/rebase/node_modules/vite/dist/node/index").PluginOption[]'.
                                                      Type 'import("/Users/francesco/rebase/node_modules/@vitejs/plugin-react/node_modules/vite/dist/node/index").PluginOption' is not assignable to type 'import("/Users/francesco/rebase/node_modules/vite/dist/node/index").PluginOption'.
                                                        Type 'Promise<false | Plugin<any> | PluginOption[] | null | undefined>' is not assignable to type 'PluginOption'.
                                                          Type 'Promise<false | Plugin<any> | PluginOption[] | null | undefined>' is not assignable to type 'Promise<Plugin<any> | FalsyPlugin | PluginOption[]>'.
                                                            Type 'false | Plugin<any> | PluginOption[] | null | undefined' is not assignable to type 'Plugin<any> | FalsyPlugin | PluginOption[]'.
                                                              Type 'Plugin<any>' is not assignable to type 'Plugin<any> | FalsyPlugin | PluginOption[]'.
                                                                Type 'Plugin<any>[]' is not assignable to type 'PluginOption'.
                                                                  Type 'Plugin<any>[]' is not assignable to type 'PluginOption[]'.
                                                                    Type 'Plugin<any>' is not assignable to type 'PluginOption'.
                                                                      Type 'import("/Users/francesco/rebase/node_modules/@vitejs/plugin-react/node_modules/vite/dist/node/index").Plugin<any>' is not assignable to type 'import("/Users/francesco/rebase/node_modules/vite/dist/node/index").Plugin<any>'.
                                                                        Types of property 'apply' are incompatible.
                                                                          Type '"build" | "serve" | ((this: void, config: import("/Users/francesco/rebase/node_modules/@vitejs/plugin-react/node_modules/vite/dist/node/index").UserConfig, env: import("/Users/francesco/rebase/node_modules/@vitejs/plugin-react/node_modules/vite/dist/node/index").ConfigEnv) => boolean) | undefined' is not assignable to type '"build" | "serve" | ((this: void, config: import("/Users/francesco/rebase/node_modules/vite/dist/node/index").UserConfig, env: import("/Users/francesco/rebase/node_modules/vite/dist/node/index").ConfigEnv) => boolean) | undefined'.
                                                                            Type '(this: void, config: UserConfig, env: ConfigEnv) => boolean' is not assignable to type '"build" | "serve" | ((this: void, config: UserConfig, env: ConfigEnv) => boolean) | undefined'.
                                                                              Type '(this: void, config: import("/Users/francesco/rebase/node_modules/@vitejs/plugin-react/node_modules/vite/dist/node/index").UserConfig, env: import("/Users/francesco/rebase/node_modules/@vitejs/plugin-react/node_modules/vite/dist/node/index").ConfigEnv) => boolean' is not assignable to type '(this: void, config: import("/Users/francesco/rebase/node_modules/vite/dist/node/index").UserConfig, env: import("/Users/francesco/rebase/node_modules/vite/dist/node/index").ConfigEnv) => boolean'.
                                                                                Types of parameters 'config' and 'config' are incompatible.
                                                                                  Type 'import("/Users/francesco/rebase/node_modules/vite/dist/node/index").UserConfig' is not assignable to type 'import("/Users/francesco/rebase/node_modules/@vitejs/plugin-react/node_modules/vite/dist/node/index").UserConfig'.
                                                                                    Types of property 'plugins' are incompatible.
                                                                                      Type 'import("/Users/francesco/rebase/node_modules/vite/dist/node/index").PluginOption[] | undefined' is not assignable to type 'import("/Users/francesco/rebase/node_modules/@vitejs/plugin-react/node_modules/vite/dist/node/index").PluginOption[] | undefined'.
                                                                                        Type 'import("/Users/francesco/rebase/node_modules/vite/dist/node/index").PluginOption[]' is not assignable to type 'import("/Users/francesco/rebase/node_modules/@vitejs/plugin-react/node_modules/vite/dist/node/index").PluginOption[]'.
                                                                                          Type 'import("/Users/francesco/rebase/node_modules/vite/dist/node/index").PluginOption' is not assignable to type 'import("/Users/francesco/rebase/node_modules/@vitejs/plugin-react/node_modules/vite/dist/node/index").PluginOption'.
                                                                                            Type 'Plugin<any>' is not assignable to type 'PluginOption'.
                                                                                              Type 'import("/Users/francesco/rebase/node_modules/vite/dist/node/index").Plugin<any>' is not assignable to type 'import("/Users/francesco/rebase/node_modules/@vitejs/plugin-react/node_modules/vite/dist/node/index").Plugin<any>'.
                                                                                                Types of property 'apply' are incompatible.
                                                                                                  Type '"build" | "serve" | ((this: void, config: import("/Users/francesco/rebase/node_modules/vite/dist/node/index").UserConfig, env: import("/Users/francesco/rebase/node_modules/vite/dist/node/index").ConfigEnv) => boolean) | undefined' is not assignable to type '"build" | "serve" | ((this: void, config: import("/Users/francesco/rebase/node_modules/@vitejs/plugin-react/node_modules/vite/dist/node/index").UserConfig, env: import("/Users/francesco/rebase/node_modules/@vitejs/plugin-react/node_modules/vite/dist/node/index").ConfigEnv) => boolean) | undefined'.
                                                                                                    Type '(this: void, config: UserConfig, env: ConfigEnv) => boolean' is not assignable to type '"build" | "serve" | ((this: void, config: UserConfig, env: ConfigEnv) => boolean) | undefined'.
                                                                                                      Type '(this: void, config: import("/Users/francesco/rebase/node_modules/vite/dist/node/index").UserConfig, env: import("/Users/francesco/rebase/node_modules/vite/dist/node/index").ConfigEnv) => boolean' is not assignable to type '(this: void, config: import("/Users/francesco/rebase/node_modules/@vitejs/plugin-react/node_modules/vite/dist/node/index").UserConfig, env: import("/Users/francesco/rebase/node_modules/@vitejs/plugin-react/node_modules/vite/dist/node/index").ConfigEnv) => boolean'.
                                                                                                        Types of parameters 'config' and 'config' are incompatible.
                                                                                                          Type 'import("/Users/francesco/rebase/node_modules/@vitejs/plugin-react/node_modules/vite/dist/node/index").UserConfig' is not assignable to type 'import("/Users/francesco/rebase/node_modules/vite/dist/node/index").UserConfig'.
                                                                                                            Types of property 'plugins' are incompatible.
                                                                                                              Type 'import("/Users/francesco/rebase/node_modules/@vitejs/plugin-react/node_modules/vite/dist/node/index").PluginOption[] | undefined' is not assignable to type 'import("/Users/francesco/rebase/node_modules/vite/dist/node/index").PluginOption[] | undefined'.
                                                                                                                Type 'import("/Users/francesco/rebase/node_modules/@vitejs/plugin-react/node_modules/vite/dist/node/index").PluginOption[]' is not assignable to type 'import("/Users/francesco/rebase/node_modules/vite/dist/node/index").PluginOption[]'.
                                                                                                                  Type 'import("/Users/francesco/rebase/node_modules/@vitejs/plugin-react/node_modules/vite/dist/node/index").PluginOption' is not assignable to type 'import("/Users/francesco/rebase/node_modules/vite/dist/node/index").PluginOption'.
                                                                                                                    Type 'Promise<false | Plugin<any> | PluginOption[] | null | undefined>' is not assignable to type 'PluginOption'.
                                                                                                                      Type 'Promise<false | Plugin<any> | PluginOption[] | null | undefined>' is not assignable to type 'Promise<Plugin<any> | FalsyPlugin | PluginOption[]>'.
                                                                                                                        Type 'false | Plugin<any> | PluginOption[] | null | undefined' is not assignable to type 'Plugin<any> | FalsyPlugin | PluginOption[]'.
                                                                                                                          Type 'Plugin<any>' is not assignable to type 'Plugin<any> | FalsyPlugin | PluginOption[]'.
