[recordHistory: posts/1 - update]
CHANGED FIELDS: null
PREVIOUS: {
  "title": "same"
}
NEW:      {
  "title": "same"
}

[recordHistory: posts/1 - update]
CHANGED FIELDS: ["title","tags"]
PREVIOUS: {
  "title": "old",
  "tags": [
    {
      "id": 1
    }
  ]
}
NEW:      {
  "title": "new",
  "tags": [
    {
      "id": 2
    }
  ]
}

[recordHistory: posts/1 - create]
CHANGED FIELDS: null
PREVIOUS: undefined
NEW:      {
  "title": "new"
}

[recordHistory: posts/1 - update]
CHANGED FIELDS: null
PREVIOUS: {
  "title": "same"
}
NEW:      {
  "title": "same"
}

[recordHistory: posts/1 - update]
CHANGED FIELDS: ["title","tags"]
PREVIOUS: {
  "title": "old",
  "tags": [
    {
      "id": 1
    }
  ]
}
NEW:      {
  "title": "new",
  "tags": [
    {
      "id": 2
    }
  ]
}

[recordHistory: posts/1 - create]
CHANGED FIELDS: null
PREVIOUS: undefined
NEW:      {
  "title": "new"
}

[recordHistory: posts/1 - update]
CHANGED FIELDS: null
PREVIOUS: {
  "title": "same"
}
NEW:      {
  "title": "same"
}

[recordHistory: posts/1 - update]
CHANGED FIELDS: ["title","tags"]
PREVIOUS: {
  "title": "old",
  "tags": [
    {
      "id": 1
    }
  ]
}
NEW:      {
  "title": "new",
  "tags": [
    {
      "id": 2
    }
  ]
}

[recordHistory: posts/1 - create]
CHANGED FIELDS: null
PREVIOUS: undefined
NEW:      {
  "title": "new"
}

[recordHistory: posts/1 - update]
CHANGED FIELDS: null
PREVIOUS: {
  "title": "same"
}
NEW:      {
  "title": "same"
}

[recordHistory: posts/1 - update]
CHANGED FIELDS: ["title","tags"]
PREVIOUS: {
  "title": "old",
  "tags": [
    {
      "id": 1
    }
  ]
}
NEW:      {
  "title": "new",
  "tags": [
    {
      "id": 2
    }
  ]
}

[recordHistory: posts/1 - create]
CHANGED FIELDS: null
PREVIOUS: undefined
NEW:      {
  "title": "new"
}

[recordHistory: posts/1 - update]
CHANGED FIELDS: null
PREVIOUS: {
  "title": "same"
}
NEW:      {
  "title": "same"
}

[recordHistory: posts/1 - update]
CHANGED FIELDS: ["title","tags"]
PREVIOUS: {
  "title": "old",
  "tags": [
    {
      "id": 1
    }
  ]
}
NEW:      {
  "title": "new",
  "tags": [
    {
      "id": 2
    }
  ]
}

[recordHistory: posts/1 - create]
CHANGED FIELDS: null
PREVIOUS: undefined
NEW:      {
  "title": "new"
}

[recordHistory: posts/1 - update]
CHANGED FIELDS: null
PREVIOUS: {
  "title": "same"
}
NEW:      {
  "title": "same"
}

[recordHistory: posts/1 - update]
CHANGED FIELDS: ["title","tags"]
PREVIOUS: {
  "title": "old",
  "tags": [
    {
      "id": 1
    }
  ]
}
NEW:      {
  "title": "new",
  "tags": [
    {
      "id": 2
    }
  ]
}

[recordHistory: posts/1 - create]
CHANGED FIELDS: null
PREVIOUS: undefined
NEW:      {
  "title": "new"
}

[recordHistory: posts/1 - update]
CHANGED FIELDS: null
PREVIOUS: {
  "title": "same"
}
NEW:      {
  "title": "same"
}

[recordHistory: posts/1 - update]
CHANGED FIELDS: ["title","tags"]
PREVIOUS: {
  "title": "old",
  "tags": [
    {
      "id": 1
    }
  ]
}
NEW:      {
  "title": "new",
  "tags": [
    {
      "id": 2
    }
  ]
}

[recordHistory: posts/1 - create]
CHANGED FIELDS: null
PREVIOUS: undefined
NEW:      {
  "title": "new"
}

[recordHistory: posts/1 - update]
CHANGED FIELDS: null
PREVIOUS: {
  "title": "same"
}
NEW:      {
  "title": "same"
}

[recordHistory: posts/1 - update]
CHANGED FIELDS: ["title","tags"]
PREVIOUS: {
  "title": "old",
  "tags": [
    {
      "id": 1
    }
  ]
}
NEW:      {
  "title": "new",
  "tags": [
    {
      "id": 2
    }
  ]
}

[recordHistory: posts/1 - create]
CHANGED FIELDS: null
PREVIOUS: undefined
NEW:      {
  "title": "new"
}

[recordHistory: posts/1 - update]
CHANGED FIELDS: null
PREVIOUS: {
  "title": "same"
}
NEW:      {
  "title": "same"
}

[recordHistory: posts/1 - update]
CHANGED FIELDS: ["title","tags"]
PREVIOUS: {
  "title": "old",
  "tags": [
    {
      "id": 1
    }
  ]
}
NEW:      {
  "title": "new",
  "tags": [
    {
      "id": 2
    }
  ]
}

[recordHistory: posts/1 - create]
CHANGED FIELDS: null
PREVIOUS: undefined
NEW:      {
  "title": "new"
}

[recordHistory: posts/1 - update]
CHANGED FIELDS: null
PREVIOUS: {
  "title": "same"
}
NEW:      {
  "title": "same"
}

[recordHistory: posts/1 - update]
CHANGED FIELDS: ["title","tags"]
PREVIOUS: {
  "title": "old",
  "tags": [
    {
      "id": 1
    }
  ]
}
NEW:      {
  "title": "new",
  "tags": [
    {
      "id": 2
    }
  ]
}

[recordHistory: posts/1 - create]
CHANGED FIELDS: null
PREVIOUS: undefined
NEW:      {
  "title": "new"
}

[recordHistory: posts/1 - update]
CHANGED FIELDS: null
PREVIOUS: {
  "title": "same"
}
NEW:      {
  "title": "same"
}

[recordHistory: posts/1 - update]
CHANGED FIELDS: ["title","tags"]
PREVIOUS: {
  "title": "old",
  "tags": [
    {
      "id": 1
    }
  ]
}
NEW:      {
  "title": "new",
  "tags": [
    {
      "id": 2
    }
  ]
}

[recordHistory: posts/1 - create]
CHANGED FIELDS: null
PREVIOUS: undefined
NEW:      {
  "title": "new"
}

