
> @rebasepro/ui@0.0.1-canary.4d4fb3e build /Users/francesco/rebase/packages/ui
> rm -rf dist || true && vite build && tsc --emitDeclarationOnly -p tsconfig.prod.json

vite v7.3.1 building client environment for production...
transforming...
✓ 3951 modules transformed.
✗ Build failed in 33.56s
error during build:
src/components/DateTimeField.tsx (5:9): "CalendarMonthIcon" is not exported by "src/icons/index.ts", imported by "src/components/DateTimeField.tsx".
file: /Users/francesco/rebase/packages/ui/src/components/DateTimeField.tsx:5:9

3: 
4: import React, { useRef, useState } from "react";
5: import { CalendarMonthIcon, CloseIcon, ErrorIcon } from "../icons";
            ^
6: import { IconButton } from "./IconButton";
7: import { fieldBackgroundDisabledMixin, fieldBackgroundHoverMixin, fieldBackgroundMixin } from "../styles";

    at getRollupError (file:///Users/francesco/rebase/node_modules/rollup/dist/es/shared/parseAst.js:402:41)
    at error (file:///Users/francesco/rebase/node_modules/rollup/dist/es/shared/parseAst.js:398:42)
    at Module.error (file:///Users/francesco/rebase/node_modules/rollup/dist/es/shared/node-entry.js:17040:16)
    at Module.traceVariable (file:///Users/francesco/rebase/node_modules/rollup/dist/es/shared/node-entry.js:17452:29)
    at ModuleScope.findVariable (file:///Users/francesco/rebase/node_modules/rollup/dist/es/shared/node-entry.js:15070:39)
    at ReturnValueScope.findVariable (file:///Users/francesco/rebase/node_modules/rollup/dist/es/shared/node-entry.js:5673:38)
    at FunctionBodyScope.findVariable (file:///Users/francesco/rebase/node_modules/rollup/dist/es/shared/node-entry.js:5673:38)
    at Identifier.bind (file:///Users/francesco/rebase/node_modules/rollup/dist/es/shared/node-entry.js:5447:40)
    at CallExpression.bind (file:///Users/francesco/rebase/node_modules/rollup/dist/es/shared/node-entry.js:2825:28)
    at CallExpression.bind (file:///Users/francesco/rebase/node_modules/rollup/dist/es/shared/node-entry.js:12179:15)
    at Property.bind (file:///Users/francesco/rebase/node_modules/rollup/dist/es/shared/node-entry.js:2829:23)
    at ObjectExpression.bind (file:///Users/francesco/rebase/node_modules/rollup/dist/es/shared/node-entry.js:2825:28)
    at CallExpression.bind (file:///Users/francesco/rebase/node_modules/rollup/dist/es/shared/node-entry.js:2825:28)
    at CallExpression.bind (file:///Users/francesco/rebase/node_modules/rollup/dist/es/shared/node-entry.js:12179:15)
    at ArrayExpression.bind (file:///Users/francesco/rebase/node_modules/rollup/dist/es/shared/node-entry.js:2825:28)
    at Property.bind (file:///Users/francesco/rebase/node_modules/rollup/dist/es/shared/node-entry.js:2829:23)
    at ObjectExpression.bind (file:///Users/francesco/rebase/node_modules/rollup/dist/es/shared/node-entry.js:2825:28)
    at CallExpression.bind (file:///Users/francesco/rebase/node_modules/rollup/dist/es/shared/node-entry.js:2825:28)
    at CallExpression.bind (file:///Users/francesco/rebase/node_modules/rollup/dist/es/shared/node-entry.js:12179:15)
    at ArrayExpression.bind (file:///Users/francesco/rebase/node_modules/rollup/dist/es/shared/node-entry.js:2825:28)
    at Property.bind (file:///Users/francesco/rebase/node_modules/rollup/dist/es/shared/node-entry.js:2829:23)
    at ObjectExpression.bind (file:///Users/francesco/rebase/node_modules/rollup/dist/es/shared/node-entry.js:2825:28)
    at CallExpression.bind (file:///Users/francesco/rebase/node_modules/rollup/dist/es/shared/node-entry.js:2825:28)
    at CallExpression.bind (file:///Users/francesco/rebase/node_modules/rollup/dist/es/shared/node-entry.js:12179:15)
    at ReturnStatement.bind (file:///Users/francesco/rebase/node_modules/rollup/dist/es/shared/node-entry.js:2829:23)
    at BlockStatement.bind (file:///Users/francesco/rebase/node_modules/rollup/dist/es/shared/node-entry.js:2825:28)
    at ArrowFunctionExpression.bind (file:///Users/francesco/rebase/node_modules/rollup/dist/es/shared/node-entry.js:2829:23)
    at VariableDeclarator.bind (file:///Users/francesco/rebase/node_modules/rollup/dist/es/shared/node-entry.js:2829:23)
    at VariableDeclaration.bind (file:///Users/francesco/rebase/node_modules/rollup/dist/es/shared/node-entry.js:2825:28)
    at ExportNamedDeclaration.bind (file:///Users/francesco/rebase/node_modules/rollup/dist/es/shared/node-entry.js:12702:27)
    at Program.bind (file:///Users/francesco/rebase/node_modules/rollup/dist/es/shared/node-entry.js:2825:28)
    at Module.bindReferences (file:///Users/francesco/rebase/node_modules/rollup/dist/es/shared/node-entry.js:17019:18)
    at Graph.sortAndBindModules (file:///Users/francesco/rebase/node_modules/rollup/dist/es/shared/node-entry.js:22866:20)
    at Graph.build (file:///Users/francesco/rebase/node_modules/rollup/dist/es/shared/node-entry.js:22764:14)
    at async file:///Users/francesco/rebase/node_modules/rollup/dist/es/shared/node-entry.js:23455:13
    at async catchUnfinishedHookActions (file:///Users/francesco/rebase/node_modules/rollup/dist/es/shared/node-entry.js:22925:16)
    at async rollupInternal (file:///Users/francesco/rebase/node_modules/rollup/dist/es/shared/node-entry.js:23450:5)
    at async buildEnvironment (file:///Users/francesco/rebase/node_modules/vite/dist/node/chunks/config.js:33541:12)
    at async Object.build (file:///Users/francesco/rebase/node_modules/vite/dist/node/chunks/config.js:33900:19)
    at async Object.buildApp (file:///Users/francesco/rebase/node_modules/vite/dist/node/chunks/config.js:33897:153)
    at async CAC.<anonymous> (file:///Users/francesco/rebase/node_modules/vite/dist/node/cli.js:629:3)
 ELIFECYCLE  Command failed with exit code 1.
