
> @rebasepro/server-postgresql@0.0.1 test /Users/francesco/rebase/packages/server-postgresql
> jest --passWithNoTests test/entityService.subcollection-search.test.ts

  console.warn
    Unrecognized relation format for property 'posts' in collection 'tags'

      186 |     const relation = (sourceCollection.relations ?? []).find((rel: Relation) => rel.relationName === property.relationName)
      187 |     if (!relation) {
    > 188 |         console.warn(`Unrecognized relation format for property '${propertyKey}' in collection '${sourceCollection.slug}'`);
          |                 ^
      189 |         return undefined;
      190 |     }
      191 |

      at resolvePropertyRelation (../common/src/util/relations.ts:188:17)
      at ../common/src/util/relations.ts:154:30
          at Array.forEach (<anonymous>)
      at resolveCollectionRelations (../common/src/util/relations.ts:153:47)
      at EntityFetchService.fetchCollectionFromPath (src/services/EntityFetchService.ts:775:65)
      at EntityFetchService.fetchCollection (src/services/EntityFetchService.ts:722:25)
      at EntityService.fetchCollection (src/services/entityService.ts:70:34)
      at Object.<anonymous> (test/entityService.subcollection-search.test.ts:450:40)

PASS test/entityService.subcollection-search.test.ts
  EntityService - Subcollection Search Tests
    fetchCollection with subcollection search
      ✓ should handle search in one-to-many inverse relation subcollection (3 ms)
      ✓ should handle search in many-to-one owning relation subcollection (1 ms)
      ✓ should handle search in nested subcollection (posts/123/comments)
      ✓ should combine search conditions with existing filters (1 ms)
      ✓ should handle empty search results gracefully
      ✓ should handle search with ordering and pagination (1 ms)
    searchEntities with subcollection paths
      ✓ should handle direct search on subcollection using searchEntities method (1 ms)
    fetchRelatedEntities with search
      ✓ should pass search parameters correctly to fetchEntitiesUsingJoins
    Edge cases and error handling
      ✓ should handle invalid subcollection paths gracefully (15 ms)
      ✓ should handle missing relations gracefully (20 ms)
      ✓ should handle search in collection with no searchable properties
    Performance and optimization
      ✓ should use proper limit when searching (default 50 for search) (1 ms)

Test Suites: 1 passed, 1 total
Tests:       12 passed, 12 total
Snapshots:   0 total
Time:        0.276 s, estimated 1 s
Ran all test suites matching /test\/entityService.subcollection-search.test.ts/i.
